<?xml version="1.0" encoding="ISO-8859-1" ?>
<link_info>
   <banner>TI ARM Linker PC v20.2.7.LTS</banner>
   <copyright>Copyright (c) 1996-2018 Texas Instruments Incorporated</copyright>
   <link_time>0x6721737f</link_time>
   <link_errors>0x0</link_errors>
   <output_file>ilerimikro_kendicalismam_hafta4_ders1.out</output_file>
   <entry_point>
      <name>_c_int00_noargs</name>
      <address>0x1f79</address>
   </entry_point>
   <input_file_list>
      <input_file id="fl-2">
         <path>.\</path>
         <kind>object</kind>
         <file>main.obj</file>
         <name>main.obj</name>
      </input_file>
      <input_file id="fl-3">
         <path>.\</path>
         <kind>object</kind>
         <file>tm4c123gh6pm_startup_ccs.obj</file>
         <name>tm4c123gh6pm_startup_ccs.obj</name>
      </input_file>
      <input_file id="fl-8">
         <kind>object</kind>
         <file>&lt;internal&gt;</file>
         <name>&lt;internal&gt;</name>
      </input_file>
      <input_file id="fl-be">
         <path>C:\ti\ccs1280\ccs\tools\compiler\ti-cgt-arm_20.2.7.LTS\lib\</path>
         <kind>archive</kind>
         <file>rtsv7M4_T_le_v4SPD16_eabi.lib</file>
         <name>copy_zero_init.c.obj</name>
      </input_file>
      <input_file id="fl-bf">
         <path>C:\ti\ccs1280\ccs\tools\compiler\ti-cgt-arm_20.2.7.LTS\lib\</path>
         <kind>archive</kind>
         <file>rtsv7M4_T_le_v4SPD16_eabi.lib</file>
         <name>copy_decompress_none.c.obj</name>
      </input_file>
      <input_file id="fl-c0">
         <path>C:\ti\ccs1280\ccs\tools\compiler\ti-cgt-arm_20.2.7.LTS\lib\</path>
         <kind>archive</kind>
         <file>rtsv7M4_T_le_v4SPD16_eabi.lib</file>
         <name>copy_decompress_lzss.c.obj</name>
      </input_file>
      <input_file id="fl-c1">
         <path>C:\ti\ccs1280\ccs\tools\compiler\ti-cgt-arm_20.2.7.LTS\lib\</path>
         <kind>archive</kind>
         <file>rtsv7M4_T_le_v4SPD16_eabi.lib</file>
         <name>boot_cortex_m.c.obj</name>
      </input_file>
      <input_file id="fl-c2">
         <path>C:\ti\ccs1280\ccs\tools\compiler\ti-cgt-arm_20.2.7.LTS\lib\</path>
         <kind>archive</kind>
         <file>rtsv7M4_T_le_v4SPD16_eabi.lib</file>
         <name>memcpy_t2.asm.obj</name>
      </input_file>
      <input_file id="fl-c3">
         <path>C:\ti\ccs1280\ccs\tools\compiler\ti-cgt-arm_20.2.7.LTS\lib\</path>
         <kind>archive</kind>
         <file>rtsv7M4_T_le_v4SPD16_eabi.lib</file>
         <name>memset_t2.asm.obj</name>
      </input_file>
      <input_file id="fl-c4">
         <path>C:\ti\ccs1280\ccs\tools\compiler\ti-cgt-arm_20.2.7.LTS\lib\</path>
         <kind>archive</kind>
         <file>rtsv7M4_T_le_v4SPD16_eabi.lib</file>
         <name>autoinit.c.obj</name>
      </input_file>
      <input_file id="fl-c5">
         <path>C:\ti\ccs1280\ccs\tools\compiler\ti-cgt-arm_20.2.7.LTS\lib\</path>
         <kind>archive</kind>
         <file>rtsv7M4_T_le_v4SPD16_eabi.lib</file>
         <name>pre_init.c.obj</name>
      </input_file>
      <input_file id="fl-c6">
         <path>C:\ti\ccs1280\ccs\tools\compiler\ti-cgt-arm_20.2.7.LTS\lib\</path>
         <kind>archive</kind>
         <file>rtsv7M4_T_le_v4SPD16_eabi.lib</file>
         <name>cpy_tbl.c.obj</name>
      </input_file>
      <input_file id="fl-c7">
         <path>C:\ti\ccs1280\ccs\tools\compiler\ti-cgt-arm_20.2.7.LTS\lib\</path>
         <kind>archive</kind>
         <file>rtsv7M4_T_le_v4SPD16_eabi.lib</file>
         <name>exit.c.obj</name>
      </input_file>
      <input_file id="fl-c8">
         <path>C:\ti\ccs1280\ccs\tools\compiler\ti-cgt-arm_20.2.7.LTS\lib\</path>
         <kind>archive</kind>
         <file>rtsv7M4_T_le_v4SPD16_eabi.lib</file>
         <name>_lock.c.obj</name>
      </input_file>
      <input_file id="fl-c9">
         <path>C:\ti\ccs1280\ccs\tools\compiler\ti-cgt-arm_20.2.7.LTS\lib\</path>
         <kind>archive</kind>
         <file>rtsv7M4_T_le_v4SPD16_eabi.lib</file>
         <name>args_main.c.obj</name>
      </input_file>
      <input_file id="fl-ca">
         <path>C:\ti\TivaWare_C_Series-2.2.0.295\driverlib\ccs\Debug\</path>
         <kind>archive</kind>
         <file>driverlib.lib</file>
         <name>cpu.obj</name>
      </input_file>
      <input_file id="fl-cb">
         <path>C:\ti\TivaWare_C_Series-2.2.0.295\driverlib\ccs\Debug\</path>
         <kind>archive</kind>
         <file>driverlib.lib</file>
         <name>interrupt.obj</name>
      </input_file>
   </input_file_list>
   <object_component_list>
      <object_component id="oc-12">
         <name>.intvecs</name>
         <load_address>0x0</load_address>
         <run_address>0x0</run_address>
         <size>0x26c</size>
         <input_file_ref idref="fl-3"/>
      </object_component>
      <object_component id="oc-9b">
         <name>.text</name>
         <load_address>0x26c</load_address>
         <run_address>0x26c</run_address>
         <size>0x1bc4</size>
         <input_file_ref idref="fl-2"/>
      </object_component>
      <object_component id="oc-da">
         <name>.text:IntDisable</name>
         <load_address>0x1e30</load_address>
         <run_address>0x1e30</run_address>
         <size>0x68</size>
         <input_file_ref idref="fl-cb"/>
      </object_component>
      <object_component id="oc-d4">
         <name>.text:IntEnable</name>
         <load_address>0x1e98</load_address>
         <run_address>0x1e98</run_address>
         <size>0x68</size>
         <input_file_ref idref="fl-cb"/>
      </object_component>
      <object_component id="oc-10e">
         <name>.text:__TI_auto_init_nobinit_nopinit:__TI_auto_init_nobinit_nopinit</name>
         <load_address>0x1f00</load_address>
         <run_address>0x1f00</run_address>
         <size>0x44</size>
         <input_file_ref idref="fl-c4"/>
      </object_component>
      <object_component id="oc-ce">
         <name>.text:IntRegister</name>
         <load_address>0x1f44</load_address>
         <run_address>0x1f44</run_address>
         <size>0x34</size>
         <input_file_ref idref="fl-cb"/>
      </object_component>
      <object_component id="oc-59">
         <name>.text:_c_int00_noargs:_c_int00_noargs</name>
         <load_address>0x1f78</load_address>
         <run_address>0x1f78</run_address>
         <size>0x34</size>
         <input_file_ref idref="fl-c1"/>
      </object_component>
      <object_component id="oc-47">
         <name>.text:decompress:ZI:__TI_zero_init_nomemset:__TI_zero_init_nomemset</name>
         <load_address>0x1fac</load_address>
         <run_address>0x1fac</run_address>
         <size>0x1c</size>
         <input_file_ref idref="fl-be"/>
      </object_component>
      <object_component id="oc-e0">
         <name>.text:IntUnregister</name>
         <load_address>0x1fc8</load_address>
         <run_address>0x1fc8</run_address>
         <size>0x14</size>
         <input_file_ref idref="fl-cb"/>
      </object_component>
      <object_component id="oc-27">
         <name>.text</name>
         <load_address>0x1fdc</load_address>
         <run_address>0x1fdc</run_address>
         <size>0xc</size>
         <input_file_ref idref="fl-3"/>
      </object_component>
      <object_component id="oc-fb">
         <name>.text:SysCtlDelay</name>
         <load_address>0x1fe8</load_address>
         <run_address>0x1fe8</run_address>
         <size>0x6</size>
         <input_file_ref idref="fl-2"/>
      </object_component>
      <object_component id="oc-ec">
         <name>.text:CPUwfi</name>
         <load_address>0x1fee</load_address>
         <run_address>0x1fee</run_address>
         <size>0x4</size>
         <input_file_ref idref="fl-ca"/>
      </object_component>
      <object_component id="oc-95">
         <name>.text:_system_pre_init</name>
         <load_address>0x1ff2</load_address>
         <run_address>0x1ff2</run_address>
         <size>0x4</size>
         <input_file_ref idref="fl-c5"/>
      </object_component>
      <object_component id="oc-102">
         <name>.text:abort:abort</name>
         <load_address>0x1ff6</load_address>
         <run_address>0x1ff6</run_address>
         <size>0x4</size>
         <input_file_ref idref="fl-c7"/>
      </object_component>
      <object_component id="oc-15c">
         <name>.text:_IntDefaultHandler</name>
         <load_address>0x1ffa</load_address>
         <run_address>0x1ffa</run_address>
         <size>0x2</size>
         <input_file_ref idref="fl-cb"/>
      </object_component>
      <object_component id="oc-f8">
         <name>.const:g_pppui32XTALtoVCO</name>
         <load_address>0x1ffc</load_address>
         <run_address>0x1ffc</run_address>
         <size>0x1b0</size>
         <input_file_ref idref="fl-2"/>
      </object_component>
      <object_component id="oc-cb">
         <name>.const:g_ppui32GPIOIntMapSnowflake</name>
         <load_address>0x21ac</load_address>
         <run_address>0x21ac</run_address>
         <size>0xd8</size>
         <input_file_ref idref="fl-2"/>
      </object_component>
      <object_component id="oc-c8">
         <name>.const:g_ppui32GPIOIntMapBlizzard</name>
         <load_address>0x2284</load_address>
         <run_address>0x2284</run_address>
         <size>0xc0</size>
         <input_file_ref idref="fl-2"/>
      </object_component>
      <object_component id="oc-e6">
         <name>.const:g_pui32GPIOBaseAddrs</name>
         <load_address>0x2344</load_address>
         <run_address>0x2344</run_address>
         <size>0x90</size>
         <input_file_ref idref="fl-2"/>
      </object_component>
      <object_component id="oc-f2">
         <name>.const:g_pui32Xtals</name>
         <load_address>0x23d4</load_address>
         <run_address>0x23d4</run_address>
         <size>0x6c</size>
         <input_file_ref idref="fl-2"/>
      </object_component>
      <object_component id="oc-e9">
         <name>.const:g_sXTALtoMEMTIM</name>
         <load_address>0x2440</load_address>
         <run_address>0x2440</run_address>
         <size>0x30</size>
         <input_file_ref idref="fl-2"/>
      </object_component>
      <object_component id="oc-158">
         <name>.const:g_pui32Dii16Regs</name>
         <load_address>0x2470</load_address>
         <run_address>0x2470</run_address>
         <size>0x14</size>
         <input_file_ref idref="fl-cb"/>
      </object_component>
      <object_component id="oc-154">
         <name>.const:g_pui32EnRegs</name>
         <load_address>0x2484</load_address>
         <run_address>0x2484</run_address>
         <size>0x14</size>
         <input_file_ref idref="fl-cb"/>
      </object_component>
      <object_component id="oc-f5">
         <name>.const:g_pui32VCOFrequencies</name>
         <load_address>0x2498</load_address>
         <run_address>0x2498</run_address>
         <size>0x8</size>
         <input_file_ref idref="fl-2"/>
      </object_component>
      <object_component id="oc-1ff">
         <name>.cinit..vtable.load</name>
         <load_address>0x24a0</load_address>
         <run_address>0x24a0</run_address>
         <size>0x8</size>
      </object_component>
      <object_component id="oc-1fd">
         <name>__TI_handler_table</name>
         <load_address>0x24a8</load_address>
         <run_address>0x24a8</run_address>
         <size>0x4</size>
      </object_component>
      <object_component id="oc-1fe">
         <name>__TI_cinit_table</name>
         <load_address>0x24ac</load_address>
         <run_address>0x24ac</run_address>
         <size>0x8</size>
      </object_component>
      <object_component id="oc-14a">
         <name>.vtable</name>
         <uninitialized>true</uninitialized>
         <run_address>0x20000000</run_address>
         <size>0x26c</size>
         <input_file_ref idref="fl-cb"/>
      </object_component>
      <object_component id="oc-24">
         <name>.stack</name>
         <uninitialized>true</uninitialized>
         <run_address>0x20000270</run_address>
         <size>0x4</size>
         <input_file_ref idref="fl-c1"/>
      </object_component>
      <object_component id="oc-201">
         <name>.stack</name>
         <uninitialized>true</uninitialized>
         <run_address>0x20000270</run_address>
         <size>0x0</size>
      </object_component>
      <object_component id="oc-b7">
         <name>.debug_info</name>
         <load_address>0x0</load_address>
         <run_address>0x0</run_address>
         <size>0x3ff</size>
         <input_file_ref idref="fl-2"/>
      </object_component>
      <object_component id="oc-c9">
         <name>.debug_info</name>
         <load_address>0x3ff</load_address>
         <run_address>0x3ff</run_address>
         <size>0x10b</size>
         <input_file_ref idref="fl-2"/>
      </object_component>
      <object_component id="oc-cc">
         <name>.debug_info</name>
         <load_address>0x50a</load_address>
         <run_address>0x50a</run_address>
         <size>0x10d</size>
         <input_file_ref idref="fl-2"/>
      </object_component>
      <object_component id="oc-e7">
         <name>.debug_info</name>
         <load_address>0x617</load_address>
         <run_address>0x617</run_address>
         <size>0xff</size>
         <input_file_ref idref="fl-2"/>
      </object_component>
      <object_component id="oc-f3">
         <name>.debug_info</name>
         <load_address>0x716</load_address>
         <run_address>0x716</run_address>
         <size>0xef</size>
         <input_file_ref idref="fl-2"/>
      </object_component>
      <object_component id="oc-f9">
         <name>.debug_info</name>
         <load_address>0x805</load_address>
         <run_address>0x805</run_address>
         <size>0xfb</size>
         <input_file_ref idref="fl-2"/>
      </object_component>
      <object_component id="oc-ea">
         <name>.debug_info</name>
         <load_address>0x900</load_address>
         <run_address>0x900</run_address>
         <size>0xf5</size>
         <input_file_ref idref="fl-2"/>
      </object_component>
      <object_component id="oc-f6">
         <name>.debug_info</name>
         <load_address>0x9f5</load_address>
         <run_address>0x9f5</run_address>
         <size>0x102</size>
         <input_file_ref idref="fl-2"/>
      </object_component>
      <object_component id="oc-9c">
         <name>.debug_info</name>
         <load_address>0xaf7</load_address>
         <run_address>0xaf7</run_address>
         <size>0x768d</size>
         <input_file_ref idref="fl-2"/>
      </object_component>
      <object_component id="oc-142">
         <name>.debug_info</name>
         <load_address>0x8184</load_address>
         <run_address>0x8184</run_address>
         <size>0x51</size>
         <input_file_ref idref="fl-2"/>
      </object_component>
      <object_component id="oc-70">
         <name>.debug_info</name>
         <load_address>0x81d5</load_address>
         <run_address>0x81d5</run_address>
         <size>0x26b</size>
         <input_file_ref idref="fl-2"/>
      </object_component>
      <object_component id="oc-b2">
         <name>.debug_info</name>
         <load_address>0x8440</load_address>
         <run_address>0x8440</run_address>
         <size>0x8b</size>
         <input_file_ref idref="fl-2"/>
      </object_component>
      <object_component id="oc-ad">
         <name>.debug_info</name>
         <load_address>0x84cb</load_address>
         <run_address>0x84cb</run_address>
         <size>0x2a4</size>
         <input_file_ref idref="fl-2"/>
      </object_component>
      <object_component id="oc-fd">
         <name>.debug_info</name>
         <load_address>0x876f</load_address>
         <run_address>0x876f</run_address>
         <size>0xef</size>
         <input_file_ref idref="fl-2"/>
      </object_component>
      <object_component id="oc-75">
         <name>.debug_info</name>
         <load_address>0x885e</load_address>
         <run_address>0x885e</run_address>
         <size>0xbb</size>
         <input_file_ref idref="fl-2"/>
      </object_component>
      <object_component id="oc-2f">
         <name>.debug_info</name>
         <load_address>0x8919</load_address>
         <run_address>0x8919</run_address>
         <size>0x2c5</size>
         <input_file_ref idref="fl-3"/>
      </object_component>
      <object_component id="oc-13">
         <name>.debug_info</name>
         <load_address>0x8bde</load_address>
         <run_address>0x8bde</run_address>
         <size>0x104</size>
         <input_file_ref idref="fl-3"/>
      </object_component>
      <object_component id="oc-2b">
         <name>.debug_info</name>
         <load_address>0x8ce2</load_address>
         <run_address>0x8ce2</run_address>
         <size>0x280</size>
         <input_file_ref idref="fl-3"/>
      </object_component>
      <object_component id="oc-36">
         <name>.debug_info</name>
         <load_address>0x8f62</load_address>
         <run_address>0x8f62</run_address>
         <size>0x84</size>
         <input_file_ref idref="fl-3"/>
      </object_component>
      <object_component id="oc-8e">
         <name>.debug_info</name>
         <load_address>0x8fe6</load_address>
         <run_address>0x8fe6</run_address>
         <size>0x2d4</size>
         <input_file_ref idref="fl-be"/>
      </object_component>
      <object_component id="oc-49">
         <name>.debug_info</name>
         <load_address>0x92ba</load_address>
         <run_address>0x92ba</run_address>
         <size>0x1d2</size>
         <input_file_ref idref="fl-be"/>
      </object_component>
      <object_component id="oc-89">
         <name>.debug_info</name>
         <load_address>0x948c</load_address>
         <run_address>0x948c</run_address>
         <size>0x46</size>
         <input_file_ref idref="fl-be"/>
      </object_component>
      <object_component id="oc-bf">
         <name>.debug_info</name>
         <load_address>0x94d2</load_address>
         <run_address>0x94d2</run_address>
         <size>0x2c</size>
         <input_file_ref idref="fl-be"/>
      </object_component>
      <object_component id="oc-25">
         <name>.debug_info</name>
         <load_address>0x94fe</load_address>
         <run_address>0x94fe</run_address>
         <size>0x10b</size>
         <input_file_ref idref="fl-c1"/>
      </object_component>
      <object_component id="oc-5d">
         <name>.debug_info</name>
         <load_address>0x9609</load_address>
         <run_address>0x9609</run_address>
         <size>0x1a9</size>
         <input_file_ref idref="fl-c1"/>
      </object_component>
      <object_component id="oc-179">
         <name>.debug_info</name>
         <load_address>0x97b2</load_address>
         <run_address>0x97b2</run_address>
         <size>0x4b3</size>
         <input_file_ref idref="fl-c4"/>
      </object_component>
      <object_component id="oc-110">
         <name>.debug_info</name>
         <load_address>0x9c65</load_address>
         <run_address>0x9c65</run_address>
         <size>0x1a6</size>
         <input_file_ref idref="fl-c4"/>
      </object_component>
      <object_component id="oc-1b1">
         <name>.debug_info</name>
         <load_address>0x9e0b</load_address>
         <run_address>0x9e0b</run_address>
         <size>0x39</size>
         <input_file_ref idref="fl-c4"/>
      </object_component>
      <object_component id="oc-1c6">
         <name>.debug_info</name>
         <load_address>0x9e44</load_address>
         <run_address>0x9e44</run_address>
         <size>0x39</size>
         <input_file_ref idref="fl-c4"/>
      </object_component>
      <object_component id="oc-1b6">
         <name>.debug_info</name>
         <load_address>0x9e7d</load_address>
         <run_address>0x9e7d</run_address>
         <size>0x39</size>
         <input_file_ref idref="fl-c4"/>
      </object_component>
      <object_component id="oc-1bb">
         <name>.debug_info</name>
         <load_address>0x9eb6</load_address>
         <run_address>0x9eb6</run_address>
         <size>0xcd</size>
         <input_file_ref idref="fl-c4"/>
      </object_component>
      <object_component id="oc-96">
         <name>.debug_info</name>
         <load_address>0x9f83</load_address>
         <run_address>0x9f83</run_address>
         <size>0x153</size>
         <input_file_ref idref="fl-c5"/>
      </object_component>
      <object_component id="oc-104">
         <name>.debug_info</name>
         <load_address>0xa0d6</load_address>
         <run_address>0xa0d6</run_address>
         <size>0x122</size>
         <input_file_ref idref="fl-c7"/>
      </object_component>
      <object_component id="oc-1c2">
         <name>.debug_info</name>
         <load_address>0xa1f8</load_address>
         <run_address>0xa1f8</run_address>
         <size>0x2d7</size>
         <input_file_ref idref="fl-ca"/>
      </object_component>
      <object_component id="oc-ed">
         <name>.debug_info</name>
         <load_address>0xa4cf</load_address>
         <run_address>0xa4cf</run_address>
         <size>0x213</size>
         <input_file_ref idref="fl-ca"/>
      </object_component>
      <object_component id="oc-197">
         <name>.debug_info</name>
         <load_address>0xa6e2</load_address>
         <run_address>0xa6e2</run_address>
         <size>0x26b</size>
         <input_file_ref idref="fl-ca"/>
      </object_component>
      <object_component id="oc-190">
         <name>.debug_info</name>
         <load_address>0xa94d</load_address>
         <run_address>0xa94d</run_address>
         <size>0x297</size>
         <input_file_ref idref="fl-ca"/>
      </object_component>
      <object_component id="oc-14e">
         <name>.debug_info</name>
         <load_address>0xabe4</load_address>
         <run_address>0xabe4</run_address>
         <size>0xbb</size>
         <input_file_ref idref="fl-ca"/>
      </object_component>
      <object_component id="oc-153">
         <name>.debug_info</name>
         <load_address>0xac9f</load_address>
         <run_address>0xac9f</run_address>
         <size>0x3b7</size>
         <input_file_ref idref="fl-cb"/>
      </object_component>
      <object_component id="oc-155">
         <name>.debug_info</name>
         <load_address>0xb056</load_address>
         <run_address>0xb056</run_address>
         <size>0x15b</size>
         <input_file_ref idref="fl-cb"/>
      </object_component>
      <object_component id="oc-159">
         <name>.debug_info</name>
         <load_address>0xb1b1</load_address>
         <run_address>0xb1b1</run_address>
         <size>0x161</size>
         <input_file_ref idref="fl-cb"/>
      </object_component>
      <object_component id="oc-14b">
         <name>.debug_info</name>
         <load_address>0xb312</load_address>
         <run_address>0xb312</run_address>
         <size>0x160</size>
         <input_file_ref idref="fl-cb"/>
      </object_component>
      <object_component id="oc-15f">
         <name>.debug_info</name>
         <load_address>0xb472</load_address>
         <run_address>0xb472</run_address>
         <size>0x22e</size>
         <input_file_ref idref="fl-cb"/>
      </object_component>
      <object_component id="oc-e3">
         <name>.debug_info</name>
         <load_address>0xb6a0</load_address>
         <run_address>0xb6a0</run_address>
         <size>0x279</size>
         <input_file_ref idref="fl-cb"/>
      </object_component>
      <object_component id="oc-d1">
         <name>.debug_info</name>
         <load_address>0xb919</load_address>
         <run_address>0xb919</run_address>
         <size>0x2ca</size>
         <input_file_ref idref="fl-cb"/>
      </object_component>
      <object_component id="oc-d7">
         <name>.debug_info</name>
         <load_address>0xbbe3</load_address>
         <run_address>0xbbe3</run_address>
         <size>0x271</size>
         <input_file_ref idref="fl-cb"/>
      </object_component>
      <object_component id="oc-dd">
         <name>.debug_info</name>
         <load_address>0xbe54</load_address>
         <run_address>0xbe54</run_address>
         <size>0x273</size>
         <input_file_ref idref="fl-cb"/>
      </object_component>
      <object_component id="oc-202">
         <name>.debug_info</name>
         <load_address>0xc0c7</load_address>
         <run_address>0xc0c7</run_address>
         <size>0xb7</size>
      </object_component>
      <object_component id="oc-141">
         <name>.debug_line</name>
         <load_address>0x0</load_address>
         <run_address>0x0</run_address>
         <size>0xc8</size>
         <input_file_ref idref="fl-2"/>
      </object_component>
      <object_component id="oc-147">
         <name>.debug_line</name>
         <load_address>0xc8</load_address>
         <run_address>0xc8</run_address>
         <size>0x56</size>
         <input_file_ref idref="fl-2"/>
      </object_component>
      <object_component id="oc-149">
         <name>.debug_line</name>
         <load_address>0x11e</load_address>
         <run_address>0x11e</run_address>
         <size>0x56</size>
         <input_file_ref idref="fl-2"/>
      </object_component>
      <object_component id="oc-164">
         <name>.debug_line</name>
         <load_address>0x174</load_address>
         <run_address>0x174</run_address>
         <size>0x56</size>
         <input_file_ref idref="fl-2"/>
      </object_component>
      <object_component id="oc-169">
         <name>.debug_line</name>
         <load_address>0x1ca</load_address>
         <run_address>0x1ca</run_address>
         <size>0x58</size>
         <input_file_ref idref="fl-2"/>
      </object_component>
      <object_component id="oc-16d">
         <name>.debug_line</name>
         <load_address>0x222</load_address>
         <run_address>0x222</run_address>
         <size>0x58</size>
         <input_file_ref idref="fl-2"/>
      </object_component>
      <object_component id="oc-166">
         <name>.debug_line</name>
         <load_address>0x27a</load_address>
         <run_address>0x27a</run_address>
         <size>0x58</size>
         <input_file_ref idref="fl-2"/>
      </object_component>
      <object_component id="oc-16b">
         <name>.debug_line</name>
         <load_address>0x2d2</load_address>
         <run_address>0x2d2</run_address>
         <size>0x58</size>
         <input_file_ref idref="fl-2"/>
      </object_component>
      <object_component id="oc-9f">
         <name>.debug_line</name>
         <load_address>0x32a</load_address>
         <run_address>0x32a</run_address>
         <size>0x11b8</size>
         <input_file_ref idref="fl-2"/>
      </object_component>
      <object_component id="oc-144">
         <name>.debug_line</name>
         <load_address>0x14e2</load_address>
         <run_address>0x14e2</run_address>
         <size>0x58</size>
         <input_file_ref idref="fl-2"/>
      </object_component>
      <object_component id="oc-73">
         <name>.debug_line</name>
         <load_address>0x153a</load_address>
         <run_address>0x153a</run_address>
         <size>0x6f</size>
         <input_file_ref idref="fl-2"/>
      </object_component>
      <object_component id="oc-b5">
         <name>.debug_line</name>
         <load_address>0x15a9</load_address>
         <run_address>0x15a9</run_address>
         <size>0x20</size>
         <input_file_ref idref="fl-2"/>
      </object_component>
      <object_component id="oc-b0">
         <name>.debug_line</name>
         <load_address>0x15c9</load_address>
         <run_address>0x15c9</run_address>
         <size>0x73</size>
         <input_file_ref idref="fl-2"/>
      </object_component>
      <object_component id="oc-100">
         <name>.debug_line</name>
         <load_address>0x163c</load_address>
         <run_address>0x163c</run_address>
         <size>0x6f</size>
         <input_file_ref idref="fl-2"/>
      </object_component>
      <object_component id="oc-78">
         <name>.debug_line</name>
         <load_address>0x16ab</load_address>
         <run_address>0x16ab</run_address>
         <size>0x70</size>
         <input_file_ref idref="fl-2"/>
      </object_component>
      <object_component id="oc-6f">
         <name>.debug_line</name>
         <load_address>0x171b</load_address>
         <run_address>0x171b</run_address>
         <size>0x41</size>
         <input_file_ref idref="fl-3"/>
      </object_component>
      <object_component id="oc-2e">
         <name>.debug_line</name>
         <load_address>0x175c</load_address>
         <run_address>0x175c</run_address>
         <size>0x41</size>
         <input_file_ref idref="fl-3"/>
      </object_component>
      <object_component id="oc-28">
         <name>.debug_line</name>
         <load_address>0x179d</load_address>
         <run_address>0x179d</run_address>
         <size>0xa1</size>
         <input_file_ref idref="fl-3"/>
      </object_component>
      <object_component id="oc-39">
         <name>.debug_line</name>
         <load_address>0x183e</load_address>
         <run_address>0x183e</run_address>
         <size>0x20</size>
         <input_file_ref idref="fl-3"/>
      </object_component>
      <object_component id="oc-c5">
         <name>.debug_line</name>
         <load_address>0x185e</load_address>
         <run_address>0x185e</run_address>
         <size>0x92</size>
         <input_file_ref idref="fl-be"/>
      </object_component>
      <object_component id="oc-4c">
         <name>.debug_line</name>
         <load_address>0x18f0</load_address>
         <run_address>0x18f0</run_address>
         <size>0x4c</size>
         <input_file_ref idref="fl-be"/>
      </object_component>
      <object_component id="oc-8c">
         <name>.debug_line</name>
         <load_address>0x193c</load_address>
         <run_address>0x193c</run_address>
         <size>0x34</size>
         <input_file_ref idref="fl-be"/>
      </object_component>
      <object_component id="oc-c2">
         <name>.debug_line</name>
         <load_address>0x1970</load_address>
         <run_address>0x1970</run_address>
         <size>0x92</size>
         <input_file_ref idref="fl-be"/>
      </object_component>
      <object_component id="oc-6c">
         <name>.debug_line</name>
         <load_address>0x1a02</load_address>
         <run_address>0x1a02</run_address>
         <size>0x33</size>
         <input_file_ref idref="fl-c1"/>
      </object_component>
      <object_component id="oc-5b">
         <name>.debug_line</name>
         <load_address>0x1a35</load_address>
         <run_address>0x1a35</run_address>
         <size>0x45</size>
         <input_file_ref idref="fl-c1"/>
      </object_component>
      <object_component id="oc-1b0">
         <name>.debug_line</name>
         <load_address>0x1a7a</load_address>
         <run_address>0x1a7a</run_address>
         <size>0xbf</size>
         <input_file_ref idref="fl-c4"/>
      </object_component>
      <object_component id="oc-10f">
         <name>.debug_line</name>
         <load_address>0x1b39</load_address>
         <run_address>0x1b39</run_address>
         <size>0x6f</size>
         <input_file_ref idref="fl-c4"/>
      </object_component>
      <object_component id="oc-1b4">
         <name>.debug_line</name>
         <load_address>0x1ba8</load_address>
         <run_address>0x1ba8</run_address>
         <size>0x2e</size>
         <input_file_ref idref="fl-c4"/>
      </object_component>
      <object_component id="oc-1c9">
         <name>.debug_line</name>
         <load_address>0x1bd6</load_address>
         <run_address>0x1bd6</run_address>
         <size>0x9a</size>
         <input_file_ref idref="fl-c4"/>
      </object_component>
      <object_component id="oc-1b9">
         <name>.debug_line</name>
         <load_address>0x1c70</load_address>
         <run_address>0x1c70</run_address>
         <size>0x97</size>
         <input_file_ref idref="fl-c4"/>
      </object_component>
      <object_component id="oc-1be">
         <name>.debug_line</name>
         <load_address>0x1d07</load_address>
         <run_address>0x1d07</run_address>
         <size>0x93</size>
         <input_file_ref idref="fl-c4"/>
      </object_component>
      <object_component id="oc-99">
         <name>.debug_line</name>
         <load_address>0x1d9a</load_address>
         <run_address>0x1d9a</run_address>
         <size>0x40</size>
         <input_file_ref idref="fl-c5"/>
      </object_component>
      <object_component id="oc-106">
         <name>.debug_line</name>
         <load_address>0x1dda</load_address>
         <run_address>0x1dda</run_address>
         <size>0x3c</size>
         <input_file_ref idref="fl-c7"/>
      </object_component>
      <object_component id="oc-1d3">
         <name>.debug_line</name>
         <load_address>0x1e16</load_address>
         <run_address>0x1e16</run_address>
         <size>0x20</size>
         <input_file_ref idref="fl-ca"/>
      </object_component>
      <object_component id="oc-f1">
         <name>.debug_line</name>
         <load_address>0x1e36</load_address>
         <run_address>0x1e36</run_address>
         <size>0x8e</size>
         <input_file_ref idref="fl-ca"/>
      </object_component>
      <object_component id="oc-19a">
         <name>.debug_line</name>
         <load_address>0x1ec4</load_address>
         <run_address>0x1ec4</run_address>
         <size>0x71</size>
         <input_file_ref idref="fl-ca"/>
      </object_component>
      <object_component id="oc-193">
         <name>.debug_line</name>
         <load_address>0x1f35</load_address>
         <run_address>0x1f35</run_address>
         <size>0x75</size>
         <input_file_ref idref="fl-ca"/>
      </object_component>
      <object_component id="oc-151">
         <name>.debug_line</name>
         <load_address>0x1faa</load_address>
         <run_address>0x1faa</run_address>
         <size>0x72</size>
         <input_file_ref idref="fl-ca"/>
      </object_component>
      <object_component id="oc-196">
         <name>.debug_line</name>
         <load_address>0x201c</load_address>
         <run_address>0x201c</run_address>
         <size>0x7c</size>
         <input_file_ref idref="fl-cb"/>
      </object_component>
      <object_component id="oc-19d">
         <name>.debug_line</name>
         <load_address>0x2098</load_address>
         <run_address>0x2098</run_address>
         <size>0x82</size>
         <input_file_ref idref="fl-cb"/>
      </object_component>
      <object_component id="oc-19f">
         <name>.debug_line</name>
         <load_address>0x211a</load_address>
         <run_address>0x211a</run_address>
         <size>0x82</size>
         <input_file_ref idref="fl-cb"/>
      </object_component>
      <object_component id="oc-18f">
         <name>.debug_line</name>
         <load_address>0x219c</load_address>
         <run_address>0x219c</run_address>
         <size>0x82</size>
         <input_file_ref idref="fl-cb"/>
      </object_component>
      <object_component id="oc-15d">
         <name>.debug_line</name>
         <load_address>0x221e</load_address>
         <run_address>0x221e</run_address>
         <size>0x97</size>
         <input_file_ref idref="fl-cb"/>
      </object_component>
      <object_component id="oc-e2">
         <name>.debug_line</name>
         <load_address>0x22b5</load_address>
         <run_address>0x22b5</run_address>
         <size>0x97</size>
         <input_file_ref idref="fl-cb"/>
      </object_component>
      <object_component id="oc-cf">
         <name>.debug_line</name>
         <load_address>0x234c</load_address>
         <run_address>0x234c</run_address>
         <size>0xaf</size>
         <input_file_ref idref="fl-cb"/>
      </object_component>
      <object_component id="oc-d6">
         <name>.debug_line</name>
         <load_address>0x23fb</load_address>
         <run_address>0x23fb</run_address>
         <size>0xc2</size>
         <input_file_ref idref="fl-cb"/>
      </object_component>
      <object_component id="oc-dc">
         <name>.debug_line</name>
         <load_address>0x24bd</load_address>
         <run_address>0x24bd</run_address>
         <size>0xc2</size>
         <input_file_ref idref="fl-cb"/>
      </object_component>
      <object_component id="oc-a0">
         <name>.debug_frame</name>
         <load_address>0x0</load_address>
         <run_address>0x0</run_address>
         <size>0xaf8</size>
         <input_file_ref idref="fl-2"/>
      </object_component>
      <object_component id="oc-29">
         <name>.debug_frame</name>
         <load_address>0xaf8</load_address>
         <run_address>0xaf8</run_address>
         <size>0x90</size>
         <input_file_ref idref="fl-3"/>
      </object_component>
      <object_component id="oc-48">
         <name>.debug_frame</name>
         <load_address>0xb88</load_address>
         <run_address>0xb88</run_address>
         <size>0x54</size>
         <input_file_ref idref="fl-be"/>
      </object_component>
      <object_component id="oc-5c">
         <name>.debug_frame</name>
         <load_address>0xbdc</load_address>
         <run_address>0xbdc</run_address>
         <size>0x50</size>
         <input_file_ref idref="fl-c1"/>
      </object_component>
      <object_component id="oc-113">
         <name>.debug_frame</name>
         <load_address>0xc2c</load_address>
         <run_address>0xc2c</run_address>
         <size>0x5c</size>
         <input_file_ref idref="fl-c4"/>
      </object_component>
      <object_component id="oc-9a">
         <name>.debug_frame</name>
         <load_address>0xc88</load_address>
         <run_address>0xc88</run_address>
         <size>0x54</size>
         <input_file_ref idref="fl-c5"/>
      </object_component>
      <object_component id="oc-107">
         <name>.debug_frame</name>
         <load_address>0xcdc</load_address>
         <run_address>0xcdc</run_address>
         <size>0x54</size>
         <input_file_ref idref="fl-c7"/>
      </object_component>
      <object_component id="oc-f0">
         <name>.debug_frame</name>
         <load_address>0xd30</load_address>
         <run_address>0xd30</run_address>
         <size>0x54</size>
         <input_file_ref idref="fl-ca"/>
      </object_component>
      <object_component id="oc-15e">
         <name>.debug_frame</name>
         <load_address>0xd84</load_address>
         <run_address>0xd84</run_address>
         <size>0x54</size>
         <input_file_ref idref="fl-cb"/>
      </object_component>
      <object_component id="oc-e1">
         <name>.debug_frame</name>
         <load_address>0xdd8</load_address>
         <run_address>0xdd8</run_address>
         <size>0x54</size>
         <input_file_ref idref="fl-cb"/>
      </object_component>
      <object_component id="oc-d0">
         <name>.debug_frame</name>
         <load_address>0xe2c</load_address>
         <run_address>0xe2c</run_address>
         <size>0x60</size>
         <input_file_ref idref="fl-cb"/>
      </object_component>
      <object_component id="oc-d5">
         <name>.debug_frame</name>
         <load_address>0xe8c</load_address>
         <run_address>0xe8c</run_address>
         <size>0x54</size>
         <input_file_ref idref="fl-cb"/>
      </object_component>
      <object_component id="oc-db">
         <name>.debug_frame</name>
         <load_address>0xee0</load_address>
         <run_address>0xee0</run_address>
         <size>0x54</size>
         <input_file_ref idref="fl-cb"/>
      </object_component>
      <object_component id="oc-140">
         <name>.debug_abbrev</name>
         <load_address>0x0</load_address>
         <run_address>0x0</run_address>
         <size>0xb4</size>
         <input_file_ref idref="fl-2"/>
      </object_component>
      <object_component id="oc-146">
         <name>.debug_abbrev</name>
         <load_address>0xb4</load_address>
         <run_address>0xb4</run_address>
         <size>0x27</size>
         <input_file_ref idref="fl-2"/>
      </object_component>
      <object_component id="oc-148">
         <name>.debug_abbrev</name>
         <load_address>0xdb</load_address>
         <run_address>0xdb</run_address>
         <size>0x27</size>
         <input_file_ref idref="fl-2"/>
      </object_component>
      <object_component id="oc-163">
         <name>.debug_abbrev</name>
         <load_address>0x102</load_address>
         <run_address>0x102</run_address>
         <size>0x27</size>
         <input_file_ref idref="fl-2"/>
      </object_component>
      <object_component id="oc-168">
         <name>.debug_abbrev</name>
         <load_address>0x129</load_address>
         <run_address>0x129</run_address>
         <size>0x27</size>
         <input_file_ref idref="fl-2"/>
      </object_component>
      <object_component id="oc-16c">
         <name>.debug_abbrev</name>
         <load_address>0x150</load_address>
         <run_address>0x150</run_address>
         <size>0x27</size>
         <input_file_ref idref="fl-2"/>
      </object_component>
      <object_component id="oc-165">
         <name>.debug_abbrev</name>
         <load_address>0x177</load_address>
         <run_address>0x177</run_address>
         <size>0x27</size>
         <input_file_ref idref="fl-2"/>
      </object_component>
      <object_component id="oc-16a">
         <name>.debug_abbrev</name>
         <load_address>0x19e</load_address>
         <run_address>0x19e</run_address>
         <size>0x27</size>
         <input_file_ref idref="fl-2"/>
      </object_component>
      <object_component id="oc-fc">
         <name>.debug_abbrev</name>
         <load_address>0x1c5</load_address>
         <run_address>0x1c5</run_address>
         <size>0x15d</size>
         <input_file_ref idref="fl-2"/>
      </object_component>
      <object_component id="oc-143">
         <name>.debug_abbrev</name>
         <load_address>0x322</load_address>
         <run_address>0x322</run_address>
         <size>0x38</size>
         <input_file_ref idref="fl-2"/>
      </object_component>
      <object_component id="oc-72">
         <name>.debug_abbrev</name>
         <load_address>0x35a</load_address>
         <run_address>0x35a</run_address>
         <size>0x69</size>
         <input_file_ref idref="fl-2"/>
      </object_component>
      <object_component id="oc-b4">
         <name>.debug_abbrev</name>
         <load_address>0x3c3</load_address>
         <run_address>0x3c3</run_address>
         <size>0x1f</size>
         <input_file_ref idref="fl-2"/>
      </object_component>
      <object_component id="oc-af">
         <name>.debug_abbrev</name>
         <load_address>0x3e2</load_address>
         <run_address>0x3e2</run_address>
         <size>0x5c</size>
         <input_file_ref idref="fl-2"/>
      </object_component>
      <object_component id="oc-ff">
         <name>.debug_abbrev</name>
         <load_address>0x43e</load_address>
         <run_address>0x43e</run_address>
         <size>0x24</size>
         <input_file_ref idref="fl-2"/>
      </object_component>
      <object_component id="oc-77">
         <name>.debug_abbrev</name>
         <load_address>0x462</load_address>
         <run_address>0x462</run_address>
         <size>0x24</size>
         <input_file_ref idref="fl-2"/>
      </object_component>
      <object_component id="oc-6e">
         <name>.debug_abbrev</name>
         <load_address>0x486</load_address>
         <run_address>0x486</run_address>
         <size>0x68</size>
         <input_file_ref idref="fl-3"/>
      </object_component>
      <object_component id="oc-2d">
         <name>.debug_abbrev</name>
         <load_address>0x4ee</load_address>
         <run_address>0x4ee</run_address>
         <size>0x29</size>
         <input_file_ref idref="fl-3"/>
      </object_component>
      <object_component id="oc-6d">
         <name>.debug_abbrev</name>
         <load_address>0x517</load_address>
         <run_address>0x517</run_address>
         <size>0x79</size>
         <input_file_ref idref="fl-3"/>
      </object_component>
      <object_component id="oc-38">
         <name>.debug_abbrev</name>
         <load_address>0x590</load_address>
         <run_address>0x590</run_address>
         <size>0x1f</size>
         <input_file_ref idref="fl-3"/>
      </object_component>
      <object_component id="oc-c4">
         <name>.debug_abbrev</name>
         <load_address>0x5af</load_address>
         <run_address>0x5af</run_address>
         <size>0x5d</size>
         <input_file_ref idref="fl-be"/>
      </object_component>
      <object_component id="oc-88">
         <name>.debug_abbrev</name>
         <load_address>0x60c</load_address>
         <run_address>0x60c</run_address>
         <size>0x6f</size>
         <input_file_ref idref="fl-be"/>
      </object_component>
      <object_component id="oc-8b">
         <name>.debug_abbrev</name>
         <load_address>0x67b</load_address>
         <run_address>0x67b</run_address>
         <size>0x24</size>
         <input_file_ref idref="fl-be"/>
      </object_component>
      <object_component id="oc-c1">
         <name>.debug_abbrev</name>
         <load_address>0x69f</load_address>
         <run_address>0x69f</run_address>
         <size>0x24</size>
         <input_file_ref idref="fl-be"/>
      </object_component>
      <object_component id="oc-6b">
         <name>.debug_abbrev</name>
         <load_address>0x6c3</load_address>
         <run_address>0x6c3</run_address>
         <size>0x29</size>
         <input_file_ref idref="fl-c1"/>
      </object_component>
      <object_component id="oc-a4">
         <name>.debug_abbrev</name>
         <load_address>0x6ec</load_address>
         <run_address>0x6ec</run_address>
         <size>0x55</size>
         <input_file_ref idref="fl-c1"/>
      </object_component>
      <object_component id="oc-1af">
         <name>.debug_abbrev</name>
         <load_address>0x741</load_address>
         <run_address>0x741</run_address>
         <size>0xc0</size>
         <input_file_ref idref="fl-c4"/>
      </object_component>
      <object_component id="oc-178">
         <name>.debug_abbrev</name>
         <load_address>0x801</load_address>
         <run_address>0x801</run_address>
         <size>0x7e</size>
         <input_file_ref idref="fl-c4"/>
      </object_component>
      <object_component id="oc-1b3">
         <name>.debug_abbrev</name>
         <load_address>0x87f</load_address>
         <run_address>0x87f</run_address>
         <size>0x24</size>
         <input_file_ref idref="fl-c4"/>
      </object_component>
      <object_component id="oc-1c8">
         <name>.debug_abbrev</name>
         <load_address>0x8a3</load_address>
         <run_address>0x8a3</run_address>
         <size>0x24</size>
         <input_file_ref idref="fl-c4"/>
      </object_component>
      <object_component id="oc-1b8">
         <name>.debug_abbrev</name>
         <load_address>0x8c7</load_address>
         <run_address>0x8c7</run_address>
         <size>0x24</size>
         <input_file_ref idref="fl-c4"/>
      </object_component>
      <object_component id="oc-1bd">
         <name>.debug_abbrev</name>
         <load_address>0x8eb</load_address>
         <run_address>0x8eb</run_address>
         <size>0x4b</size>
         <input_file_ref idref="fl-c4"/>
      </object_component>
      <object_component id="oc-c7">
         <name>.debug_abbrev</name>
         <load_address>0x936</load_address>
         <run_address>0x936</run_address>
         <size>0x55</size>
         <input_file_ref idref="fl-c5"/>
      </object_component>
      <object_component id="oc-16e">
         <name>.debug_abbrev</name>
         <load_address>0x98b</load_address>
         <run_address>0x98b</run_address>
         <size>0x45</size>
         <input_file_ref idref="fl-c7"/>
      </object_component>
      <object_component id="oc-1d2">
         <name>.debug_abbrev</name>
         <load_address>0x9d0</load_address>
         <run_address>0x9d0</run_address>
         <size>0x27</size>
         <input_file_ref idref="fl-ca"/>
      </object_component>
      <object_component id="oc-167">
         <name>.debug_abbrev</name>
         <load_address>0x9f7</load_address>
         <run_address>0x9f7</run_address>
         <size>0x50</size>
         <input_file_ref idref="fl-ca"/>
      </object_component>
      <object_component id="oc-199">
         <name>.debug_abbrev</name>
         <load_address>0xa47</load_address>
         <run_address>0xa47</run_address>
         <size>0x69</size>
         <input_file_ref idref="fl-ca"/>
      </object_component>
      <object_component id="oc-192">
         <name>.debug_abbrev</name>
         <load_address>0xab0</load_address>
         <run_address>0xab0</run_address>
         <size>0x5c</size>
         <input_file_ref idref="fl-ca"/>
      </object_component>
      <object_component id="oc-150">
         <name>.debug_abbrev</name>
         <load_address>0xb0c</load_address>
         <run_address>0xb0c</run_address>
         <size>0x24</size>
         <input_file_ref idref="fl-ca"/>
      </object_component>
      <object_component id="oc-195">
         <name>.debug_abbrev</name>
         <load_address>0xb30</load_address>
         <run_address>0xb30</run_address>
         <size>0x99</size>
         <input_file_ref idref="fl-cb"/>
      </object_component>
      <object_component id="oc-19c">
         <name>.debug_abbrev</name>
         <load_address>0xbc9</load_address>
         <run_address>0xbc9</run_address>
         <size>0x27</size>
         <input_file_ref idref="fl-cb"/>
      </object_component>
      <object_component id="oc-19e">
         <name>.debug_abbrev</name>
         <load_address>0xbf0</load_address>
         <run_address>0xbf0</run_address>
         <size>0x27</size>
         <input_file_ref idref="fl-cb"/>
      </object_component>
      <object_component id="oc-18e">
         <name>.debug_abbrev</name>
         <load_address>0xc17</load_address>
         <run_address>0xc17</run_address>
         <size>0x29</size>
         <input_file_ref idref="fl-cb"/>
      </object_component>
      <object_component id="oc-1a0">
         <name>.debug_abbrev</name>
         <load_address>0xc40</load_address>
         <run_address>0xc40</run_address>
         <size>0x40</size>
         <input_file_ref idref="fl-cb"/>
      </object_component>
      <object_component id="oc-162">
         <name>.debug_abbrev</name>
         <load_address>0xc80</load_address>
         <run_address>0xc80</run_address>
         <size>0x6c</size>
         <input_file_ref idref="fl-cb"/>
      </object_component>
      <object_component id="oc-14d">
         <name>.debug_abbrev</name>
         <load_address>0xcec</load_address>
         <run_address>0xcec</run_address>
         <size>0x6c</size>
         <input_file_ref idref="fl-cb"/>
      </object_component>
      <object_component id="oc-157">
         <name>.debug_abbrev</name>
         <load_address>0xd58</load_address>
         <run_address>0xd58</run_address>
         <size>0x6c</size>
         <input_file_ref idref="fl-cb"/>
      </object_component>
      <object_component id="oc-15b">
         <name>.debug_abbrev</name>
         <load_address>0xdc4</load_address>
         <run_address>0xdc4</run_address>
         <size>0x6c</size>
         <input_file_ref idref="fl-cb"/>
      </object_component>
      <object_component id="oc-203">
         <name>.debug_abbrev</name>
         <load_address>0xe30</load_address>
         <run_address>0xe30</run_address>
         <size>0xf</size>
      </object_component>
      <object_component id="oc-145">
         <name>.debug_str</name>
         <load_address>0x0</load_address>
         <run_address>0x0</run_address>
         <size>0xfc</size>
         <input_file_ref idref="fl-2"/>
      </object_component>
      <object_component id="oc-74">
         <name>.debug_str</name>
         <load_address>0xfc</load_address>
         <run_address>0xfc</run_address>
         <size>0x2c8</size>
         <input_file_ref idref="fl-2"/>
      </object_component>
      <object_component id="oc-b6">
         <name>.debug_str</name>
         <load_address>0x3c4</load_address>
         <run_address>0x3c4</run_address>
         <size>0xfd</size>
         <input_file_ref idref="fl-2"/>
      </object_component>
      <object_component id="oc-b1">
         <name>.debug_str</name>
         <load_address>0x4c1</load_address>
         <run_address>0x4c1</run_address>
         <size>0x35e</size>
         <input_file_ref idref="fl-2"/>
      </object_component>
      <object_component id="oc-101">
         <name>.debug_str</name>
         <load_address>0x81f</load_address>
         <run_address>0x81f</run_address>
         <size>0x1d3</size>
         <input_file_ref idref="fl-2"/>
      </object_component>
      <object_component id="oc-79">
         <name>.debug_str</name>
         <load_address>0x9f2</load_address>
         <run_address>0x9f2</run_address>
         <size>0x160</size>
         <input_file_ref idref="fl-2"/>
      </object_component>
      <object_component id="oc-3a">
         <name>.debug_str</name>
         <load_address>0xb52</load_address>
         <run_address>0xb52</run_address>
         <size>0xfd</size>
         <input_file_ref idref="fl-3"/>
      </object_component>
      <object_component id="oc-8d">
         <name>.debug_str</name>
         <load_address>0xc4f</load_address>
         <run_address>0xc4f</run_address>
         <size>0x105</size>
         <input_file_ref idref="fl-be"/>
      </object_component>
      <object_component id="oc-c3">
         <name>.debug_str</name>
         <load_address>0xd54</load_address>
         <run_address>0xd54</run_address>
         <size>0x140</size>
         <input_file_ref idref="fl-be"/>
      </object_component>
      <object_component id="oc-1b5">
         <name>.debug_str</name>
         <load_address>0xe94</load_address>
         <run_address>0xe94</run_address>
         <size>0xed</size>
         <input_file_ref idref="fl-c4"/>
      </object_component>
      <object_component id="oc-1ca">
         <name>.debug_str</name>
         <load_address>0xf81</load_address>
         <run_address>0xf81</run_address>
         <size>0x157</size>
         <input_file_ref idref="fl-c4"/>
      </object_component>
      <object_component id="oc-1ba">
         <name>.debug_str</name>
         <load_address>0x10d8</load_address>
         <run_address>0x10d8</run_address>
         <size>0x150</size>
         <input_file_ref idref="fl-c4"/>
      </object_component>
      <object_component id="oc-1bf">
         <name>.debug_str</name>
         <load_address>0x1228</load_address>
         <run_address>0x1228</run_address>
         <size>0x197</size>
         <input_file_ref idref="fl-c4"/>
      </object_component>
      <object_component id="oc-19b">
         <name>.debug_str</name>
         <load_address>0x13bf</load_address>
         <run_address>0x13bf</run_address>
         <size>0x2df</size>
         <input_file_ref idref="fl-ca"/>
      </object_component>
      <object_component id="oc-194">
         <name>.debug_str</name>
         <load_address>0x169e</load_address>
         <run_address>0x169e</run_address>
         <size>0x36e</size>
         <input_file_ref idref="fl-ca"/>
      </object_component>
      <object_component id="oc-152">
         <name>.debug_str</name>
         <load_address>0x1a0c</load_address>
         <run_address>0x1a0c</run_address>
         <size>0x177</size>
         <input_file_ref idref="fl-ca"/>
      </object_component>
      <object_component id="oc-9d">
         <name>.debug_aranges</name>
         <load_address>0x0</load_address>
         <run_address>0x0</run_address>
         <size>0x378</size>
         <input_file_ref idref="fl-2"/>
      </object_component>
      <object_component id="oc-2a">
         <name>.debug_aranges</name>
         <load_address>0x378</load_address>
         <run_address>0x378</run_address>
         <size>0x38</size>
         <input_file_ref idref="fl-3"/>
      </object_component>
      <object_component id="oc-4a">
         <name>.debug_aranges</name>
         <load_address>0x3b0</load_address>
         <run_address>0x3b0</run_address>
         <size>0x20</size>
         <input_file_ref idref="fl-be"/>
      </object_component>
      <object_component id="oc-5a">
         <name>.debug_aranges</name>
         <load_address>0x3d0</load_address>
         <run_address>0x3d0</run_address>
         <size>0x20</size>
         <input_file_ref idref="fl-c1"/>
      </object_component>
      <object_component id="oc-112">
         <name>.debug_aranges</name>
         <load_address>0x3f0</load_address>
         <run_address>0x3f0</run_address>
         <size>0x20</size>
         <input_file_ref idref="fl-c4"/>
      </object_component>
      <object_component id="oc-98">
         <name>.debug_aranges</name>
         <load_address>0x410</load_address>
         <run_address>0x410</run_address>
         <size>0x20</size>
         <input_file_ref idref="fl-c5"/>
      </object_component>
      <object_component id="oc-103">
         <name>.debug_aranges</name>
         <load_address>0x430</load_address>
         <run_address>0x430</run_address>
         <size>0x20</size>
         <input_file_ref idref="fl-c7"/>
      </object_component>
      <object_component id="oc-ef">
         <name>.debug_aranges</name>
         <load_address>0x450</load_address>
         <run_address>0x450</run_address>
         <size>0x20</size>
         <input_file_ref idref="fl-ca"/>
      </object_component>
      <object_component id="oc-161">
         <name>.debug_aranges</name>
         <load_address>0x470</load_address>
         <run_address>0x470</run_address>
         <size>0x20</size>
         <input_file_ref idref="fl-cb"/>
      </object_component>
      <object_component id="oc-e5">
         <name>.debug_aranges</name>
         <load_address>0x490</load_address>
         <run_address>0x490</run_address>
         <size>0x20</size>
         <input_file_ref idref="fl-cb"/>
      </object_component>
      <object_component id="oc-d3">
         <name>.debug_aranges</name>
         <load_address>0x4b0</load_address>
         <run_address>0x4b0</run_address>
         <size>0x20</size>
         <input_file_ref idref="fl-cb"/>
      </object_component>
      <object_component id="oc-d9">
         <name>.debug_aranges</name>
         <load_address>0x4d0</load_address>
         <run_address>0x4d0</run_address>
         <size>0x20</size>
         <input_file_ref idref="fl-cb"/>
      </object_component>
      <object_component id="oc-de">
         <name>.debug_aranges</name>
         <load_address>0x4f0</load_address>
         <run_address>0x4f0</run_address>
         <size>0x20</size>
         <input_file_ref idref="fl-cb"/>
      </object_component>
      <object_component id="oc-ca">
         <name>.debug_pubnames</name>
         <load_address>0x0</load_address>
         <run_address>0x0</run_address>
         <size>0x31</size>
         <input_file_ref idref="fl-2"/>
      </object_component>
      <object_component id="oc-cd">
         <name>.debug_pubnames</name>
         <load_address>0x31</load_address>
         <run_address>0x31</run_address>
         <size>0x32</size>
         <input_file_ref idref="fl-2"/>
      </object_component>
      <object_component id="oc-e8">
         <name>.debug_pubnames</name>
         <load_address>0x63</load_address>
         <run_address>0x63</run_address>
         <size>0x2b</size>
         <input_file_ref idref="fl-2"/>
      </object_component>
      <object_component id="oc-f4">
         <name>.debug_pubnames</name>
         <load_address>0x8e</load_address>
         <run_address>0x8e</run_address>
         <size>0x23</size>
         <input_file_ref idref="fl-2"/>
      </object_component>
      <object_component id="oc-fa">
         <name>.debug_pubnames</name>
         <load_address>0xb1</load_address>
         <run_address>0xb1</run_address>
         <size>0x29</size>
         <input_file_ref idref="fl-2"/>
      </object_component>
      <object_component id="oc-eb">
         <name>.debug_pubnames</name>
         <load_address>0xda</load_address>
         <run_address>0xda</run_address>
         <size>0x26</size>
         <input_file_ref idref="fl-2"/>
      </object_component>
      <object_component id="oc-f7">
         <name>.debug_pubnames</name>
         <load_address>0x100</load_address>
         <run_address>0x100</run_address>
         <size>0x2c</size>
         <input_file_ref idref="fl-2"/>
      </object_component>
      <object_component id="oc-9e">
         <name>.debug_pubnames</name>
         <load_address>0x12c</load_address>
         <run_address>0x12c</run_address>
         <size>0x9ef</size>
         <input_file_ref idref="fl-2"/>
      </object_component>
      <object_component id="oc-14">
         <name>.debug_pubnames</name>
         <load_address>0xb1b</load_address>
         <run_address>0xb1b</run_address>
         <size>0x23</size>
         <input_file_ref idref="fl-3"/>
      </object_component>
      <object_component id="oc-2c">
         <name>.debug_pubnames</name>
         <load_address>0xb3e</load_address>
         <run_address>0xb3e</run_address>
         <size>0x4c</size>
         <input_file_ref idref="fl-3"/>
      </object_component>
      <object_component id="oc-4b">
         <name>.debug_pubnames</name>
         <load_address>0xb8a</load_address>
         <run_address>0xb8a</run_address>
         <size>0x2e</size>
         <input_file_ref idref="fl-be"/>
      </object_component>
      <object_component id="oc-26">
         <name>.debug_pubnames</name>
         <load_address>0xbb8</load_address>
         <run_address>0xbb8</run_address>
         <size>0x1e</size>
         <input_file_ref idref="fl-c1"/>
      </object_component>
      <object_component id="oc-5e">
         <name>.debug_pubnames</name>
         <load_address>0xbd6</load_address>
         <run_address>0xbd6</run_address>
         <size>0x26</size>
         <input_file_ref idref="fl-c1"/>
      </object_component>
      <object_component id="oc-111">
         <name>.debug_pubnames</name>
         <load_address>0xbfc</load_address>
         <run_address>0xbfc</run_address>
         <size>0x35</size>
         <input_file_ref idref="fl-c4"/>
      </object_component>
      <object_component id="oc-97">
         <name>.debug_pubnames</name>
         <load_address>0xc31</load_address>
         <run_address>0xc31</run_address>
         <size>0x27</size>
         <input_file_ref idref="fl-c5"/>
      </object_component>
      <object_component id="oc-105">
         <name>.debug_pubnames</name>
         <load_address>0xc58</load_address>
         <run_address>0xc58</run_address>
         <size>0x1c</size>
         <input_file_ref idref="fl-c7"/>
      </object_component>
      <object_component id="oc-ee">
         <name>.debug_pubnames</name>
         <load_address>0xc74</load_address>
         <run_address>0xc74</run_address>
         <size>0x1d</size>
         <input_file_ref idref="fl-ca"/>
      </object_component>
      <object_component id="oc-156">
         <name>.debug_pubnames</name>
         <load_address>0xc91</load_address>
         <run_address>0xc91</run_address>
         <size>0x24</size>
         <input_file_ref idref="fl-cb"/>
      </object_component>
      <object_component id="oc-15a">
         <name>.debug_pubnames</name>
         <load_address>0xcb5</load_address>
         <run_address>0xcb5</run_address>
         <size>0x27</size>
         <input_file_ref idref="fl-cb"/>
      </object_component>
      <object_component id="oc-14c">
         <name>.debug_pubnames</name>
         <load_address>0xcdc</load_address>
         <run_address>0xcdc</run_address>
         <size>0x26</size>
         <input_file_ref idref="fl-cb"/>
      </object_component>
      <object_component id="oc-160">
         <name>.debug_pubnames</name>
         <load_address>0xd02</load_address>
         <run_address>0xd02</run_address>
         <size>0x29</size>
         <input_file_ref idref="fl-cb"/>
      </object_component>
      <object_component id="oc-e4">
         <name>.debug_pubnames</name>
         <load_address>0xd2b</load_address>
         <run_address>0xd2b</run_address>
         <size>0x24</size>
         <input_file_ref idref="fl-cb"/>
      </object_component>
      <object_component id="oc-d2">
         <name>.debug_pubnames</name>
         <load_address>0xd4f</load_address>
         <run_address>0xd4f</run_address>
         <size>0x22</size>
         <input_file_ref idref="fl-cb"/>
      </object_component>
      <object_component id="oc-d8">
         <name>.debug_pubnames</name>
         <load_address>0xd71</load_address>
         <run_address>0xd71</run_address>
         <size>0x20</size>
         <input_file_ref idref="fl-cb"/>
      </object_component>
      <object_component id="oc-df">
         <name>.debug_pubnames</name>
         <load_address>0xd91</load_address>
         <run_address>0xd91</run_address>
         <size>0x21</size>
         <input_file_ref idref="fl-cb"/>
      </object_component>
      <object_component id="oc-71">
         <name>.debug_pubtypes</name>
         <load_address>0x0</load_address>
         <run_address>0x0</run_address>
         <size>0x25c</size>
         <input_file_ref idref="fl-2"/>
      </object_component>
      <object_component id="oc-b3">
         <name>.debug_pubtypes</name>
         <load_address>0x25c</load_address>
         <run_address>0x25c</run_address>
         <size>0xff</size>
         <input_file_ref idref="fl-2"/>
      </object_component>
      <object_component id="oc-ae">
         <name>.debug_pubtypes</name>
         <load_address>0x35b</load_address>
         <run_address>0x35b</run_address>
         <size>0x330</size>
         <input_file_ref idref="fl-2"/>
      </object_component>
      <object_component id="oc-fe">
         <name>.debug_pubtypes</name>
         <load_address>0x68b</load_address>
         <run_address>0x68b</run_address>
         <size>0x12e</size>
         <input_file_ref idref="fl-2"/>
      </object_component>
      <object_component id="oc-76">
         <name>.debug_pubtypes</name>
         <load_address>0x7b9</load_address>
         <run_address>0x7b9</run_address>
         <size>0xaa</size>
         <input_file_ref idref="fl-2"/>
      </object_component>
      <object_component id="oc-37">
         <name>.debug_pubtypes</name>
         <load_address>0x863</load_address>
         <run_address>0x863</run_address>
         <size>0xed</size>
         <input_file_ref idref="fl-3"/>
      </object_component>
      <object_component id="oc-8a">
         <name>.debug_pubtypes</name>
         <load_address>0x950</load_address>
         <run_address>0x950</run_address>
         <size>0x48</size>
         <input_file_ref idref="fl-be"/>
      </object_component>
      <object_component id="oc-c0">
         <name>.debug_pubtypes</name>
         <load_address>0x998</load_address>
         <run_address>0x998</run_address>
         <size>0x1d</size>
         <input_file_ref idref="fl-be"/>
      </object_component>
      <object_component id="oc-1b2">
         <name>.debug_pubtypes</name>
         <load_address>0x9b5</load_address>
         <run_address>0x9b5</run_address>
         <size>0x32</size>
         <input_file_ref idref="fl-c4"/>
      </object_component>
      <object_component id="oc-1c7">
         <name>.debug_pubtypes</name>
         <load_address>0x9e7</load_address>
         <run_address>0x9e7</run_address>
         <size>0x30</size>
         <input_file_ref idref="fl-c4"/>
      </object_component>
      <object_component id="oc-1b7">
         <name>.debug_pubtypes</name>
         <load_address>0xa17</load_address>
         <run_address>0xa17</run_address>
         <size>0x2c</size>
         <input_file_ref idref="fl-c4"/>
      </object_component>
      <object_component id="oc-1bc">
         <name>.debug_pubtypes</name>
         <load_address>0xa43</load_address>
         <run_address>0xa43</run_address>
         <size>0x50</size>
         <input_file_ref idref="fl-c4"/>
      </object_component>
      <object_component id="oc-198">
         <name>.debug_pubtypes</name>
         <load_address>0xa93</load_address>
         <run_address>0xa93</run_address>
         <size>0x25c</size>
         <input_file_ref idref="fl-ca"/>
      </object_component>
      <object_component id="oc-191">
         <name>.debug_pubtypes</name>
         <load_address>0xcef</load_address>
         <run_address>0xcef</run_address>
         <size>0x325</size>
         <input_file_ref idref="fl-ca"/>
      </object_component>
      <object_component id="oc-14f">
         <name>.debug_pubtypes</name>
         <load_address>0x1014</load_address>
         <run_address>0x1014</run_address>
         <size>0xaa</size>
         <input_file_ref idref="fl-ca"/>
      </object_component>
   </object_component_list>
   <logical_group_list>
      <logical_group id="lg-3" display="no" color="cyan">
         <name>.intvecs</name>
         <load_address>0x0</load_address>
         <run_address>0x0</run_address>
         <size>0x26c</size>
         <contents>
            <object_component_ref idref="oc-12"/>
         </contents>
      </logical_group>
      <logical_group id="lg-4" display="no" color="cyan">
         <name>.text</name>
         <load_address>0x26c</load_address>
         <run_address>0x26c</run_address>
         <size>0x1d90</size>
         <contents>
            <object_component_ref idref="oc-9b"/>
            <object_component_ref idref="oc-da"/>
            <object_component_ref idref="oc-d4"/>
            <object_component_ref idref="oc-10e"/>
            <object_component_ref idref="oc-ce"/>
            <object_component_ref idref="oc-59"/>
            <object_component_ref idref="oc-47"/>
            <object_component_ref idref="oc-e0"/>
            <object_component_ref idref="oc-27"/>
            <object_component_ref idref="oc-fb"/>
            <object_component_ref idref="oc-ec"/>
            <object_component_ref idref="oc-95"/>
            <object_component_ref idref="oc-102"/>
            <object_component_ref idref="oc-15c"/>
         </contents>
      </logical_group>
      <logical_group id="lg-5" display="no" color="cyan">
         <name>.const</name>
         <load_address>0x1ffc</load_address>
         <run_address>0x1ffc</run_address>
         <size>0x4a4</size>
         <contents>
            <object_component_ref idref="oc-f8"/>
            <object_component_ref idref="oc-cb"/>
            <object_component_ref idref="oc-c8"/>
            <object_component_ref idref="oc-e6"/>
            <object_component_ref idref="oc-f2"/>
            <object_component_ref idref="oc-e9"/>
            <object_component_ref idref="oc-158"/>
            <object_component_ref idref="oc-154"/>
            <object_component_ref idref="oc-f5"/>
         </contents>
      </logical_group>
      <logical_group id="lg-6" display="no" color="cyan">
         <name>.cinit</name>
         <load_address>0x24a0</load_address>
         <run_address>0x24a0</run_address>
         <size>0x14</size>
         <contents>
            <object_component_ref idref="oc-1ff"/>
            <object_component_ref idref="oc-1fd"/>
            <object_component_ref idref="oc-1fe"/>
         </contents>
      </logical_group>
      <logical_group id="lg-7" display="no" color="cyan">
         <name>.pinit</name>
         <run_address>0x0</run_address>
         <size>0x0</size>
         <contents>
         </contents>
      </logical_group>
      <logical_group id="lg-8" display="no" color="cyan">
         <name>.init_array</name>
         <run_address>0x0</run_address>
         <size>0x0</size>
         <contents>
         </contents>
      </logical_group>
      <logical_group id="lg-9" display="no" color="cyan">
         <name>.vtable</name>
         <run_address>0x20000000</run_address>
         <size>0x26c</size>
         <contents>
            <object_component_ref idref="oc-14a"/>
         </contents>
      </logical_group>
      <logical_group id="lg-a" display="no" color="cyan">
         <name>.data</name>
         <run_address>0x0</run_address>
         <size>0x0</size>
         <contents>
         </contents>
      </logical_group>
      <logical_group id="lg-b" display="no" color="cyan">
         <name>.bss</name>
         <run_address>0x0</run_address>
         <size>0x0</size>
         <contents>
         </contents>
      </logical_group>
      <logical_group id="lg-c" display="no" color="cyan">
         <name>.sysmem</name>
         <run_address>0x0</run_address>
         <size>0x0</size>
         <contents>
         </contents>
      </logical_group>
      <logical_group id="lg-d" display="no" color="cyan">
         <name>.stack</name>
         <run_address>0x20000270</run_address>
         <size>0x200</size>
         <contents>
            <object_component_ref idref="oc-24"/>
            <object_component_ref idref="oc-201"/>
         </contents>
      </logical_group>
      <logical_group id="lg-1d4" display="no" color="cyan">
         <name>.TI.noinit</name>
         <run_address>0x0</run_address>
         <size>0x0</size>
         <contents>
         </contents>
      </logical_group>
      <logical_group id="lg-1d5" display="no" color="cyan">
         <name>.TI.persistent</name>
         <run_address>0x0</run_address>
         <size>0x0</size>
         <contents>
         </contents>
      </logical_group>
      <logical_group id="lg-1d6" display="no" color="cyan">
         <name>__llvm_prf_cnts</name>
         <run_address>0x20000000</run_address>
         <size>0x0</size>
         <contents>
         </contents>
      </logical_group>
      <logical_group id="lg-1e5" display="never" color="cyan">
         <name>.debug_info</name>
         <load_address>0x0</load_address>
         <run_address>0x0</run_address>
         <size>0xc17e</size>
         <contents>
            <object_component_ref idref="oc-b7"/>
            <object_component_ref idref="oc-c9"/>
            <object_component_ref idref="oc-cc"/>
            <object_component_ref idref="oc-e7"/>
            <object_component_ref idref="oc-f3"/>
            <object_component_ref idref="oc-f9"/>
            <object_component_ref idref="oc-ea"/>
            <object_component_ref idref="oc-f6"/>
            <object_component_ref idref="oc-9c"/>
            <object_component_ref idref="oc-142"/>
            <object_component_ref idref="oc-70"/>
            <object_component_ref idref="oc-b2"/>
            <object_component_ref idref="oc-ad"/>
            <object_component_ref idref="oc-fd"/>
            <object_component_ref idref="oc-75"/>
            <object_component_ref idref="oc-2f"/>
            <object_component_ref idref="oc-13"/>
            <object_component_ref idref="oc-2b"/>
            <object_component_ref idref="oc-36"/>
            <object_component_ref idref="oc-8e"/>
            <object_component_ref idref="oc-49"/>
            <object_component_ref idref="oc-89"/>
            <object_component_ref idref="oc-bf"/>
            <object_component_ref idref="oc-25"/>
            <object_component_ref idref="oc-5d"/>
            <object_component_ref idref="oc-179"/>
            <object_component_ref idref="oc-110"/>
            <object_component_ref idref="oc-1b1"/>
            <object_component_ref idref="oc-1c6"/>
            <object_component_ref idref="oc-1b6"/>
            <object_component_ref idref="oc-1bb"/>
            <object_component_ref idref="oc-96"/>
            <object_component_ref idref="oc-104"/>
            <object_component_ref idref="oc-1c2"/>
            <object_component_ref idref="oc-ed"/>
            <object_component_ref idref="oc-197"/>
            <object_component_ref idref="oc-190"/>
            <object_component_ref idref="oc-14e"/>
            <object_component_ref idref="oc-153"/>
            <object_component_ref idref="oc-155"/>
            <object_component_ref idref="oc-159"/>
            <object_component_ref idref="oc-14b"/>
            <object_component_ref idref="oc-15f"/>
            <object_component_ref idref="oc-e3"/>
            <object_component_ref idref="oc-d1"/>
            <object_component_ref idref="oc-d7"/>
            <object_component_ref idref="oc-dd"/>
            <object_component_ref idref="oc-202"/>
         </contents>
      </logical_group>
      <logical_group id="lg-1e7" display="never" color="cyan">
         <name>.debug_line</name>
         <load_address>0x0</load_address>
         <run_address>0x0</run_address>
         <size>0x257f</size>
         <contents>
            <object_component_ref idref="oc-141"/>
            <object_component_ref idref="oc-147"/>
            <object_component_ref idref="oc-149"/>
            <object_component_ref idref="oc-164"/>
            <object_component_ref idref="oc-169"/>
            <object_component_ref idref="oc-16d"/>
            <object_component_ref idref="oc-166"/>
            <object_component_ref idref="oc-16b"/>
            <object_component_ref idref="oc-9f"/>
            <object_component_ref idref="oc-144"/>
            <object_component_ref idref="oc-73"/>
            <object_component_ref idref="oc-b5"/>
            <object_component_ref idref="oc-b0"/>
            <object_component_ref idref="oc-100"/>
            <object_component_ref idref="oc-78"/>
            <object_component_ref idref="oc-6f"/>
            <object_component_ref idref="oc-2e"/>
            <object_component_ref idref="oc-28"/>
            <object_component_ref idref="oc-39"/>
            <object_component_ref idref="oc-c5"/>
            <object_component_ref idref="oc-4c"/>
            <object_component_ref idref="oc-8c"/>
            <object_component_ref idref="oc-c2"/>
            <object_component_ref idref="oc-6c"/>
[...]
         <name>SysCtlFlashSizeGet</name>
         <value>0xf3f</value>
         <object_component_ref idref="oc-9b"/>
      </symbol>
      <symbol id="sm-237">
         <name>SysCtlPeripheralDeepSleepEnable</name>
         <value>0x121d</value>
         <object_component_ref idref="oc-9b"/>
      </symbol>
      <symbol id="sm-238">
         <name>GPIOIntRegister</name>
         <value>0x8f5</value>
         <object_component_ref idref="oc-9b"/>
      </symbol>
      <symbol id="sm-239">
         <name>SysCtlLDODeepSleepGet</name>
         <value>0x13af</value>
         <object_component_ref idref="oc-9b"/>
      </symbol>
      <symbol id="sm-23a">
         <name>GPIOPinConfigure</name>
         <value>0xd79</value>
         <object_component_ref idref="oc-9b"/>
      </symbol>
      <symbol id="sm-23b">
         <name>SysCtlFlashSectorSizeGet</name>
         <value>0xf6b</value>
         <object_component_ref idref="oc-9b"/>
      </symbol>
      <symbol id="sm-23c">
         <name>GPIOPinTypeGPIOOutputOD</name>
         <value>0xb25</value>
         <object_component_ref idref="oc-9b"/>
      </symbol>
      <symbol id="sm-23d">
         <name>GPIOPinTypeI2CSCL</name>
         <value>0xb91</value>
         <object_component_ref idref="oc-9b"/>
      </symbol>
      <symbol id="sm-23e">
         <name>SysCtlIntDisable</name>
         <value>0x1349</value>
         <object_component_ref idref="oc-9b"/>
      </symbol>
      <symbol id="sm-23f">
         <name>SysCtlResetBehaviorGet</name>
         <value>0x1495</value>
         <object_component_ref idref="oc-9b"/>
      </symbol>
      <symbol id="sm-240">
         <name>GPIOPinTypeUSBAnalog</name>
         <value>0xcd5</value>
         <object_component_ref idref="oc-9b"/>
      </symbol>
      <symbol id="sm-241">
         <name>GPIOIntDisable</name>
         <value>0x8a5</value>
         <object_component_ref idref="oc-9b"/>
      </symbol>
      <symbol id="sm-242">
         <name>SysCtlPeripheralPresent</name>
         <value>0xf91</value>
         <object_component_ref idref="oc-9b"/>
      </symbol>
      <symbol id="sm-243">
         <name>GPIODirModeGet</name>
         <value>0x327</value>
         <object_component_ref idref="oc-9b"/>
      </symbol>
      <symbol id="sm-244">
         <name>SysCtlDeepSleepClockSet</name>
         <value>0x1b4f</value>
         <object_component_ref idref="oc-9b"/>
      </symbol>
      <symbol id="sm-245">
         <name>SysCtlClockSet</name>
         <value>0x17dd</value>
         <object_component_ref idref="oc-9b"/>
      </symbol>
      <symbol id="sm-246">
         <name>GPIOPinTypeTrace</name>
         <value>0xc8d</value>
         <object_component_ref idref="oc-9b"/>
      </symbol>
      <symbol id="sm-247">
         <name>SysCtlAltClkConfig</name>
         <value>0x1db9</value>
         <object_component_ref idref="oc-9b"/>
      </symbol>
      <symbol id="sm-248">
         <name>SysCtlPeripheralClockGating</name>
         <value>0x12b5</value>
         <object_component_ref idref="oc-9b"/>
      </symbol>
      <symbol id="sm-249">
         <name>GPIOPinTypeWakeHigh</name>
         <value>0xd1d</value>
         <object_component_ref idref="oc-9b"/>
      </symbol>
      <symbol id="sm-24a">
         <name>SysCtlIntStatus</name>
         <value>0x136d</value>
         <object_component_ref idref="oc-9b"/>
      </symbol>
      <symbol id="sm-24b">
         <name>GPIOPinTypeWakeLow</name>
         <value>0xd43</value>
         <object_component_ref idref="oc-9b"/>
      </symbol>
      <symbol id="sm-24c">
         <name>SysCtlIntClear</name>
         <value>0x135d</value>
         <object_component_ref idref="oc-9b"/>
      </symbol>
      <symbol id="sm-24d">
         <name>SysCtlVoltageEventStatus</name>
         <value>0x1c8d</value>
         <object_component_ref idref="oc-9b"/>
      </symbol>
      <symbol id="sm-24e">
         <name>SysCtlVoltageEventConfig</name>
         <value>0x1c7d</value>
         <object_component_ref idref="oc-9b"/>
      </symbol>
      <symbol id="sm-24f">
         <name>SysCtlResetCauseGet</name>
         <value>0x1405</value>
         <object_component_ref idref="oc-9b"/>
      </symbol>
      <symbol id="sm-250">
         <name>SysCtlSleep</name>
         <value>0x13e1</value>
         <object_component_ref idref="oc-9b"/>
      </symbol>
      <symbol id="sm-251">
         <name>GPIOIntEnable</name>
         <value>0x881</value>
         <object_component_ref idref="oc-9b"/>
      </symbol>
      <symbol id="sm-252">
         <name>SysCtlPWMClockGet</name>
         <value>0x1c11</value>
         <object_component_ref idref="oc-9b"/>
      </symbol>
      <symbol id="sm-253">
         <name>SysCtlDeepSleepPowerSet</name>
         <value>0x13c9</value>
         <object_component_ref idref="oc-9b"/>
      </symbol>
      <symbol id="sm-254">
         <name>SysCtlClockOutConfig</name>
         <value>0x1d9d</value>
         <object_component_ref idref="oc-9b"/>
      </symbol>
      <symbol id="sm-255">
         <name>GPIOPinTypeI2C</name>
         <value>0xb6d</value>
         <object_component_ref idref="oc-9b"/>
      </symbol>
      <symbol id="sm-256">
         <name>GPIOPinTypeUSBDigital</name>
         <value>0xcf9</value>
         <object_component_ref idref="oc-9b"/>
      </symbol>
      <symbol id="sm-257">
         <name>GPIOIntTypeSet</name>
         <value>0x373</value>
         <object_component_ref idref="oc-9b"/>
      </symbol>
      <symbol id="sm-258">
         <name>GPIOPinTypeADC</name>
         <value>0x9b7</value>
         <object_component_ref idref="oc-9b"/>
      </symbol>
      <symbol id="sm-259">
         <name>SysCtlNMIStatus</name>
         <value>0x1d69</value>
         <object_component_ref idref="oc-9b"/>
      </symbol>
      <symbol id="sm-25a">
         <name>GPIODMATriggerDisable</name>
         <value>0xdf5</value>
         <object_component_ref idref="oc-9b"/>
      </symbol>
      <symbol id="sm-25b">
         <name>SysCtlDeepSleepClockConfigSet</name>
         <value>0x1b6d</value>
         <object_component_ref idref="oc-9b"/>
      </symbol>
      <symbol id="sm-25c">
         <name>SysCtlDelay</name>
         <value>0x1fe9</value>
         <object_component_ref idref="oc-fb"/>
      </symbol>
      <symbol id="sm-25d">
         <name>GPIOPinTypeGPIOInput</name>
         <value>0xad7</value>
         <object_component_ref idref="oc-9b"/>
      </symbol>
      <symbol id="sm-25e">
         <name>SysCtlVoltageEventClear</name>
         <value>0x1c99</value>
         <object_component_ref idref="oc-9b"/>
      </symbol>
      <symbol id="sm-25f">
         <name>SysCtlLDOSleepSet</name>
         <value>0x1389</value>
         <object_component_ref idref="oc-9b"/>
      </symbol>
      <symbol id="sm-260">
         <name>SysCtlMOSCConfigSet</name>
         <value>0x141f</value>
         <object_component_ref idref="oc-9b"/>
      </symbol>
      <symbol id="sm-261">
         <name>SysCtlPeripheralEnable</name>
         <value>0x1119</value>
         <object_component_ref idref="oc-9b"/>
      </symbol>
      <symbol id="sm-262">
         <name>SysCtlIntEnable</name>
         <value>0x1331</value>
         <object_component_ref idref="oc-9b"/>
      </symbol>
      <symbol id="sm-263">
         <name>SysCtlNMIClear</name>
         <value>0x1d81</value>
         <object_component_ref idref="oc-9b"/>
      </symbol>
      <symbol id="sm-264">
         <name>GPIOIntUnregisterPin</name>
         <value>0x95b</value>
         <object_component_ref idref="oc-9b"/>
      </symbol>
      <symbol id="sm-265">
         <name>SysCtlPeripheralPowerOff</name>
         <value>0x104d</value>
         <object_component_ref idref="oc-9b"/>
      </symbol>
      <symbol id="sm-266">
         <name>GPIOIntUnregister</name>
         <value>0x913</value>
         <object_component_ref idref="oc-9b"/>
      </symbol>
      <symbol id="sm-267">
         <name>SysCtlSleepPowerSet</name>
         <value>0x13b5</value>
         <object_component_ref idref="oc-9b"/>
      </symbol>
      <symbol id="sm-268">
         <name>GPIOPinTypeComparator</name>
         <value>0x9ff</value>
         <object_component_ref idref="oc-9b"/>
      </symbol>
      <symbol id="sm-269">
         <name>main</name>
         <value>0x1dc9</value>
         <object_component_ref idref="oc-9b"/>
      </symbol>
      <symbol id="sm-26a">
         <name>GPIOPinTypeComparatorOutput</name>
         <value>0xa23</value>
         <object_component_ref idref="oc-9b"/>
      </symbol>
      <symbol id="sm-26b">
         <name>GPIOPadConfigGet</name>
         <value>0x70f</value>
         <object_component_ref idref="oc-9b"/>
      </symbol>
      <symbol id="sm-26c">
         <name>SysCtlDeepSleep</name>
         <value>0x13e9</value>
         <object_component_ref idref="oc-9b"/>
      </symbol>
      <symbol id="sm-26d">
         <name>SysCtlLDODeepSleepSet</name>
         <value>0x139f</value>
         <object_component_ref idref="oc-9b"/>
      </symbol>
      <symbol id="sm-26e">
         <name>SysCtlPeripheralPowerOn</name>
         <value>0x1011</value>
         <object_component_ref idref="oc-9b"/>
      </symbol>
      <symbol id="sm-26f">
         <name>SysCtlPeripheralDeepSleepDisable</name>
         <value>0x1271</value>
         <object_component_ref idref="oc-9b"/>
      </symbol>
      <symbol id="sm-270">
         <name>GPIOPinTypeOneWire</name>
         <value>0xbd9</value>
         <object_component_ref idref="oc-9b"/>
      </symbol>
      <symbol id="sm-271">
         <name>GPIOIntClear</name>
         <value>0x8e1</value>
         <object_component_ref idref="oc-9b"/>
      </symbol>
      <symbol id="sm-272">
         <name>GPIOADCTriggerEnable</name>
         <value>0xe13</value>
         <object_component_ref idref="oc-9b"/>
      </symbol>
      <symbol id="sm-273">
         <name>SysCtlPeripheralSleepDisable</name>
         <value>0x11e1</value>
         <object_component_ref idref="oc-9b"/>
      </symbol>
      <symbol id="sm-274">
         <name>GPIOADCTriggerDisable</name>
         <value>0xe31</value>
         <object_component_ref idref="oc-9b"/>
      </symbol>
      <symbol id="sm-275">
         <name>SysCtlVCOGet</name>
         <value>0x1cb1</value>
         <object_component_ref idref="oc-9b"/>
      </symbol>
      <symbol id="sm-276">
         <name>GPIOPinTypeUART</name>
         <value>0xcb1</value>
         <object_component_ref idref="oc-9b"/>
      </symbol>
      <symbol id="sm-277">
         <name>SysCtlResetBehaviorSet</name>
         <value>0x1485</value>
         <object_component_ref idref="oc-9b"/>
      </symbol>
      <symbol id="sm-278">
         <name>SysCtlReset</name>
         <value>0x13d9</value>
         <object_component_ref idref="oc-9b"/>
      </symbol>
      <symbol id="sm-279">
         <name>GPIOIntRegisterPin</name>
         <value>0x92d</value>
         <object_component_ref idref="oc-9b"/>
      </symbol>
      <symbol id="sm-27a">
         <name>GPIOIntStatus</name>
         <value>0x8bf</value>
         <object_component_ref idref="oc-9b"/>
      </symbol>
      <symbol id="sm-27b">
         <name>GPIOPinTypeDIVSCLK</name>
         <value>0xa47</value>
         <object_component_ref idref="oc-9b"/>
      </symbol>
      <symbol id="sm-27c">
         <name>GPIOPinTypeGPIOOutput</name>
         <value>0xafb</value>
         <object_component_ref idref="oc-9b"/>
      </symbol>
      <symbol id="sm-27d">
         <name>GPIOIntTypeGet</name>
         <value>0x417</value>
         <object_component_ref idref="oc-9b"/>
      </symbol>
      <symbol id="sm-27e">
         <name>GPIOPinRead</name>
         <value>0x97f</value>
         <object_component_ref idref="oc-9b"/>
      </symbol>
      <symbol id="sm-27f">
         <name>GPIODirModeSet</name>
         <value>0x2cb</value>
         <object_component_ref idref="oc-9b"/>
      </symbol>
      <symbol id="sm-280">
         <name>SysCtlGPIOAHBDisable</name>
         <value>0x1c43</value>
         <object_component_ref idref="oc-9b"/>
      </symbol>
      <symbol id="sm-281">
         <name>SysCtlSRAMSizeGet</name>
         <value>0xf35</value>
         <object_component_ref idref="oc-9b"/>
      </symbol>
      <symbol id="sm-282">
         <name>SysCtlClockGet</name>
         <value>0x19ad</value>
         <object_component_ref idref="oc-9b"/>
      </symbol>
      <symbol id="sm-283">
         <name>SysCtlPeripheralDisable</name>
         <value>0x1159</value>
         <object_component_ref idref="oc-9b"/>
      </symbol>
      <symbol id="sm-284">
         <name>GPIOPinTypeQEI</name>
         <value>0xc21</value>
         <object_component_ref idref="oc-9b"/>
      </symbol>
      <symbol id="sm-285">
         <name>GPIOPinTypeHibernateRTCCLK</name>
         <value>0xb49</value>
         <object_component_ref idref="oc-9b"/>
      </symbol>
      <symbol id="sm-286">
         <name>GPIODMATriggerEnable</name>
         <value>0xdd7</value>
         <object_component_ref idref="oc-9b"/>
      </symbol>
      <symbol id="sm-287">
         <name>GPIOPinTypeEthernetMII</name>
         <value>0xab3</value>
         <object_component_ref idref="oc-9b"/>
      </symbol>
      <symbol id="sm-288">
         <name>GPIOPinWrite</name>
         <value>0x997</value>
         <object_component_ref idref="oc-9b"/>
      </symbol>
      <symbol id="sm-289">
         <name>SysCtlPWMClockSet</name>
         <value>0x1bf7</value>
         <object_component_ref idref="oc-9b"/>
      </symbol>
      <symbol id="sm-28a">
         <name>GPIOPadConfigSet</name>
         <value>0x4a1</value>
         <object_component_ref idref="oc-9b"/>
      </symbol>
      <symbol id="sm-28b">
         <name>GPIOPinTypeLCD</name>
         <value>0xbb5</value>
         <object_component_ref idref="oc-9b"/>
      </symbol>
      <symbol id="sm-28c">
         <name>GPIOPinTypeSSI</name>
         <value>0xc45</value>
         <object_component_ref idref="oc-9b"/>
      </symbol>
      <symbol id="sm-28d">
         <name>SysCtlUSBPLLEnable</name>
         <value>0x1c5f</value>
         <object_component_ref idref="oc-9b"/>
      </symbol>
      <symbol id="sm-28e">
         <name>SysCtlPeripheralSleepEnable</name>
         <value>0x119d</value>
         <object_component_ref idref="oc-9b"/>
      </symbol>
      <symbol id="sm-28f">
         <name>SysCtlIntUnregister</name>
         <value>0x1321</value>
         <object_component_ref idref="oc-9b"/>
      </symbol>
      <symbol id="sm-290">
         <name>GPIOPinTypeTimer</name>
         <value>0xc69</value>
         <object_component_ref idref="oc-9b"/>
      </symbol>
      <symbol id="sm-291">
         <name>GPIOPinTypeCAN</name>
         <value>0x9db</value>
         <object_component_ref idref="oc-9b"/>
      </symbol>
      <symbol id="sm-292">
         <name>SysCtlUSBPLLDisable</name>
         <value>0x1c6b</value>
         <object_component_ref idref="oc-9b"/>
      </symbol>
      <symbol id="sm-293">
         <name>SysCtlPeripheralReady</name>
         <value>0xfd1</value>
         <object_component_ref idref="oc-9b"/>
      </symbol>
      <symbol id="sm-294">
         <name>SysCtlPIOSCCalibrate</name>
         <value>0x1435</value>
         <object_component_ref idref="oc-9b"/>
      </symbol>
      <symbol id="sm-295">
         <name>SysCtlResetCauseClear</name>
         <value>0x140b</value>
         <object_component_ref idref="oc-9b"/>
      </symbol>
      <symbol id="sm-296">
         <name>SysCtlLDOSleepGet</name>
         <value>0x1399</value>
         <object_component_ref idref="oc-9b"/>
      </symbol>
      <symbol id="sm-297">
         <name>SysCtlClockFreqSet</name>
         <value>0x14e5</value>
         <object_component_ref idref="oc-9b"/>
      </symbol>
      <symbol id="sm-298">
         <name>SysCtlPeripheralReset</name>
         <value>0x1091</value>
         <object_component_ref idref="oc-9b"/>
      </symbol>
      <symbol id="sm-299">
         <name>GPIOPinTypeEPI</name>
         <value>0xa6b</value>
         <object_component_ref idref="oc-9b"/>
      </symbol>
      <symbol id="sm-29a">
         <name>GPIOPinTypeEthernetLED</name>
         <value>0xa8f</value>
         <object_component_ref idref="oc-9b"/>
      </symbol>
      <symbol id="sm-29b">
         <name>GPIOUnlockPin</name>
         <value>0xe4f</value>
         <object_component_ref idref="oc-9b"/>
      </symbol>
      <symbol id="sm-29c">
         <name>GPIOPinWakeStatus</name>
         <value>0xd69</value>
         <object_component_ref idref="oc-9b"/>
      </symbol>
      <symbol id="sm-2bd">
         <name>ResetISR</name>
         <value>0x1fdd</value>
         <object_component_ref idref="oc-27"/>
      </symbol>
      <symbol id="sm-2be">
         <name>g_pfnVectors</name>
         <value>0x0</value>
         <object_component_ref idref="oc-12"/>
      </symbol>
      <symbol id="sm-2d7">
         <name>__TI_zero_init_nomemset</name>
         <value>0x1fad</value>
         <object_component_ref idref="oc-47"/>
      </symbol>
      <symbol id="sm-2ec">
         <name>__stack</name>
         <value>0x20000270</value>
         <object_component_ref idref="oc-24"/>
      </symbol>
      <symbol id="sm-2ed">
         <name>_c_int00_noargs</name>
         <value>0x1f79</value>
         <object_component_ref idref="oc-59"/>
      </symbol>
      <symbol id="sm-317">
         <name>__TI_auto_init_nobinit_nopinit</name>
         <value>0x1f01</value>
         <object_component_ref idref="oc-10e"/>
      </symbol>
      <symbol id="sm-321">
         <name>_system_pre_init</name>
         <value>0x1ff3</value>
         <object_component_ref idref="oc-95"/>
      </symbol>
      <symbol id="sm-32d">
         <name>C$$EXIT</name>
         <value>0x1ff7</value>
         <object_component_ref idref="oc-102"/>
      </symbol>
      <symbol id="sm-32e">
         <name>abort</name>
         <value>0x1ff7</value>
         <object_component_ref idref="oc-102"/>
      </symbol>
      <symbol id="sm-34c">
         <name>CPUwfi</name>
         <value>0x1fef</value>
         <object_component_ref idref="oc-ec"/>
      </symbol>
      <symbol id="sm-3ac">
         <name>IntEnable</name>
         <value>0x1e99</value>
         <object_component_ref idref="oc-d4"/>
      </symbol>
      <symbol id="sm-3ad">
         <name>IntDisable</name>
         <value>0x1e31</value>
         <object_component_ref idref="oc-da"/>
      </symbol>
      <symbol id="sm-3ae">
         <name>IntRegister</name>
         <value>0x1f45</value>
         <object_component_ref idref="oc-ce"/>
      </symbol>
      <symbol id="sm-3af">
         <name>IntUnregister</name>
         <value>0x1fc9</value>
         <object_component_ref idref="oc-e0"/>
      </symbol>
      <symbol id="sm-3b0">
         <name>g_pfnRAMVectors</name>
         <value>0x20000000</value>
         <object_component_ref idref="oc-14a"/>
      </symbol>
      <symbol id="sm-3b1">
         <name>__TI_static_base__</name>
         <value>0x0</value>
      </symbol>
      <symbol id="sm-3b3">
         <name>__mpu_init</name>
         <value>0x0</value>
      </symbol>
      <symbol id="sm-3b4">
         <name>_system_post_cinit</name>
         <value>0x0</value>
      </symbol>
   </symbol_table>
   <title>Link successful</title>
</link_info>
