<?xml version="1.0" encoding="ISO-8859-1" ?>
<link_info>
   <banner>TI ARM Linker PC v20.2.7.LTS</banner>
   <copyright>Copyright (c) 1996-2018 Texas Instruments Incorporated</copyright>
   <link_time>0x6731dad0</link_time>
   <link_errors>0x0</link_errors>
   <output_file>ledkodudeneme3.out</output_file>
   <entry_point>
      <name>_c_int00_noargs</name>
      <address>0x21d1</address>
   </entry_point>
   <input_file_list>
      <input_file id="fl-2">
         <path>.\</path>
         <kind>object</kind>
         <file>lcd.obj</file>
         <name>lcd.obj</name>
      </input_file>
      <input_file id="fl-3">
         <path>.\</path>
         <kind>object</kind>
         <file>main.obj</file>
         <name>main.obj</name>
      </input_file>
      <input_file id="fl-4">
         <path>.\</path>
         <kind>object</kind>
         <file>tm4c123gh6pm_startup_ccs.obj</file>
         <name>tm4c123gh6pm_startup_ccs.obj</name>
      </input_file>
      <input_file id="fl-9">
         <kind>object</kind>
         <file>&lt;internal&gt;</file>
         <name>&lt;internal&gt;</name>
      </input_file>
      <input_file id="fl-bf">
         <path>C:\ti\ccs1280\ccs\tools\compiler\ti-cgt-arm_20.2.7.LTS\lib\</path>
         <kind>archive</kind>
         <file>rtsv7M4_T_le_v4SPD16_eabi.lib</file>
         <name>copy_zero_init.c.obj</name>
      </input_file>
      <input_file id="fl-c0">
         <path>C:\ti\ccs1280\ccs\tools\compiler\ti-cgt-arm_20.2.7.LTS\lib\</path>
         <kind>archive</kind>
         <file>rtsv7M4_T_le_v4SPD16_eabi.lib</file>
         <name>copy_decompress_none.c.obj</name>
      </input_file>
      <input_file id="fl-c1">
         <path>C:\ti\ccs1280\ccs\tools\compiler\ti-cgt-arm_20.2.7.LTS\lib\</path>
         <kind>archive</kind>
         <file>rtsv7M4_T_le_v4SPD16_eabi.lib</file>
         <name>copy_decompress_lzss.c.obj</name>
      </input_file>
      <input_file id="fl-c2">
         <path>C:\ti\ccs1280\ccs\tools\compiler\ti-cgt-arm_20.2.7.LTS\lib\</path>
         <kind>archive</kind>
         <file>rtsv7M4_T_le_v4SPD16_eabi.lib</file>
         <name>boot_cortex_m.c.obj</name>
      </input_file>
      <input_file id="fl-c3">
         <path>C:\ti\ccs1280\ccs\tools\compiler\ti-cgt-arm_20.2.7.LTS\lib\</path>
         <kind>archive</kind>
         <file>rtsv7M4_T_le_v4SPD16_eabi.lib</file>
         <name>memcpy_t2.asm.obj</name>
      </input_file>
      <input_file id="fl-c4">
         <path>C:\ti\ccs1280\ccs\tools\compiler\ti-cgt-arm_20.2.7.LTS\lib\</path>
         <kind>archive</kind>
         <file>rtsv7M4_T_le_v4SPD16_eabi.lib</file>
         <name>memset_t2.asm.obj</name>
      </input_file>
      <input_file id="fl-c5">
         <path>C:\ti\ccs1280\ccs\tools\compiler\ti-cgt-arm_20.2.7.LTS\lib\</path>
         <kind>archive</kind>
         <file>rtsv7M4_T_le_v4SPD16_eabi.lib</file>
         <name>autoinit.c.obj</name>
      </input_file>
      <input_file id="fl-c6">
         <path>C:\ti\ccs1280\ccs\tools\compiler\ti-cgt-arm_20.2.7.LTS\lib\</path>
         <kind>archive</kind>
         <file>rtsv7M4_T_le_v4SPD16_eabi.lib</file>
         <name>pre_init.c.obj</name>
      </input_file>
      <input_file id="fl-c7">
         <path>C:\ti\ccs1280\ccs\tools\compiler\ti-cgt-arm_20.2.7.LTS\lib\</path>
         <kind>archive</kind>
         <file>rtsv7M4_T_le_v4SPD16_eabi.lib</file>
         <name>cpy_tbl.c.obj</name>
      </input_file>
      <input_file id="fl-c8">
         <path>C:\ti\ccs1280\ccs\tools\compiler\ti-cgt-arm_20.2.7.LTS\lib\</path>
         <kind>archive</kind>
         <file>rtsv7M4_T_le_v4SPD16_eabi.lib</file>
         <name>exit.c.obj</name>
      </input_file>
      <input_file id="fl-c9">
         <path>C:\ti\ccs1280\ccs\tools\compiler\ti-cgt-arm_20.2.7.LTS\lib\</path>
         <kind>archive</kind>
         <file>rtsv7M4_T_le_v4SPD16_eabi.lib</file>
         <name>_lock.c.obj</name>
      </input_file>
      <input_file id="fl-ca">
         <path>C:\ti\ccs1280\ccs\tools\compiler\ti-cgt-arm_20.2.7.LTS\lib\</path>
         <kind>archive</kind>
         <file>rtsv7M4_T_le_v4SPD16_eabi.lib</file>
         <name>args_main.c.obj</name>
      </input_file>
      <input_file id="fl-cb">
         <path>C:\ti\TivaWare_C_Series-2.2.0.295\driverlib\ccs\Debug\</path>
         <kind>archive</kind>
         <file>driverlib.lib</file>
         <name>cpu.obj</name>
      </input_file>
      <input_file id="fl-cc">
         <path>C:\ti\TivaWare_C_Series-2.2.0.295\driverlib\ccs\Debug\</path>
         <kind>archive</kind>
         <file>driverlib.lib</file>
         <name>interrupt.obj</name>
      </input_file>
   </input_file_list>
   <object_component_list>
      <object_component id="oc-12">
         <name>.intvecs</name>
         <load_address>0x0</load_address>
         <run_address>0x0</run_address>
         <size>0x26c</size>
         <input_file_ref idref="fl-4"/>
      </object_component>
      <object_component id="oc-9b">
         <name>.text</name>
         <load_address>0x26c</load_address>
         <run_address>0x26c</run_address>
         <size>0x1be0</size>
         <input_file_ref idref="fl-3"/>
      </object_component>
      <object_component id="oc-f7">
         <name>.text</name>
         <load_address>0x1e4c</load_address>
         <run_address>0x1e4c</run_address>
         <size>0x23c</size>
         <input_file_ref idref="fl-2"/>
      </object_component>
      <object_component id="oc-d5">
         <name>.text:IntDisable</name>
         <load_address>0x2088</load_address>
         <run_address>0x2088</run_address>
         <size>0x68</size>
         <input_file_ref idref="fl-cc"/>
      </object_component>
      <object_component id="oc-cf">
         <name>.text:IntEnable</name>
         <load_address>0x20f0</load_address>
         <run_address>0x20f0</run_address>
         <size>0x68</size>
         <input_file_ref idref="fl-cc"/>
      </object_component>
      <object_component id="oc-115">
         <name>.text:__TI_auto_init_nobinit_nopinit:__TI_auto_init_nobinit_nopinit</name>
         <load_address>0x2158</load_address>
         <run_address>0x2158</run_address>
         <size>0x44</size>
         <input_file_ref idref="fl-c5"/>
      </object_component>
      <object_component id="oc-c9">
         <name>.text:IntRegister</name>
         <load_address>0x219c</load_address>
         <run_address>0x219c</run_address>
         <size>0x34</size>
         <input_file_ref idref="fl-cc"/>
      </object_component>
      <object_component id="oc-59">
         <name>.text:_c_int00_noargs:_c_int00_noargs</name>
         <load_address>0x21d0</load_address>
         <run_address>0x21d0</run_address>
         <size>0x34</size>
         <input_file_ref idref="fl-c2"/>
      </object_component>
      <object_component id="oc-47">
         <name>.text:decompress:ZI:__TI_zero_init_nomemset:__TI_zero_init_nomemset</name>
         <load_address>0x2204</load_address>
         <run_address>0x2204</run_address>
         <size>0x1c</size>
         <input_file_ref idref="fl-bf"/>
      </object_component>
      <object_component id="oc-db">
         <name>.text:IntUnregister</name>
         <load_address>0x2220</load_address>
         <run_address>0x2220</run_address>
         <size>0x14</size>
         <input_file_ref idref="fl-cc"/>
      </object_component>
      <object_component id="oc-27">
         <name>.text</name>
         <load_address>0x2234</load_address>
         <run_address>0x2234</run_address>
         <size>0xc</size>
         <input_file_ref idref="fl-4"/>
      </object_component>
      <object_component id="oc-f6">
         <name>.text:SysCtlDelay</name>
         <load_address>0x2240</load_address>
         <run_address>0x2240</run_address>
         <size>0x6</size>
         <input_file_ref idref="fl-3"/>
      </object_component>
      <object_component id="oc-e7">
         <name>.text:CPUwfi</name>
         <load_address>0x2246</load_address>
         <run_address>0x2246</run_address>
         <size>0x4</size>
         <input_file_ref idref="fl-cb"/>
      </object_component>
      <object_component id="oc-95">
         <name>.text:_system_pre_init</name>
         <load_address>0x224a</load_address>
         <run_address>0x224a</run_address>
         <size>0x4</size>
         <input_file_ref idref="fl-c6"/>
      </object_component>
      <object_component id="oc-109">
         <name>.text:abort:abort</name>
         <load_address>0x224e</load_address>
         <run_address>0x224e</run_address>
         <size>0x4</size>
         <input_file_ref idref="fl-c8"/>
      </object_component>
      <object_component id="oc-15f">
         <name>.text:_IntDefaultHandler</name>
         <load_address>0x2252</load_address>
         <run_address>0x2252</run_address>
         <size>0x2</size>
         <input_file_ref idref="fl-cc"/>
      </object_component>
      <object_component id="oc-f3">
         <name>.const:g_pppui32XTALtoVCO</name>
         <load_address>0x2254</load_address>
         <run_address>0x2254</run_address>
         <size>0x1b0</size>
         <input_file_ref idref="fl-3"/>
      </object_component>
      <object_component id="oc-c6">
         <name>.const:g_ppui32GPIOIntMapSnowflake</name>
         <load_address>0x2404</load_address>
         <run_address>0x2404</run_address>
         <size>0xd8</size>
         <input_file_ref idref="fl-3"/>
      </object_component>
      <object_component id="oc-c3">
         <name>.const:g_ppui32GPIOIntMapBlizzard</name>
         <load_address>0x24dc</load_address>
         <run_address>0x24dc</run_address>
         <size>0xc0</size>
         <input_file_ref idref="fl-3"/>
      </object_component>
      <object_component id="oc-e1">
         <name>.const:g_pui32GPIOBaseAddrs</name>
         <load_address>0x259c</load_address>
         <run_address>0x259c</run_address>
         <size>0x90</size>
         <input_file_ref idref="fl-3"/>
      </object_component>
      <object_component id="oc-ed">
         <name>.const:g_pui32Xtals</name>
         <load_address>0x262c</load_address>
         <run_address>0x262c</run_address>
         <size>0x6c</size>
         <input_file_ref idref="fl-3"/>
      </object_component>
      <object_component id="oc-e4">
         <name>.const:g_sXTALtoMEMTIM</name>
         <load_address>0x2698</load_address>
         <run_address>0x2698</run_address>
         <size>0x30</size>
         <input_file_ref idref="fl-3"/>
      </object_component>
      <object_component id="oc-15b">
         <name>.const:g_pui32Dii16Regs</name>
         <load_address>0x26c8</load_address>
         <run_address>0x26c8</run_address>
         <size>0x14</size>
         <input_file_ref idref="fl-cc"/>
      </object_component>
      <object_component id="oc-157">
         <name>.const:g_pui32EnRegs</name>
         <load_address>0x26dc</load_address>
         <run_address>0x26dc</run_address>
         <size>0x14</size>
         <input_file_ref idref="fl-cc"/>
      </object_component>
      <object_component id="oc-f0">
         <name>.const:g_pui32VCOFrequencies</name>
         <load_address>0x26f0</load_address>
         <run_address>0x26f0</run_address>
         <size>0x8</size>
         <input_file_ref idref="fl-3"/>
      </object_component>
      <object_component id="oc-209">
         <name>.cinit..vtable.load</name>
         <load_address>0x26f8</load_address>
         <run_address>0x26f8</run_address>
         <size>0x8</size>
      </object_component>
      <object_component id="oc-207">
         <name>__TI_handler_table</name>
         <load_address>0x2700</load_address>
         <run_address>0x2700</run_address>
         <size>0x4</size>
      </object_component>
      <object_component id="oc-208">
         <name>__TI_cinit_table</name>
         <load_address>0x2704</load_address>
         <run_address>0x2704</run_address>
         <size>0x8</size>
      </object_component>
      <object_component id="oc-14d">
         <name>.vtable</name>
         <uninitialized>true</uninitialized>
         <run_address>0x20000000</run_address>
         <size>0x26c</size>
         <input_file_ref idref="fl-cc"/>
      </object_component>
      <object_component id="oc-24">
         <name>.stack</name>
         <uninitialized>true</uninitialized>
         <run_address>0x20000270</run_address>
         <size>0x4</size>
         <input_file_ref idref="fl-c2"/>
      </object_component>
      <object_component id="oc-20b">
         <name>.stack</name>
         <uninitialized>true</uninitialized>
         <run_address>0x20000270</run_address>
         <size>0x0</size>
      </object_component>
      <object_component id="oc-b2">
         <name>.debug_info</name>
         <load_address>0x0</load_address>
         <run_address>0x0</run_address>
         <size>0x33e</size>
         <input_file_ref idref="fl-2"/>
      </object_component>
      <object_component id="oc-f8">
         <name>.debug_info</name>
         <load_address>0x33e</load_address>
         <run_address>0x33e</run_address>
         <size>0x751</size>
         <input_file_ref idref="fl-2"/>
      </object_component>
      <object_component id="oc-70">
         <name>.debug_info</name>
         <load_address>0xa8f</load_address>
         <run_address>0xa8f</run_address>
         <size>0x26b</size>
         <input_file_ref idref="fl-2"/>
      </object_component>
      <object_component id="oc-36">
         <name>.debug_info</name>
         <load_address>0xcfa</load_address>
         <run_address>0xcfa</run_address>
         <size>0x84</size>
         <input_file_ref idref="fl-2"/>
      </object_component>
      <object_component id="oc-ad">
         <name>.debug_info</name>
         <load_address>0xd7e</load_address>
         <run_address>0xd7e</run_address>
         <size>0x2a4</size>
         <input_file_ref idref="fl-2"/>
      </object_component>
      <object_component id="oc-103">
         <name>.debug_info</name>
         <load_address>0x1022</load_address>
         <run_address>0x1022</run_address>
         <size>0xef</size>
         <input_file_ref idref="fl-2"/>
      </object_component>
      <object_component id="oc-75">
         <name>.debug_info</name>
         <load_address>0x1111</load_address>
         <run_address>0x1111</run_address>
         <size>0xbb</size>
         <input_file_ref idref="fl-2"/>
      </object_component>
      <object_component id="oc-108">
         <name>.debug_info</name>
         <load_address>0x11cc</load_address>
         <run_address>0x11cc</run_address>
         <size>0x450</size>
         <input_file_ref idref="fl-3"/>
      </object_component>
      <object_component id="oc-c4">
         <name>.debug_info</name>
         <load_address>0x161c</load_address>
         <run_address>0x161c</run_address>
         <size>0xf4</size>
         <input_file_ref idref="fl-3"/>
      </object_component>
      <object_component id="oc-c7">
         <name>.debug_info</name>
         <load_address>0x1710</load_address>
         <run_address>0x1710</run_address>
         <size>0xf6</size>
         <input_file_ref idref="fl-3"/>
      </object_component>
      <object_component id="oc-e2">
         <name>.debug_info</name>
         <load_address>0x1806</load_address>
         <run_address>0x1806</run_address>
         <size>0xe8</size>
         <input_file_ref idref="fl-3"/>
      </object_component>
      <object_component id="oc-ee">
         <name>.debug_info</name>
         <load_address>0x18ee</load_address>
         <run_address>0x18ee</run_address>
         <size>0xd8</size>
         <input_file_ref idref="fl-3"/>
      </object_component>
      <object_component id="oc-f4">
         <name>.debug_info</name>
         <load_address>0x19c6</load_address>
         <run_address>0x19c6</run_address>
         <size>0xe4</size>
         <input_file_ref idref="fl-3"/>
      </object_component>
      <object_component id="oc-e5">
         <name>.debug_info</name>
         <load_address>0x1aaa</load_address>
         <run_address>0x1aaa</run_address>
         <size>0xde</size>
         <input_file_ref idref="fl-3"/>
      </object_component>
      <object_component id="oc-f1">
         <name>.debug_info</name>
         <load_address>0x1b88</load_address>
         <run_address>0x1b88</run_address>
         <size>0xeb</size>
         <input_file_ref idref="fl-3"/>
      </object_component>
      <object_component id="oc-9c">
         <name>.debug_info</name>
         <load_address>0x1c73</load_address>
         <run_address>0x1c73</run_address>
         <size>0x76de</size>
         <input_file_ref idref="fl-3"/>
      </object_component>
      <object_component id="oc-174">
         <name>.debug_info</name>
         <load_address>0x9351</load_address>
         <run_address>0x9351</run_address>
         <size>0x51</size>
         <input_file_ref idref="fl-3"/>
      </object_component>
      <object_component id="oc-fe">
         <name>.debug_info</name>
         <load_address>0x93a2</load_address>
         <run_address>0x93a2</run_address>
         <size>0x8b</size>
         <input_file_ref idref="fl-3"/>
      </object_component>
      <object_component id="oc-2f">
         <name>.debug_info</name>
         <load_address>0x942d</load_address>
         <run_address>0x942d</run_address>
         <size>0x2ae</size>
         <input_file_ref idref="fl-4"/>
      </object_component>
      <object_component id="oc-13">
         <name>.debug_info</name>
         <load_address>0x96db</load_address>
         <run_address>0x96db</run_address>
         <size>0xed</size>
         <input_file_ref idref="fl-4"/>
      </object_component>
      <object_component id="oc-2a">
         <name>.debug_info</name>
         <load_address>0x97c8</load_address>
         <run_address>0x97c8</run_address>
         <size>0x269</size>
         <input_file_ref idref="fl-4"/>
      </object_component>
      <object_component id="oc-8e">
         <name>.debug_info</name>
         <load_address>0x9a31</load_address>
         <run_address>0x9a31</run_address>
         <size>0x2d4</size>
         <input_file_ref idref="fl-bf"/>
      </object_component>
      <object_component id="oc-4b">
         <name>.debug_info</name>
         <load_address>0x9d05</load_address>
         <run_address>0x9d05</run_address>
         <size>0x1d2</size>
         <input_file_ref idref="fl-bf"/>
      </object_component>
      <object_component id="oc-89">
         <name>.debug_info</name>
         <load_address>0x9ed7</load_address>
         <run_address>0x9ed7</run_address>
         <size>0x46</size>
         <input_file_ref idref="fl-bf"/>
      </object_component>
      <object_component id="oc-ba">
         <name>.debug_info</name>
         <load_address>0x9f1d</load_address>
         <run_address>0x9f1d</run_address>
         <size>0x2c</size>
         <input_file_ref idref="fl-bf"/>
      </object_component>
      <object_component id="oc-25">
         <name>.debug_info</name>
         <load_address>0x9f49</load_address>
         <run_address>0x9f49</run_address>
         <size>0x10b</size>
         <input_file_ref idref="fl-c2"/>
      </object_component>
      <object_component id="oc-5d">
         <name>.debug_info</name>
         <load_address>0xa054</load_address>
         <run_address>0xa054</run_address>
         <size>0x1a9</size>
         <input_file_ref idref="fl-c2"/>
      </object_component>
      <object_component id="oc-183">
         <name>.debug_info</name>
         <load_address>0xa1fd</load_address>
         <run_address>0xa1fd</run_address>
         <size>0x4b3</size>
         <input_file_ref idref="fl-c5"/>
      </object_component>
      <object_component id="oc-119">
         <name>.debug_info</name>
         <load_address>0xa6b0</load_address>
         <run_address>0xa6b0</run_address>
         <size>0x1a6</size>
         <input_file_ref idref="fl-c5"/>
      </object_component>
      <object_component id="oc-1bb">
         <name>.debug_info</name>
         <load_address>0xa856</load_address>
         <run_address>0xa856</run_address>
         <size>0x39</size>
         <input_file_ref idref="fl-c5"/>
      </object_component>
      <object_component id="oc-1d0">
         <name>.debug_info</name>
         <load_address>0xa88f</load_address>
         <run_address>0xa88f</run_address>
         <size>0x39</size>
         <input_file_ref idref="fl-c5"/>
      </object_component>
      <object_component id="oc-1c0">
         <name>.debug_info</name>
         <load_address>0xa8c8</load_address>
         <run_address>0xa8c8</run_address>
         <size>0x39</size>
         <input_file_ref idref="fl-c5"/>
      </object_component>
      <object_component id="oc-1c5">
         <name>.debug_info</name>
         <load_address>0xa901</load_address>
         <run_address>0xa901</run_address>
         <size>0xcd</size>
         <input_file_ref idref="fl-c5"/>
      </object_component>
      <object_component id="oc-96">
         <name>.debug_info</name>
         <load_address>0xa9ce</load_address>
         <run_address>0xa9ce</run_address>
         <size>0x153</size>
         <input_file_ref idref="fl-c6"/>
      </object_component>
      <object_component id="oc-10c">
         <name>.debug_info</name>
         <load_address>0xab21</load_address>
         <run_address>0xab21</run_address>
         <size>0x122</size>
         <input_file_ref idref="fl-c8"/>
      </object_component>
      <object_component id="oc-1cc">
         <name>.debug_info</name>
         <load_address>0xac43</load_address>
         <run_address>0xac43</run_address>
         <size>0x2d7</size>
         <input_file_ref idref="fl-cb"/>
      </object_component>
      <object_component id="oc-e9">
         <name>.debug_info</name>
         <load_address>0xaf1a</load_address>
         <run_address>0xaf1a</run_address>
         <size>0x213</size>
         <input_file_ref idref="fl-cb"/>
      </object_component>
      <object_component id="oc-1a1">
         <name>.debug_info</name>
         <load_address>0xb12d</load_address>
         <run_address>0xb12d</run_address>
         <size>0x26b</size>
         <input_file_ref idref="fl-cb"/>
      </object_component>
      <object_component id="oc-19a">
         <name>.debug_info</name>
         <load_address>0xb398</load_address>
         <run_address>0xb398</run_address>
         <size>0x297</size>
         <input_file_ref idref="fl-cb"/>
      </object_component>
      <object_component id="oc-151">
         <name>.debug_info</name>
         <load_address>0xb62f</load_address>
         <run_address>0xb62f</run_address>
         <size>0xbb</size>
         <input_file_ref idref="fl-cb"/>
      </object_component>
      <object_component id="oc-156">
         <name>.debug_info</name>
         <load_address>0xb6ea</load_address>
         <run_address>0xb6ea</run_address>
         <size>0x3b7</size>
         <input_file_ref idref="fl-cc"/>
      </object_component>
      <object_component id="oc-158">
         <name>.debug_info</name>
         <load_address>0xbaa1</load_address>
         <run_address>0xbaa1</run_address>
         <size>0x15b</size>
         <input_file_ref idref="fl-cc"/>
      </object_component>
      <object_component id="oc-15c">
         <name>.debug_info</name>
         <load_address>0xbbfc</load_address>
         <run_address>0xbbfc</run_address>
         <size>0x161</size>
         <input_file_ref idref="fl-cc"/>
      </object_component>
      <object_component id="oc-14e">
         <name>.debug_info</name>
         <load_address>0xbd5d</load_address>
         <run_address>0xbd5d</run_address>
         <size>0x160</size>
         <input_file_ref idref="fl-cc"/>
      </object_component>
      <object_component id="oc-160">
         <name>.debug_info</name>
         <load_address>0xbebd</load_address>
         <run_address>0xbebd</run_address>
         <size>0x22e</size>
         <input_file_ref idref="fl-cc"/>
      </object_component>
      <object_component id="oc-dc">
         <name>.debug_info</name>
         <load_address>0xc0eb</load_address>
         <run_address>0xc0eb</run_address>
         <size>0x279</size>
         <input_file_ref idref="fl-cc"/>
      </object_component>
      <object_component id="oc-ca">
         <name>.debug_info</name>
         <load_address>0xc364</load_address>
         <run_address>0xc364</run_address>
         <size>0x2ca</size>
         <input_file_ref idref="fl-cc"/>
      </object_component>
      <object_component id="oc-d1">
         <name>.debug_info</name>
         <load_address>0xc62e</load_address>
         <run_address>0xc62e</run_address>
         <size>0x271</size>
         <input_file_ref idref="fl-cc"/>
      </object_component>
      <object_component id="oc-d7">
         <name>.debug_info</name>
         <load_address>0xc89f</load_address>
         <run_address>0xc89f</run_address>
         <size>0x273</size>
         <input_file_ref idref="fl-cc"/>
      </object_component>
      <object_component id="oc-20c">
         <name>.debug_info</name>
         <load_address>0xcb12</load_address>
         <run_address>0xcb12</run_address>
         <size>0xa0</size>
      </object_component>
      <object_component id="oc-148">
         <name>.debug_line</name>
         <load_address>0x0</load_address>
         <run_address>0x0</run_address>
         <size>0x8e</size>
         <input_file_ref idref="fl-2"/>
      </object_component>
      <object_component id="oc-fc">
         <name>.debug_line</name>
         <load_address>0x8e</load_address>
         <run_address>0x8e</run_address>
         <size>0x130</size>
         <input_file_ref idref="fl-2"/>
      </object_component>
      <object_component id="oc-73">
         <name>.debug_line</name>
         <load_address>0x1be</load_address>
         <run_address>0x1be</run_address>
         <size>0x6f</size>
         <input_file_ref idref="fl-2"/>
      </object_component>
      <object_component id="oc-39">
         <name>.debug_line</name>
         <load_address>0x22d</load_address>
         <run_address>0x22d</run_address>
         <size>0x20</size>
         <input_file_ref idref="fl-2"/>
      </object_component>
      <object_component id="oc-b0">
         <name>.debug_line</name>
         <load_address>0x24d</load_address>
         <run_address>0x24d</run_address>
         <size>0x73</size>
         <input_file_ref idref="fl-2"/>
      </object_component>
      <object_component id="oc-106">
         <name>.debug_line</name>
         <load_address>0x2c0</load_address>
         <run_address>0x2c0</run_address>
         <size>0x6f</size>
         <input_file_ref idref="fl-2"/>
      </object_component>
      <object_component id="oc-78">
         <name>.debug_line</name>
         <load_address>0x32f</load_address>
         <run_address>0x32f</run_address>
         <size>0x70</size>
         <input_file_ref idref="fl-2"/>
      </object_component>
      <object_component id="oc-173">
         <name>.debug_line</name>
         <load_address>0x39f</load_address>
         <run_address>0x39f</run_address>
         <size>0xd4</size>
         <input_file_ref idref="fl-3"/>
      </object_component>
      <object_component id="oc-14a">
         <name>.debug_line</name>
         <load_address>0x473</load_address>
         <run_address>0x473</run_address>
         <size>0x56</size>
         <input_file_ref idref="fl-3"/>
      </object_component>
      <object_component id="oc-14c">
         <name>.debug_line</name>
         <load_address>0x4c9</load_address>
         <run_address>0x4c9</run_address>
         <size>0x56</size>
         <input_file_ref idref="fl-3"/>
      </object_component>
      <object_component id="oc-167">
         <name>.debug_line</name>
         <load_address>0x51f</load_address>
         <run_address>0x51f</run_address>
         <size>0x56</size>
         <input_file_ref idref="fl-3"/>
      </object_component>
      <object_component id="oc-16c">
         <name>.debug_line</name>
         <load_address>0x575</load_address>
         <run_address>0x575</run_address>
         <size>0x58</size>
         <input_file_ref idref="fl-3"/>
      </object_component>
      <object_component id="oc-170">
         <name>.debug_line</name>
         <load_address>0x5cd</load_address>
         <run_address>0x5cd</run_address>
         <size>0x58</size>
         <input_file_ref idref="fl-3"/>
      </object_component>
      <object_component id="oc-169">
         <name>.debug_line</name>
         <load_address>0x625</load_address>
         <run_address>0x625</run_address>
         <size>0x58</size>
         <input_file_ref idref="fl-3"/>
      </object_component>
      <object_component id="oc-16e">
         <name>.debug_line</name>
         <load_address>0x67d</load_address>
         <run_address>0x67d</run_address>
         <size>0x58</size>
         <input_file_ref idref="fl-3"/>
      </object_component>
      <object_component id="oc-9f">
         <name>.debug_line</name>
         <load_address>0x6d5</load_address>
         <run_address>0x6d5</run_address>
         <size>0x11c4</size>
         <input_file_ref idref="fl-3"/>
      </object_component>
      <object_component id="oc-176">
         <name>.debug_line</name>
         <load_address>0x1899</load_address>
         <run_address>0x1899</run_address>
         <size>0x58</size>
         <input_file_ref idref="fl-3"/>
      </object_component>
      <object_component id="oc-101">
         <name>.debug_line</name>
         <load_address>0x18f1</load_address>
         <run_address>0x18f1</run_address>
         <size>0x20</size>
         <input_file_ref idref="fl-3"/>
      </object_component>
      <object_component id="oc-6f">
         <name>.debug_line</name>
         <load_address>0x1911</load_address>
         <run_address>0x1911</run_address>
         <size>0x41</size>
         <input_file_ref idref="fl-4"/>
      </object_component>
      <object_component id="oc-2e">
         <name>.debug_line</name>
         <load_address>0x1952</load_address>
         <run_address>0x1952</run_address>
         <size>0x41</size>
         <input_file_ref idref="fl-4"/>
      </object_component>
      <object_component id="oc-28">
         <name>.debug_line</name>
         <load_address>0x1993</load_address>
         <run_address>0x1993</run_address>
         <size>0xa1</size>
         <input_file_ref idref="fl-4"/>
      </object_component>
      <object_component id="oc-c0">
         <name>.debug_line</name>
         <load_address>0x1a34</load_address>
         <run_address>0x1a34</run_address>
         <size>0x92</size>
         <input_file_ref idref="fl-bf"/>
      </object_component>
      <object_component id="oc-4a">
         <name>.debug_line</name>
         <load_address>0x1ac6</load_address>
         <run_address>0x1ac6</run_address>
         <size>0x4c</size>
         <input_file_ref idref="fl-bf"/>
      </object_component>
      <object_component id="oc-8c">
         <name>.debug_line</name>
         <load_address>0x1b12</load_address>
         <run_address>0x1b12</run_address>
         <size>0x34</size>
         <input_file_ref idref="fl-bf"/>
      </object_component>
      <object_component id="oc-bd">
         <name>.debug_line</name>
         <load_address>0x1b46</load_address>
         <run_address>0x1b46</run_address>
         <size>0x92</size>
         <input_file_ref idref="fl-bf"/>
      </object_component>
      <object_component id="oc-6c">
         <name>.debug_line</name>
         <load_address>0x1bd8</load_address>
         <run_address>0x1bd8</run_address>
         <size>0x33</size>
         <input_file_ref idref="fl-c2"/>
      </object_component>
      <object_component id="oc-5c">
         <name>.debug_line</name>
         <load_address>0x1c0b</load_address>
         <run_address>0x1c0b</run_address>
         <size>0x45</size>
         <input_file_ref idref="fl-c2"/>
      </object_component>
      <object_component id="oc-1ba">
         <name>.debug_line</name>
         <load_address>0x1c50</load_address>
         <run_address>0x1c50</run_address>
         <size>0xbf</size>
         <input_file_ref idref="fl-c5"/>
      </object_component>
      <object_component id="oc-117">
         <name>.debug_line</name>
         <load_address>0x1d0f</load_address>
         <run_address>0x1d0f</run_address>
         <size>0x6f</size>
         <input_file_ref idref="fl-c5"/>
      </object_component>
      <object_component id="oc-1be">
         <name>.debug_line</name>
         <load_address>0x1d7e</load_address>
         <run_address>0x1d7e</run_address>
         <size>0x2e</size>
         <input_file_ref idref="fl-c5"/>
      </object_component>
      <object_component id="oc-1d3">
         <name>.debug_line</name>
         <load_address>0x1dac</load_address>
         <run_address>0x1dac</run_address>
         <size>0x9a</size>
         <input_file_ref idref="fl-c5"/>
      </object_component>
      <object_component id="oc-1c3">
         <name>.debug_line</name>
         <load_address>0x1e46</load_address>
         <run_address>0x1e46</run_address>
         <size>0x97</size>
         <input_file_ref idref="fl-c5"/>
      </object_component>
      <object_component id="oc-1c8">
         <name>.debug_line</name>
         <load_address>0x1edd</load_address>
         <run_address>0x1edd</run_address>
         <size>0x93</size>
         <input_file_ref idref="fl-c5"/>
      </object_component>
      <object_component id="oc-9a">
         <name>.debug_line</name>
         <load_address>0x1f70</load_address>
         <run_address>0x1f70</run_address>
         <size>0x40</size>
         <input_file_ref idref="fl-c6"/>
      </object_component>
      <object_component id="oc-10e">
         <name>.debug_line</name>
         <load_address>0x1fb0</load_address>
         <run_address>0x1fb0</run_address>
         <size>0x3c</size>
         <input_file_ref idref="fl-c8"/>
      </object_component>
      <object_component id="oc-1dd">
         <name>.debug_line</name>
         <load_address>0x1fec</load_address>
         <run_address>0x1fec</run_address>
         <size>0x20</size>
         <input_file_ref idref="fl-cb"/>
      </object_component>
      <object_component id="oc-e8">
         <name>.debug_line</name>
         <load_address>0x200c</load_address>
         <run_address>0x200c</run_address>
         <size>0x8e</size>
         <input_file_ref idref="fl-cb"/>
      </object_component>
      <object_component id="oc-1a4">
         <name>.debug_line</name>
         <load_address>0x209a</load_address>
         <run_address>0x209a</run_address>
         <size>0x71</size>
         <input_file_ref idref="fl-cb"/>
      </object_component>
      <object_component id="oc-19d">
         <name>.debug_line</name>
         <load_address>0x210b</load_address>
         <run_address>0x210b</run_address>
         <size>0x75</size>
         <input_file_ref idref="fl-cb"/>
      </object_component>
      <object_component id="oc-154">
         <name>.debug_line</name>
         <load_address>0x2180</load_address>
         <run_address>0x2180</run_address>
         <size>0x72</size>
         <input_file_ref idref="fl-cb"/>
      </object_component>
      <object_component id="oc-1a0">
         <name>.debug_line</name>
         <load_address>0x21f2</load_address>
         <run_address>0x21f2</run_address>
         <size>0x7c</size>
         <input_file_ref idref="fl-cc"/>
      </object_component>
      <object_component id="oc-1a7">
         <name>.debug_line</name>
         <load_address>0x226e</load_address>
         <run_address>0x226e</run_address>
         <size>0x82</size>
         <input_file_ref idref="fl-cc"/>
      </object_component>
      <object_component id="oc-1a9">
         <name>.debug_line</name>
         <load_address>0x22f0</load_address>
         <run_address>0x22f0</run_address>
         <size>0x82</size>
         <input_file_ref idref="fl-cc"/>
      </object_component>
      <object_component id="oc-199">
         <name>.debug_line</name>
         <load_address>0x2372</load_address>
         <run_address>0x2372</run_address>
         <size>0x82</size>
         <input_file_ref idref="fl-cc"/>
      </object_component>
      <object_component id="oc-163">
         <name>.debug_line</name>
         <load_address>0x23f4</load_address>
         <run_address>0x23f4</run_address>
         <size>0x97</size>
         <input_file_ref idref="fl-cc"/>
      </object_component>
      <object_component id="oc-e0">
         <name>.debug_line</name>
         <load_address>0x248b</load_address>
         <run_address>0x248b</run_address>
         <size>0x97</size>
         <input_file_ref idref="fl-cc"/>
      </object_component>
      <object_component id="oc-ce">
         <name>.debug_line</name>
         <load_address>0x2522</load_address>
         <run_address>0x2522</run_address>
         <size>0xaf</size>
         <input_file_ref idref="fl-cc"/>
      </object_component>
      <object_component id="oc-d0">
         <name>.debug_line</name>
         <load_address>0x25d1</load_address>
         <run_address>0x25d1</run_address>
         <size>0xc2</size>
         <input_file_ref idref="fl-cc"/>
      </object_component>
      <object_component id="oc-d6">
         <name>.debug_line</name>
         <load_address>0x2693</load_address>
         <run_address>0x2693</run_address>
         <size>0xc2</size>
         <input_file_ref idref="fl-cc"/>
      </object_component>
      <object_component id="oc-fb">
         <name>.debug_frame</name>
         <load_address>0x0</load_address>
         <run_address>0x0</run_address>
         <size>0x108</size>
         <input_file_ref idref="fl-2"/>
      </object_component>
      <object_component id="oc-a0">
         <name>.debug_frame</name>
         <load_address>0x108</load_address>
         <run_address>0x108</run_address>
         <size>0xafc</size>
         <input_file_ref idref="fl-3"/>
      </object_component>
      <object_component id="oc-29">
         <name>.debug_frame</name>
         <load_address>0xc04</load_address>
         <run_address>0xc04</run_address>
         <size>0x90</size>
         <input_file_ref idref="fl-4"/>
      </object_component>
      <object_component id="oc-48">
         <name>.debug_frame</name>
         <load_address>0xc94</load_address>
         <run_address>0xc94</run_address>
         <size>0x54</size>
         <input_file_ref idref="fl-bf"/>
      </object_component>
      <object_component id="oc-5a">
         <name>.debug_frame</name>
         <load_address>0xce8</load_address>
         <run_address>0xce8</run_address>
         <size>0x50</size>
         <input_file_ref idref="fl-c2"/>
      </object_component>
      <object_component id="oc-118">
         <name>.debug_frame</name>
         <load_address>0xd38</load_address>
         <run_address>0xd38</run_address>
         <size>0x5c</size>
         <input_file_ref idref="fl-c5"/>
      </object_component>
      <object_component id="oc-99">
         <name>.debug_frame</name>
         <load_address>0xd94</load_address>
         <run_address>0xd94</run_address>
         <size>0x54</size>
         <input_file_ref idref="fl-c6"/>
      </object_component>
      <object_component id="oc-10b">
         <name>.debug_frame</name>
         <load_address>0xde8</load_address>
         <run_address>0xde8</run_address>
         <size>0x54</size>
         <input_file_ref idref="fl-c8"/>
      </object_component>
      <object_component id="oc-ec">
         <name>.debug_frame</name>
         <load_address>0xe3c</load_address>
         <run_address>0xe3c</run_address>
         <size>0x54</size>
         <input_file_ref idref="fl-cb"/>
      </object_component>
      <object_component id="oc-164">
         <name>.debug_frame</name>
         <load_address>0xe90</load_address>
         <run_address>0xe90</run_address>
         <size>0x54</size>
         <input_file_ref idref="fl-cc"/>
      </object_component>
      <object_component id="oc-df">
         <name>.debug_frame</name>
         <load_address>0xee4</load_address>
         <run_address>0xee4</run_address>
         <size>0x54</size>
         <input_file_ref idref="fl-cc"/>
      </object_component>
      <object_component id="oc-cd">
         <name>.debug_frame</name>
         <load_address>0xf38</load_address>
         <run_address>0xf38</run_address>
         <size>0x60</size>
         <input_file_ref idref="fl-cc"/>
      </object_component>
      <object_component id="oc-d4">
         <name>.debug_frame</name>
         <load_address>0xf98</load_address>
         <run_address>0xf98</run_address>
         <size>0x54</size>
         <input_file_ref idref="fl-cc"/>
      </object_component>
      <object_component id="oc-da">
         <name>.debug_frame</name>
         <load_address>0xfec</load_address>
         <run_address>0xfec</run_address>
         <size>0x54</size>
         <input_file_ref idref="fl-cc"/>
      </object_component>
      <object_component id="oc-147">
         <name>.debug_abbrev</name>
         <load_address>0x0</load_address>
         <run_address>0x0</run_address>
         <size>0x5a</size>
         <input_file_ref idref="fl-2"/>
      </object_component>
      <object_component id="oc-171">
         <name>.debug_abbrev</name>
         <load_address>0x5a</load_address>
         <run_address>0x5a</run_address>
         <size>0x7a</size>
         <input_file_ref idref="fl-2"/>
      </object_component>
      <object_component id="oc-72">
         <name>.debug_abbrev</name>
         <load_address>0xd4</load_address>
         <run_address>0xd4</run_address>
         <size>0x69</size>
         <input_file_ref idref="fl-2"/>
      </object_component>
      <object_component id="oc-38">
         <name>.debug_abbrev</name>
         <load_address>0x13d</load_address>
         <run_address>0x13d</run_address>
         <size>0x1f</size>
         <input_file_ref idref="fl-2"/>
      </object_component>
      <object_component id="oc-af">
         <name>.debug_abbrev</name>
         <load_address>0x15c</load_address>
         <run_address>0x15c</run_address>
         <size>0x5c</size>
         <input_file_ref idref="fl-2"/>
      </object_component>
      <object_component id="oc-105">
         <name>.debug_abbrev</name>
         <load_address>0x1b8</load_address>
         <run_address>0x1b8</run_address>
         <size>0x24</size>
         <input_file_ref idref="fl-2"/>
      </object_component>
      <object_component id="oc-77">
         <name>.debug_abbrev</name>
         <load_address>0x1dc</load_address>
         <run_address>0x1dc</run_address>
         <size>0x24</size>
         <input_file_ref idref="fl-2"/>
      </object_component>
      <object_component id="oc-172">
         <name>.debug_abbrev</name>
         <load_address>0x200</load_address>
         <run_address>0x200</run_address>
         <size>0xb4</size>
         <input_file_ref idref="fl-3"/>
      </object_component>
      <object_component id="oc-149">
         <name>.debug_abbrev</name>
         <load_address>0x2b4</load_address>
         <run_address>0x2b4</run_address>
         <size>0x27</size>
         <input_file_ref idref="fl-3"/>
      </object_component>
      <object_component id="oc-14b">
         <name>.debug_abbrev</name>
         <load_address>0x2db</load_address>
         <run_address>0x2db</run_address>
         <size>0x27</size>
         <input_file_ref idref="fl-3"/>
      </object_component>
      <object_component id="oc-166">
         <name>.debug_abbrev</name>
         <load_address>0x302</load_address>
         <run_address>0x302</run_address>
         <size>0x27</size>
         <input_file_ref idref="fl-3"/>
      </object_component>
      <object_component id="oc-16b">
         <name>.debug_abbrev</name>
         <load_address>0x329</load_address>
         <run_address>0x329</run_address>
         <size>0x27</size>
         <input_file_ref idref="fl-3"/>
      </object_component>
      <object_component id="oc-16f">
         <name>.debug_abbrev</name>
         <load_address>0x350</load_address>
         <run_address>0x350</run_address>
         <size>0x27</size>
         <input_file_ref idref="fl-3"/>
      </object_component>
      <object_component id="oc-168">
         <name>.debug_abbrev</name>
         <load_address>0x377</load_address>
         <run_address>0x377</run_address>
         <size>0x27</size>
         <input_file_ref idref="fl-3"/>
      </object_component>
      <object_component id="oc-16d">
         <name>.debug_abbrev</name>
         <load_address>0x39e</load_address>
         <run_address>0x39e</run_address>
         <size>0x27</size>
         <input_file_ref idref="fl-3"/>
      </object_component>
      <object_component id="oc-fd">
         <name>.debug_abbrev</name>
         <load_address>0x3c5</load_address>
         <run_address>0x3c5</run_address>
         <size>0x15d</size>
         <input_file_ref idref="fl-3"/>
      </object_component>
      <object_component id="oc-175">
         <name>.debug_abbrev</name>
         <load_address>0x522</load_address>
         <run_address>0x522</run_address>
         <size>0x38</size>
         <input_file_ref idref="fl-3"/>
      </object_component>
      <object_component id="oc-100">
         <name>.debug_abbrev</name>
         <load_address>0x55a</load_address>
         <run_address>0x55a</run_address>
         <size>0x1f</size>
         <input_file_ref idref="fl-3"/>
      </object_component>
      <object_component id="oc-6e">
         <name>.debug_abbrev</name>
         <load_address>0x579</load_address>
         <run_address>0x579</run_address>
         <size>0x68</size>
         <input_file_ref idref="fl-4"/>
      </object_component>
      <object_component id="oc-2d">
         <name>.debug_abbrev</name>
         <load_address>0x5e1</load_address>
         <run_address>0x5e1</run_address>
         <size>0x29</size>
         <input_file_ref idref="fl-4"/>
      </object_component>
      <object_component id="oc-6d">
         <name>.debug_abbrev</name>
         <load_address>0x60a</load_address>
         <run_address>0x60a</run_address>
         <size>0x79</size>
         <input_file_ref idref="fl-4"/>
      </object_component>
      <object_component id="oc-bf">
         <name>.debug_abbrev</name>
         <load_address>0x683</load_address>
         <run_address>0x683</run_address>
         <size>0x5d</size>
         <input_file_ref idref="fl-bf"/>
      </object_component>
      <object_component id="oc-88">
         <name>.debug_abbrev</name>
         <load_address>0x6e0</load_address>
         <run_address>0x6e0</run_address>
         <size>0x6f</size>
         <input_file_ref idref="fl-bf"/>
      </object_component>
      <object_component id="oc-8b">
         <name>.debug_abbrev</name>
         <load_address>0x74f</load_address>
         <run_address>0x74f</run_address>
         <size>0x24</size>
         <input_file_ref idref="fl-bf"/>
      </object_component>
      <object_component id="oc-bc">
         <name>.debug_abbrev</name>
         <load_address>0x773</load_address>
         <run_address>0x773</run_address>
         <size>0x24</size>
         <input_file_ref idref="fl-bf"/>
      </object_component>
      <object_component id="oc-6b">
         <name>.debug_abbrev</name>
         <load_address>0x797</load_address>
         <run_address>0x797</run_address>
         <size>0x29</size>
         <input_file_ref idref="fl-c2"/>
      </object_component>
      <object_component id="oc-a4">
         <name>.debug_abbrev</name>
         <load_address>0x7c0</load_address>
         <run_address>0x7c0</run_address>
         <size>0x55</size>
         <input_file_ref idref="fl-c2"/>
      </object_component>
      <object_component id="oc-1b9">
         <name>.debug_abbrev</name>
         <load_address>0x815</load_address>
         <run_address>0x815</run_address>
         <size>0xc0</size>
         <input_file_ref idref="fl-c5"/>
      </object_component>
      <object_component id="oc-182">
         <name>.debug_abbrev</name>
         <load_address>0x8d5</load_address>
         <run_address>0x8d5</run_address>
         <size>0x7e</size>
         <input_file_ref idref="fl-c5"/>
      </object_component>
      <object_component id="oc-1bd">
         <name>.debug_abbrev</name>
         <load_address>0x953</load_address>
         <run_address>0x953</run_address>
         <size>0x24</size>
         <input_file_ref idref="fl-c5"/>
      </object_component>
      <object_component id="oc-1d2">
         <name>.debug_abbrev</name>
         <load_address>0x977</load_address>
         <run_address>0x977</run_address>
         <size>0x24</size>
         <input_file_ref idref="fl-c5"/>
      </object_component>
      <object_component id="oc-1c2">
         <name>.debug_abbrev</name>
         <load_address>0x99b</load_address>
         <run_address>0x99b</run_address>
         <size>0x24</size>
         <input_file_ref idref="fl-c5"/>
      </object_component>
      <object_component id="oc-1c7">
         <name>.debug_abbrev</name>
         <load_address>0x9bf</load_address>
         <run_address>0x9bf</run_address>
         <size>0x4b</size>
         <input_file_ref idref="fl-c5"/>
      </object_component>
      <object_component id="oc-c2">
         <name>.debug_abbrev</name>
         <load_address>0xa0a</load_address>
         <run_address>0xa0a</run_address>
         <size>0x55</size>
         <input_file_ref idref="fl-c6"/>
      </object_component>
      <object_component id="oc-178">
         <name>.debug_abbrev</name>
         <load_address>0xa5f</load_address>
         <run_address>0xa5f</run_address>
         <size>0x45</size>
         <input_file_ref idref="fl-c8"/>
      </object_component>
      <object_component id="oc-1dc">
         <name>.debug_abbrev</name>
         <load_address>0xaa4</load_address>
         <run_address>0xaa4</run_address>
         <size>0x27</size>
         <input_file_ref idref="fl-cb"/>
      </object_component>
      <object_component id="oc-16a">
         <name>.debug_abbrev</name>
         <load_address>0xacb</load_address>
         <run_address>0xacb</run_address>
         <size>0x50</size>
         <input_file_ref idref="fl-cb"/>
      </object_component>
      <object_component id="oc-1a3">
         <name>.debug_abbrev</name>
         <load_address>0xb1b</load_address>
         <run_address>0xb1b</run_address>
         <size>0x69</size>
         <input_file_ref idref="fl-cb"/>
      </object_component>
      <object_component id="oc-19c">
         <name>.debug_abbrev</name>
         <load_address>0xb84</load_address>
         <run_address>0xb84</run_address>
         <size>0x5c</size>
         <input_file_ref idref="fl-cb"/>
      </object_component>
      <object_component id="oc-153">
         <name>.debug_abbrev</name>
         <load_address>0xbe0</load_address>
         <run_address>0xbe0</run_address>
         <size>0x24</size>
         <input_file_ref idref="fl-cb"/>
      </object_component>
      <object_component id="oc-19f">
         <name>.debug_abbrev</name>
         <load_address>0xc04</load_address>
         <run_address>0xc04</run_address>
         <size>0x99</size>
         <input_file_ref idref="fl-cc"/>
      </object_component>
      <object_component id="oc-1a6">
         <name>.debug_abbrev</name>
         <load_address>0xc9d</load_address>
         <run_address>0xc9d</run_address>
         <size>0x27</size>
         <input_file_ref idref="fl-cc"/>
      </object_component>
      <object_component id="oc-1a8">
         <name>.debug_abbrev</name>
         <load_address>0xcc4</load_address>
         <run_address>0xcc4</run_address>
         <size>0x27</size>
         <input_file_ref idref="fl-cc"/>
      </object_component>
      <object_component id="oc-198">
         <name>.debug_abbrev</name>
         <load_address>0xceb</load_address>
         <run_address>0xceb</run_address>
         <size>0x29</size>
         <input_file_ref idref="fl-cc"/>
      </object_component>
      <object_component id="oc-1aa">
         <name>.debug_abbrev</name>
         <load_address>0xd14</load_address>
         <run_address>0xd14</run_address>
         <size>0x40</size>
         <input_file_ref idref="fl-cc"/>
      </object_component>
      <object_component id="oc-165">
         <name>.debug_abbrev</name>
         <load_address>0xd54</load_address>
         <run_address>0xd54</run_address>
         <size>0x6c</size>
         <input_file_ref idref="fl-cc"/>
      </object_component>
      <object_component id="oc-150">
         <name>.debug_abbrev</name>
         <load_address>0xdc0</load_address>
         <run_address>0xdc0</run_address>
         <size>0x6c</size>
         <input_file_ref idref="fl-cc"/>
      </object_component>
      <object_component id="oc-15a">
         <name>.debug_abbrev</name>
         <load_address>0xe2c</load_address>
         <run_address>0xe2c</run_address>
         <size>0x6c</size>
         <input_file_ref idref="fl-cc"/>
      </object_component>
      <object_component id="oc-15e">
         <name>.debug_abbrev</name>
         <load_address>0xe98</load_address>
         <run_address>0xe98</run_address>
         <size>0x6c</size>
         <input_file_ref idref="fl-cc"/>
      </object_component>
      <object_component id="oc-20d">
         <name>.debug_abbrev</name>
         <load_address>0xf04</load_address>
         <run_address>0xf04</run_address>
         <size>0xf</size>
      </object_component>
      <object_component id="oc-74">
         <name>.debug_str</name>
         <load_address>0x0</load_address>
         <run_address>0x0</run_address>
         <size>0x2b1</size>
         <input_file_ref idref="fl-2"/>
      </object_component>
      <object_component id="oc-3a">
         <name>.debug_str</name>
         <load_address>0x2b1</load_address>
         <run_address>0x2b1</run_address>
         <size>0xfd</size>
         <input_file_ref idref="fl-2"/>
      </object_component>
      <object_component id="oc-b1">
         <name>.debug_str</name>
         <load_address>0x3ae</load_address>
         <run_address>0x3ae</run_address>
         <size>0x347</size>
         <input_file_ref idref="fl-2"/>
      </object_component>
      <object_component id="oc-107">
         <name>.debug_str</name>
         <load_address>0x6f5</load_address>
         <run_address>0x6f5</run_address>
         <size>0x1bc</size>
         <input_file_ref idref="fl-2"/>
      </object_component>
      <object_component id="oc-79">
         <name>.debug_str</name>
         <load_address>0x8b1</load_address>
         <run_address>0x8b1</run_address>
         <size>0x149</size>
         <input_file_ref idref="fl-2"/>
      </object_component>
      <object_component id="oc-177">
         <name>.debug_str</name>
         <load_address>0x9fa</load_address>
         <run_address>0x9fa</run_address>
         <size>0xe5</size>
         <input_file_ref idref="fl-3"/>
      </object_component>
      <object_component id="oc-102">
         <name>.debug_str</name>
         <load_address>0xadf</load_address>
         <run_address>0xadf</run_address>
         <size>0xfd</size>
         <input_file_ref idref="fl-3"/>
      </object_component>
      <object_component id="oc-8d">
         <name>.debug_str</name>
         <load_address>0xbdc</load_address>
         <run_address>0xbdc</run_address>
         <size>0x105</size>
         <input_file_ref idref="fl-bf"/>
      </object_component>
      <object_component id="oc-be">
         <name>.debug_str</name>
         <load_address>0xce1</load_address>
         <run_address>0xce1</run_address>
         <size>0x140</size>
         <input_file_ref idref="fl-bf"/>
      </object_component>
      <object_component id="oc-1bf">
         <name>.debug_str</name>
         <load_address>0xe21</load_address>
         <run_address>0xe21</run_address>
         <size>0xed</size>
         <input_file_ref idref="fl-c5"/>
      </object_component>
      <object_component id="oc-1d4">
         <name>.debug_str</name>
         <load_address>0xf0e</load_address>
         <run_address>0xf0e</run_address>
         <size>0x157</size>
         <input_file_ref idref="fl-c5"/>
      </object_component>
      <object_component id="oc-1c4">
         <name>.debug_str</name>
         <load_address>0x1065</load_address>
         <run_address>0x1065</run_address>
         <size>0x150</size>
         <input_file_ref idref="fl-c5"/>
      </object_component>
      <object_component id="oc-1c9">
         <name>.debug_str</name>
         <load_address>0x11b5</load_address>
         <run_address>0x11b5</run_address>
         <size>0x197</size>
         <input_file_ref idref="fl-c5"/>
      </object_component>
      <object_component id="oc-1a5">
         <name>.debug_str</name>
         <load_address>0x134c</load_address>
         <run_address>0x134c</run_address>
         <size>0x2df</size>
         <input_file_ref idref="fl-cb"/>
      </object_component>
      <object_component id="oc-19e">
         <name>.debug_str</name>
         <load_address>0x162b</load_address>
         <run_address>0x162b</run_address>
         <size>0x36e</size>
         <input_file_ref idref="fl-cb"/>
      </object_component>
      <object_component id="oc-155">
         <name>.debug_str</name>
         <load_address>0x1999</load_address>
         <run_address>0x1999</run_address>
         <size>0x177</size>
         <input_file_ref idref="fl-cb"/>
      </object_component>
      <object_component id="oc-fa">
         <name>.debug_aranges</name>
         <load_address>0x0</load_address>
         <run_address>0x0</run_address>
         <size>0x58</size>
         <input_file_ref idref="fl-2"/>
      </object_component>
      <object_component id="oc-9e">
         <name>.debug_aranges</name>
         <load_address>0x58</load_address>
         <run_address>0x58</run_address>
         <size>0x378</size>
         <input_file_ref idref="fl-3"/>
      </object_component>
      <object_component id="oc-2c">
         <name>.debug_aranges</name>
         <load_address>0x3d0</load_address>
         <run_address>0x3d0</run_address>
         <size>0x38</size>
         <input_file_ref idref="fl-4"/>
      </object_component>
      <object_component id="oc-49">
         <name>.debug_aranges</name>
         <load_address>0x408</load_address>
         <run_address>0x408</run_address>
         <size>0x20</size>
         <input_file_ref idref="fl-bf"/>
      </object_component>
      <object_component id="oc-5b">
         <name>.debug_aranges</name>
         <load_address>0x428</load_address>
         <run_address>0x428</run_address>
         <size>0x20</size>
         <input_file_ref idref="fl-c2"/>
      </object_component>
      <object_component id="oc-116">
         <name>.debug_aranges</name>
         <load_address>0x448</load_address>
         <run_address>0x448</run_address>
         <size>0x20</size>
         <input_file_ref idref="fl-c5"/>
      </object_component>
      <object_component id="oc-97">
         <name>.debug_aranges</name>
         <load_address>0x468</load_address>
         <run_address>0x468</run_address>
         <size>0x20</size>
         <input_file_ref idref="fl-c6"/>
      </object_component>
      <object_component id="oc-10a">
         <name>.debug_aranges</name>
         <load_address>0x488</load_address>
         <run_address>0x488</run_address>
         <size>0x20</size>
         <input_file_ref idref="fl-c8"/>
      </object_component>
      <object_component id="oc-ea">
         <name>.debug_aranges</name>
         <load_address>0x4a8</load_address>
         <run_address>0x4a8</run_address>
         <size>0x20</size>
         <input_file_ref idref="fl-cb"/>
      </object_component>
      <object_component id="oc-161">
         <name>.debug_aranges</name>
         <load_address>0x4c8</load_address>
         <run_address>0x4c8</run_address>
         <size>0x20</size>
         <input_file_ref idref="fl-cc"/>
      </object_component>
      <object_component id="oc-dd">
         <name>.debug_aranges</name>
         <load_address>0x4e8</load_address>
         <run_address>0x4e8</run_address>
         <size>0x20</size>
         <input_file_ref idref="fl-cc"/>
      </object_component>
      <object_component id="oc-cb">
         <name>.debug_aranges</name>
         <load_address>0x508</load_address>
         <run_address>0x508</run_address>
         <size>0x20</size>
         <input_file_ref idref="fl-cc"/>
      </object_component>
      <object_component id="oc-d2">
         <name>.debug_aranges</name>
         <load_address>0x528</load_address>
         <run_address>0x528</run_address>
         <size>0x20</size>
         <input_file_ref idref="fl-cc"/>
      </object_component>
      <object_component id="oc-d8">
         <name>.debug_aranges</name>
         <load_address>0x548</load_address>
         <run_address>0x548</run_address>
         <size>0x20</size>
         <input_file_ref idref="fl-cc"/>
      </object_component>
      <object_component id="oc-f9">
         <name>.debug_pubnames</name>
         <load_address>0x0</load_address>
         <run_address>0x0</run_address>
         <size>0x96</size>
         <input_file_ref idref="fl-2"/>
      </object_component>
      <object_component id="oc-c5">
         <name>.debug_pubnames</name>
         <load_address>0x96</load_address>
         <run_address>0x96</run_address>
         <size>0x31</size>
         <input_file_ref idref="fl-3"/>
      </object_component>
      <object_component id="oc-c8">
         <name>.debug_pubnames</name>
         <load_address>0xc7</load_address>
         <run_address>0xc7</run_address>
         <size>0x32</size>
         <input_file_ref idref="fl-3"/>
      </object_component>
      <object_component id="oc-e3">
         <name>.debug_pubnames</name>
         <load_address>0xf9</load_address>
         <run_address>0xf9</run_address>
         <size>0x2b</size>
         <input_file_ref idref="fl-3"/>
      </object_component>
      <object_component id="oc-ef">
         <name>.debug_pubnames</name>
         <load_address>0x124</load_address>
         <run_address>0x124</run_address>
         <size>0x23</size>
         <input_file_ref idref="fl-3"/>
      </object_component>
      <object_component id="oc-f5">
         <name>.debug_pubnames</name>
         <load_address>0x147</load_address>
         <run_address>0x147</run_address>
         <size>0x29</size>
         <input_file_ref idref="fl-3"/>
      </object_component>
      <object_component id="oc-e6">
         <name>.debug_pubnames</name>
         <load_address>0x170</load_address>
         <run_address>0x170</run_address>
         <size>0x26</size>
         <input_file_ref idref="fl-3"/>
      </object_component>
      <object_component id="oc-f2">
         <name>.debug_pubnames</name>
         <load_address>0x196</load_address>
         <run_address>0x196</run_address>
         <size>0x2c</size>
         <input_file_ref idref="fl-3"/>
      </object_component>
      <object_component id="oc-9d">
         <name>.debug_pubnames</name>
         <load_address>0x1c2</load_address>
         <run_address>0x1c2</run_address>
         <size>0x9ef</size>
         <input_file_ref idref="fl-3"/>
      </object_component>
      <object_component id="oc-14">
         <name>.debug_pubnames</name>
         <load_address>0xbb1</load_address>
         <run_address>0xbb1</run_address>
         <size>0x23</size>
         <input_file_ref idref="fl-4"/>
      </object_component>
      <object_component id="oc-2b">
         <name>.debug_pubnames</name>
         <load_address>0xbd4</load_address>
         <run_address>0xbd4</run_address>
         <size>0x4c</size>
         <input_file_ref idref="fl-4"/>
      </object_component>
      <object_component id="oc-4c">
         <name>.debug_pubnames</name>
         <load_address>0xc20</load_address>
         <run_address>0xc20</run_address>
         <size>0x2e</size>
         <input_file_ref idref="fl-bf"/>
      </object_component>
      <object_component id="oc-26">
         <name>.debug_pubnames</name>
         <load_address>0xc4e</load_address>
         <run_address>0xc4e</run_address>
         <size>0x1e</size>
         <input_file_ref idref="fl-c2"/>
      </object_component>
      <object_component id="oc-5e">
         <name>.debug_pubnames</name>
         <load_address>0xc6c</load_address>
         <run_address>0xc6c</run_address>
         <size>0x26</size>
         <input_file_ref idref="fl-c2"/>
      </object_component>
      <object_component id="oc-11a">
         <name>.debug_pubnames</name>
         <load_address>0xc92</load_address>
         <run_address>0xc92</run_address>
         <size>0x35</size>
         <input_file_ref idref="fl-c5"/>
      </object_component>
      <object_component id="oc-98">
         <name>.debug_pubnames</name>
         <load_address>0xcc7</load_address>
         <run_address>0xcc7</run_address>
         <size>0x27</size>
         <input_file_ref idref="fl-c6"/>
      </object_component>
      <object_component id="oc-10d">
         <name>.debug_pubnames</name>
         <load_address>0xcee</load_address>
         <run_address>0xcee</run_address>
         <size>0x1c</size>
         <input_file_ref idref="fl-c8"/>
      </object_component>
      <object_component id="oc-eb">
         <name>.debug_pubnames</name>
         <load_address>0xd0a</load_address>
         <run_address>0xd0a</run_address>
         <size>0x1d</size>
         <input_file_ref idref="fl-cb"/>
      </object_component>
      <object_component id="oc-159">
         <name>.debug_pubnames</name>
         <load_address>0xd27</load_address>
         <run_address>0xd27</run_address>
         <size>0x24</size>
         <input_file_ref idref="fl-cc"/>
      </object_component>
      <object_component id="oc-15d">
         <name>.debug_pubnames</name>
         <load_address>0xd4b</load_address>
         <run_address>0xd4b</run_address>
         <size>0x27</size>
         <input_file_ref idref="fl-cc"/>
      </object_component>
      <object_component id="oc-14f">
         <name>.debug_pubnames</name>
         <load_address>0xd72</load_address>
         <run_address>0xd72</run_address>
         <size>0x26</size>
         <input_file_ref idref="fl-cc"/>
      </object_component>
      <object_component id="oc-162">
         <name>.debug_pubnames</name>
         <load_address>0xd98</load_address>
         <run_address>0xd98</run_address>
         <size>0x29</size>
         <input_file_ref idref="fl-cc"/>
      </object_component>
      <object_component id="oc-de">
         <name>.debug_pubnames</name>
         <load_address>0xdc1</load_address>
         <run_address>0xdc1</run_address>
         <size>0x24</size>
         <input_file_ref idref="fl-cc"/>
      </object_component>
      <object_component id="oc-cc">
         <name>.debug_pubnames</name>
         <load_address>0xde5</load_address>
         <run_address>0xde5</run_address>
         <size>0x22</size>
         <input_file_ref idref="fl-cc"/>
      </object_component>
      <object_component id="oc-d3">
         <name>.debug_pubnames</name>
         <load_address>0xe07</load_address>
         <run_address>0xe07</run_address>
         <size>0x20</size>
         <input_file_ref idref="fl-cc"/>
      </object_component>
      <object_component id="oc-d9">
         <name>.debug_pubnames</name>
         <load_address>0xe27</load_address>
         <run_address>0xe27</run_address>
         <size>0x21</size>
         <input_file_ref idref="fl-cc"/>
      </object_component>
      <object_component id="oc-71">
         <name>.debug_pubtypes</name>
         <load_address>0x0</load_address>
         <run_address>0x0</run_address>
         <size>0x25c</size>
         <input_file_ref idref="fl-2"/>
      </object_component>
      <object_component id="oc-37">
         <name>.debug_pubtypes</name>
         <load_address>0x25c</load_address>
         <run_address>0x25c</run_address>
         <size>0xed</size>
         <input_file_ref idref="fl-2"/>
      </object_component>
      <object_component id="oc-ae">
         <name>.debug_pubtypes</name>
         <load_address>0x349</load_address>
         <run_address>0x349</run_address>
         <size>0x330</size>
         <input_file_ref idref="fl-2"/>
      </object_component>
      <object_component id="oc-104">
         <name>.debug_pubtypes</name>
         <load_address>0x679</load_address>
         <run_address>0x679</run_address>
         <size>0x12e</size>
         <input_file_ref idref="fl-2"/>
      </object_component>
      <object_component id="oc-76">
         <name>.debug_pubtypes</name>
         <load_address>0x7a7</load_address>
         <run_address>0x7a7</run_address>
         <size>0xaa</size>
         <input_file_ref idref="fl-2"/>
      </object_component>
      <object_component id="oc-ff">
         <name>.debug_pubtypes</name>
         <load_address>0x851</load_address>
         <run_address>0x851</run_address>
         <size>0xff</size>
         <input_file_ref idref="fl-3"/>
      </object_component>
      <object_component id="oc-8a">
         <name>.debug_pubtypes</name>
         <load_address>0x950</load_address>
         <run_address>0x950</run_address>
         <size>0x48</size>
         <input_file_ref idref="fl-bf"/>
      </object_component>
      <object_component id="oc-bb">
         <name>.debug_pubtypes</name>
         <load_address>0x998</load_address>
         <run_address>0x998</run_address>
         <size>0x1d</size>
         <input_file_ref idref="fl-bf"/>
      </object_component>
      <object_component id="oc-1bc">
         <name>.debug_pubtypes</name>
         <load_address>0x9b5</load_address>
         <run_address>0x9b5</run_address>
         <size>0x32</size>
         <input_file_ref idref="fl-c5"/>
      </object_component>
      <object_component id="oc-1d1">
         <name>.debug_pubtypes</name>
         <load_address>0x9e7</load_address>
         <run_address>0x9e7</run_address>
         <size>0x30</size>
         <input_file_ref idref="fl-c5"/>
      </object_component>
      <object_component id="oc-1c1">
         <name>.debug_pubtypes</name>
         <load_address>0xa17</load_address>
         <run_address>0xa17</run_address>
         <size>0x2c</size>
         <input_file_ref idref="fl-c5"/>
      </object_component>
      <object_component id="oc-1c6">
         <name>.debug_pubtypes</name>
         <load_address>0xa43</load_address>
         <run_address>0xa43</run_address>
         <size>0x50</size>
         <input_file_ref idref="fl-c5"/>
      </object_component>
      <object_component id="oc-1a2">
         <name>.debug_pubtypes</name>
         <load_address>0xa93</load_address>
         <run_address>0xa93</run_address>
         <size>0x25c</size>
         <input_file_ref idref="fl-cb"/>
      </object_component>
      <object_component id="oc-19b">
         <name>.debug_pubtypes</name>
         <load_address>0xcef</load_address>
         <run_address>0xcef</run_address>
         <size>0x325</size>
         <input_file_ref idref="fl-cb"/>
      </object_component>
      <object_component id="oc-152">
         <name>.debug_pubtypes</name>
         <load_address>0x1014</load_address>
         <run_address>0x1014</run_address>
         <size>0xaa</size>
         <input_file_ref idref="fl-cb"/>
      </object_component>
   </object_component_list>
   <logical_group_list>
      <logical_group id="lg-3" display="no" color="cyan">
         <name>.intvecs</name>
         <load_address>0x0</load_address>
         <run_address>0x0</run_address>
         <size>0x26c</size>
         <contents>
            <object_component_ref idref="oc-12"/>
         </contents>
      </logical_group>
      <logical_group id="lg-4" display="no" color="cyan">
         <name>.text</name>
         <load_address>0x26c</load_address>
         <run_address>0x26c</run_address>
         <size>0x1fe8</size>
         <contents>
            <object_component_ref idref="oc-9b"/>
            <object_component_ref idref="oc-f7"/>
            <object_component_ref idref="oc-d5"/>
            <object_component_ref idref="oc-cf"/>
            <object_component_ref idref="oc-115"/>
            <object_component_ref idref="oc-c9"/>
            <object_component_ref idref="oc-59"/>
            <object_component_ref idref="oc-47"/>
            <object_component_ref idref="oc-db"/>
            <object_component_ref idref="oc-27"/>
            <object_component_ref idref="oc-f6"/>
            <object_component_ref idref="oc-e7"/>
            <object_component_ref idref="oc-95"/>
            <object_component_ref idref="oc-109"/>
            <object_component_ref idref="oc-15f"/>
         </contents>
      </logical_group>
      <logical_group id="lg-5" display="no" color="cyan">
         <name>.const</name>
         <load_address>0x2254</load_address>
         <run_address>0x2254</run_address>
         <size>0x4a4</size>
         <contents>
            <object_component_ref idref="oc-f3"/>
            <object_component_ref idref="oc-c6"/>
            <object_component_ref idref="oc-c3"/>
            <object_component_ref idref="oc-e1"/>
            <object_component_ref idref="oc-ed"/>
            <object_component_ref idref="oc-e4"/>
            <object_component_ref idref="oc-15b"/>
            <object_component_ref idref="oc-157"/>
            <object_component_ref idref="oc-f0"/>
         </contents>
      </logical_group>
      <logical_group id="lg-6" display="no" color="cyan">
         <name>.cinit</name>
         <load_address>0x26f8</load_address>
         <run_address>0x26f8</run_address>
         <size>0x14</size>
         <contents>
            <object_component_ref idref="oc-209"/>
            <object_component_ref idref="oc-207"/>
            <object_component_ref idref="oc-208"/>
         </contents>
      </logical_group>
      <logical_group id="lg-7" display="no" color="cyan">
         <name>.pinit</name>
         <run_address>0x0</run_address>
         <size>0x0</size>
         <contents>
         </contents>
      </logical_group>
      <logical_group id="lg-8" display="no" color="cyan">
         <name>.init_array</name>
         <run_address>0x0</run_address>
         <size>0x0</size>
         <contents>
         </contents>
      </logical_group>
      <logical_group id="lg-9" display="no" color="cyan">
         <name>.vtable</name>
         <run_address>0x20000000</run_address>
         <size>0x26c</size>
         <contents>
            <object_component_ref idref="oc-14d"/>
         </contents>
      </logical_group>
      <logical_group id="lg-a" display="no" color="cyan">
         <name>.data</name>
         <run_address>0x0</run_address>
         <size>0x0</size>
         <contents>
         </contents>
      </logical_group>
      <logical_group id="lg-b" display="no" color="cyan">
         <name>.bss</name>
         <run_address>0x0</run_address>
         <size>0x0</size>
         <contents>
         </contents>
      </logical_group>
      <logical_group id="lg-c" display="no" color="cyan">
         <name>.sysmem</name>
         <run_address>0x0</run_address>
         <size>0x0</size>
         <contents>
         </contents>
      </logical_group>
      <logical_group id="lg-d" display="no" color="cyan">
         <name>.stack</name>
         <run_address>0x20000270</run_address>
         <size>0x200</size>
         <contents>
            <object_component_ref idref="oc-24"/>
            <object_component_ref idref="oc-20b"/>
         </contents>
      </logical_group>
      <logical_group id="lg-1de" display="no" color="cyan">
         <name>.TI.noinit</name>
         <run_address>0x0</run_address>
         <size>0x0</size>
         <contents>
         </contents>
      </logical_group>
      <logical_group id="lg-1df" display="no" color="cyan">
         <name>.TI.persistent</name>
         <run_address>0x0</run_address>
         <size>0x0</size>
         <contents>
         </contents>
      </logical_group>
      <logical_group id="lg-1e0" display="no" color="cyan">
         <name>__llvm_prf_cnts</name>
         <run_address>0x20000000</run_address>
         <size>0x0</size>
         <contents>
         </contents>
      </logical_group>
      <logical_group id="lg-1ef" display="never" color="cyan">
         <name>.debug_info</name>
         <load_address>0x0</load_address>
         <run_address>0x0</run_address>
         <size>0xcbb2</size>
         <contents>
            <object_component_ref idref="oc-b2"/>
            <object_component_ref idref="oc-f8"/>
            <object_component_ref idref="oc-70"/>
            <object_component_ref idref="oc-36"/>
            <object_component_ref idref="oc-ad"/>
            <object_component_ref idref="oc-103"/>
            <object_component_ref idref="oc-75"/>
            <object_component_ref idref="oc-108"/>
            <object_component_ref idref="oc-c4"/>
            <object_component_ref idref="oc-c7"/>
            <object_component_ref idref="oc-e2"/>
            <object_component_ref idref="oc-ee"/>
            <object_component_ref idref="oc-f4"/>
            <object_component_ref idref="oc-e5"/>
            <object_component_ref idref="oc-f1"/>
            <object_component_ref idref="oc-9c"/>
            <object_component_ref idref="oc-174"/>
            <object_component_ref idref="oc-fe"/>
            <object_component_ref idref="oc-2f"/>
            <object_component_ref idref="oc-13"/>
            <object_component_ref idref="oc-2a"/>
            <object_component_ref idref="oc-8e"/>
            <object_component_ref idref="oc-4b"/>
[...]
         <name>SysCtlFlashSizeGet</name>
         <value>0xf3f</value>
         <object_component_ref idref="oc-9b"/>
      </symbol>
      <symbol id="sm-260">
         <name>SysCtlPeripheralDeepSleepEnable</name>
         <value>0x121d</value>
         <object_component_ref idref="oc-9b"/>
      </symbol>
      <symbol id="sm-261">
         <name>GPIOIntRegister</name>
         <value>0x8f5</value>
         <object_component_ref idref="oc-9b"/>
      </symbol>
      <symbol id="sm-262">
         <name>SysCtlLDODeepSleepGet</name>
         <value>0x13af</value>
         <object_component_ref idref="oc-9b"/>
      </symbol>
      <symbol id="sm-263">
         <name>GPIOPinConfigure</name>
         <value>0xd79</value>
         <object_component_ref idref="oc-9b"/>
      </symbol>
      <symbol id="sm-264">
         <name>SysCtlFlashSectorSizeGet</name>
         <value>0xf6b</value>
         <object_component_ref idref="oc-9b"/>
      </symbol>
      <symbol id="sm-265">
         <name>GPIOPinTypeGPIOOutputOD</name>
         <value>0xb25</value>
         <object_component_ref idref="oc-9b"/>
      </symbol>
      <symbol id="sm-266">
         <name>GPIOPinTypeI2CSCL</name>
         <value>0xb91</value>
         <object_component_ref idref="oc-9b"/>
      </symbol>
      <symbol id="sm-267">
         <name>SysCtlIntDisable</name>
         <value>0x1349</value>
         <object_component_ref idref="oc-9b"/>
      </symbol>
      <symbol id="sm-268">
         <name>SysCtlResetBehaviorGet</name>
         <value>0x1495</value>
         <object_component_ref idref="oc-9b"/>
      </symbol>
      <symbol id="sm-269">
         <name>GPIOPinTypeUSBAnalog</name>
         <value>0xcd5</value>
         <object_component_ref idref="oc-9b"/>
      </symbol>
      <symbol id="sm-26a">
         <name>GPIOIntDisable</name>
         <value>0x8a5</value>
         <object_component_ref idref="oc-9b"/>
      </symbol>
      <symbol id="sm-26b">
         <name>SysCtlPeripheralPresent</name>
         <value>0xf91</value>
         <object_component_ref idref="oc-9b"/>
      </symbol>
      <symbol id="sm-26c">
         <name>GPIODirModeGet</name>
         <value>0x327</value>
         <object_component_ref idref="oc-9b"/>
      </symbol>
      <symbol id="sm-26d">
         <name>SysCtlDeepSleepClockSet</name>
         <value>0x1b4f</value>
         <object_component_ref idref="oc-9b"/>
      </symbol>
      <symbol id="sm-26e">
         <name>SysCtlClockSet</name>
         <value>0x17dd</value>
         <object_component_ref idref="oc-9b"/>
      </symbol>
      <symbol id="sm-26f">
         <name>GPIOPinTypeTrace</name>
         <value>0xc8d</value>
         <object_component_ref idref="oc-9b"/>
      </symbol>
      <symbol id="sm-270">
         <name>SysCtlAltClkConfig</name>
         <value>0x1db9</value>
         <object_component_ref idref="oc-9b"/>
      </symbol>
      <symbol id="sm-271">
         <name>SysCtlPeripheralClockGating</name>
         <value>0x12b5</value>
         <object_component_ref idref="oc-9b"/>
      </symbol>
      <symbol id="sm-272">
         <name>GPIOPinTypeWakeHigh</name>
         <value>0xd1d</value>
         <object_component_ref idref="oc-9b"/>
      </symbol>
      <symbol id="sm-273">
         <name>SysCtlIntStatus</name>
         <value>0x136d</value>
         <object_component_ref idref="oc-9b"/>
      </symbol>
      <symbol id="sm-274">
         <name>GPIOPinTypeWakeLow</name>
         <value>0xd43</value>
         <object_component_ref idref="oc-9b"/>
      </symbol>
      <symbol id="sm-275">
         <name>SysCtlIntClear</name>
         <value>0x135d</value>
         <object_component_ref idref="oc-9b"/>
      </symbol>
      <symbol id="sm-276">
         <name>SysCtlVoltageEventStatus</name>
         <value>0x1c8d</value>
         <object_component_ref idref="oc-9b"/>
      </symbol>
      <symbol id="sm-277">
         <name>SysCtlVoltageEventConfig</name>
         <value>0x1c7d</value>
         <object_component_ref idref="oc-9b"/>
      </symbol>
      <symbol id="sm-278">
         <name>SysCtlResetCauseGet</name>
         <value>0x1405</value>
         <object_component_ref idref="oc-9b"/>
      </symbol>
      <symbol id="sm-279">
         <name>SysCtlSleep</name>
         <value>0x13e1</value>
         <object_component_ref idref="oc-9b"/>
      </symbol>
      <symbol id="sm-27a">
         <name>GPIOIntEnable</name>
         <value>0x881</value>
         <object_component_ref idref="oc-9b"/>
      </symbol>
      <symbol id="sm-27b">
         <name>SysCtlPWMClockGet</name>
         <value>0x1c11</value>
         <object_component_ref idref="oc-9b"/>
      </symbol>
      <symbol id="sm-27c">
         <name>SysCtlDeepSleepPowerSet</name>
         <value>0x13c9</value>
         <object_component_ref idref="oc-9b"/>
      </symbol>
      <symbol id="sm-27d">
         <name>SysCtlClockOutConfig</name>
         <value>0x1d9d</value>
         <object_component_ref idref="oc-9b"/>
      </symbol>
      <symbol id="sm-27e">
         <name>GPIOPinTypeI2C</name>
         <value>0xb6d</value>
         <object_component_ref idref="oc-9b"/>
      </symbol>
      <symbol id="sm-27f">
         <name>GPIOPinTypeUSBDigital</name>
         <value>0xcf9</value>
         <object_component_ref idref="oc-9b"/>
      </symbol>
      <symbol id="sm-280">
         <name>GPIOIntTypeSet</name>
         <value>0x373</value>
         <object_component_ref idref="oc-9b"/>
      </symbol>
      <symbol id="sm-281">
         <name>GPIOPinTypeADC</name>
         <value>0x9b7</value>
         <object_component_ref idref="oc-9b"/>
      </symbol>
      <symbol id="sm-282">
         <name>SysCtlNMIStatus</name>
         <value>0x1d69</value>
         <object_component_ref idref="oc-9b"/>
      </symbol>
      <symbol id="sm-283">
         <name>GPIODMATriggerDisable</name>
         <value>0xdf5</value>
         <object_component_ref idref="oc-9b"/>
      </symbol>
      <symbol id="sm-284">
         <name>SysCtlDeepSleepClockConfigSet</name>
         <value>0x1b6d</value>
         <object_component_ref idref="oc-9b"/>
      </symbol>
      <symbol id="sm-285">
         <name>SysCtlDelay</name>
         <value>0x2241</value>
         <object_component_ref idref="oc-f6"/>
      </symbol>
      <symbol id="sm-286">
         <name>GPIOPinTypeGPIOInput</name>
         <value>0xad7</value>
         <object_component_ref idref="oc-9b"/>
      </symbol>
      <symbol id="sm-287">
         <name>SysCtlVoltageEventClear</name>
         <value>0x1c99</value>
         <object_component_ref idref="oc-9b"/>
      </symbol>
      <symbol id="sm-288">
         <name>SysCtlLDOSleepSet</name>
         <value>0x1389</value>
         <object_component_ref idref="oc-9b"/>
      </symbol>
      <symbol id="sm-289">
         <name>SysCtlMOSCConfigSet</name>
         <value>0x141f</value>
         <object_component_ref idref="oc-9b"/>
      </symbol>
      <symbol id="sm-28a">
         <name>SysCtlPeripheralEnable</name>
         <value>0x1119</value>
         <object_component_ref idref="oc-9b"/>
      </symbol>
      <symbol id="sm-28b">
         <name>SysCtlIntEnable</name>
         <value>0x1331</value>
         <object_component_ref idref="oc-9b"/>
      </symbol>
      <symbol id="sm-28c">
         <name>SysCtlNMIClear</name>
         <value>0x1d81</value>
         <object_component_ref idref="oc-9b"/>
      </symbol>
      <symbol id="sm-28d">
         <name>GPIOIntUnregisterPin</name>
         <value>0x95b</value>
         <object_component_ref idref="oc-9b"/>
      </symbol>
      <symbol id="sm-28e">
         <name>SysCtlPeripheralPowerOff</name>
         <value>0x104d</value>
         <object_component_ref idref="oc-9b"/>
      </symbol>
      <symbol id="sm-28f">
         <name>GPIOIntUnregister</name>
         <value>0x913</value>
         <object_component_ref idref="oc-9b"/>
      </symbol>
      <symbol id="sm-290">
         <name>SysCtlSleepPowerSet</name>
         <value>0x13b5</value>
         <object_component_ref idref="oc-9b"/>
      </symbol>
      <symbol id="sm-291">
         <name>GPIOPinTypeComparator</name>
         <value>0x9ff</value>
         <object_component_ref idref="oc-9b"/>
      </symbol>
      <symbol id="sm-292">
         <name>main</name>
         <value>0x1dc9</value>
         <object_component_ref idref="oc-9b"/>
      </symbol>
      <symbol id="sm-293">
         <name>GPIOPinTypeComparatorOutput</name>
         <value>0xa23</value>
         <object_component_ref idref="oc-9b"/>
      </symbol>
      <symbol id="sm-294">
         <name>GPIOPadConfigGet</name>
         <value>0x70f</value>
         <object_component_ref idref="oc-9b"/>
      </symbol>
      <symbol id="sm-295">
         <name>SysCtlDeepSleep</name>
         <value>0x13e9</value>
         <object_component_ref idref="oc-9b"/>
      </symbol>
      <symbol id="sm-296">
         <name>SysCtlLDODeepSleepSet</name>
         <value>0x139f</value>
         <object_component_ref idref="oc-9b"/>
      </symbol>
      <symbol id="sm-297">
         <name>SysCtlPeripheralPowerOn</name>
         <value>0x1011</value>
         <object_component_ref idref="oc-9b"/>
      </symbol>
      <symbol id="sm-298">
         <name>SysCtlPeripheralDeepSleepDisable</name>
         <value>0x1271</value>
         <object_component_ref idref="oc-9b"/>
      </symbol>
      <symbol id="sm-299">
         <name>GPIOPinTypeOneWire</name>
         <value>0xbd9</value>
         <object_component_ref idref="oc-9b"/>
      </symbol>
      <symbol id="sm-29a">
         <name>GPIOIntClear</name>
         <value>0x8e1</value>
         <object_component_ref idref="oc-9b"/>
      </symbol>
      <symbol id="sm-29b">
         <name>GPIOADCTriggerEnable</name>
         <value>0xe13</value>
         <object_component_ref idref="oc-9b"/>
      </symbol>
      <symbol id="sm-29c">
         <name>SysCtlPeripheralSleepDisable</name>
         <value>0x11e1</value>
         <object_component_ref idref="oc-9b"/>
      </symbol>
      <symbol id="sm-29d">
         <name>GPIOADCTriggerDisable</name>
         <value>0xe31</value>
         <object_component_ref idref="oc-9b"/>
      </symbol>
      <symbol id="sm-29e">
         <name>SysCtlVCOGet</name>
         <value>0x1cb1</value>
         <object_component_ref idref="oc-9b"/>
      </symbol>
      <symbol id="sm-29f">
         <name>GPIOPinTypeUART</name>
         <value>0xcb1</value>
         <object_component_ref idref="oc-9b"/>
      </symbol>
      <symbol id="sm-2a0">
         <name>SysCtlResetBehaviorSet</name>
         <value>0x1485</value>
         <object_component_ref idref="oc-9b"/>
      </symbol>
      <symbol id="sm-2a1">
         <name>SysCtlReset</name>
         <value>0x13d9</value>
         <object_component_ref idref="oc-9b"/>
      </symbol>
      <symbol id="sm-2a2">
         <name>GPIOIntRegisterPin</name>
         <value>0x92d</value>
         <object_component_ref idref="oc-9b"/>
      </symbol>
      <symbol id="sm-2a3">
         <name>GPIOIntStatus</name>
         <value>0x8bf</value>
         <object_component_ref idref="oc-9b"/>
      </symbol>
      <symbol id="sm-2a4">
         <name>GPIOPinTypeDIVSCLK</name>
         <value>0xa47</value>
         <object_component_ref idref="oc-9b"/>
      </symbol>
      <symbol id="sm-2a5">
         <name>GPIOPinTypeGPIOOutput</name>
         <value>0xafb</value>
         <object_component_ref idref="oc-9b"/>
      </symbol>
      <symbol id="sm-2a6">
         <name>GPIOIntTypeGet</name>
         <value>0x417</value>
         <object_component_ref idref="oc-9b"/>
      </symbol>
      <symbol id="sm-2a7">
         <name>GPIOPinRead</name>
         <value>0x97f</value>
         <object_component_ref idref="oc-9b"/>
      </symbol>
      <symbol id="sm-2a8">
         <name>GPIODirModeSet</name>
         <value>0x2cb</value>
         <object_component_ref idref="oc-9b"/>
      </symbol>
      <symbol id="sm-2a9">
         <name>SysCtlGPIOAHBDisable</name>
         <value>0x1c43</value>
         <object_component_ref idref="oc-9b"/>
      </symbol>
      <symbol id="sm-2aa">
         <name>SysCtlSRAMSizeGet</name>
         <value>0xf35</value>
         <object_component_ref idref="oc-9b"/>
      </symbol>
      <symbol id="sm-2ab">
         <name>SysCtlClockGet</name>
         <value>0x19ad</value>
         <object_component_ref idref="oc-9b"/>
      </symbol>
      <symbol id="sm-2ac">
         <name>SysCtlPeripheralDisable</name>
         <value>0x1159</value>
         <object_component_ref idref="oc-9b"/>
      </symbol>
      <symbol id="sm-2ad">
         <name>GPIOPinTypeQEI</name>
         <value>0xc21</value>
         <object_component_ref idref="oc-9b"/>
      </symbol>
      <symbol id="sm-2ae">
         <name>GPIOPinTypeHibernateRTCCLK</name>
         <value>0xb49</value>
         <object_component_ref idref="oc-9b"/>
      </symbol>
      <symbol id="sm-2af">
         <name>GPIODMATriggerEnable</name>
         <value>0xdd7</value>
         <object_component_ref idref="oc-9b"/>
      </symbol>
      <symbol id="sm-2b0">
         <name>GPIOPinTypeEthernetMII</name>
         <value>0xab3</value>
         <object_component_ref idref="oc-9b"/>
      </symbol>
      <symbol id="sm-2b1">
         <name>GPIOPinWrite</name>
         <value>0x997</value>
         <object_component_ref idref="oc-9b"/>
      </symbol>
      <symbol id="sm-2b2">
         <name>SysCtlPWMClockSet</name>
         <value>0x1bf7</value>
         <object_component_ref idref="oc-9b"/>
      </symbol>
      <symbol id="sm-2b3">
         <name>GPIOPadConfigSet</name>
         <value>0x4a1</value>
         <object_component_ref idref="oc-9b"/>
      </symbol>
      <symbol id="sm-2b4">
         <name>GPIOPinTypeLCD</name>
         <value>0xbb5</value>
         <object_component_ref idref="oc-9b"/>
      </symbol>
      <symbol id="sm-2b5">
         <name>GPIOPinTypeSSI</name>
         <value>0xc45</value>
         <object_component_ref idref="oc-9b"/>
      </symbol>
      <symbol id="sm-2b6">
         <name>SysCtlUSBPLLEnable</name>
         <value>0x1c5f</value>
         <object_component_ref idref="oc-9b"/>
      </symbol>
      <symbol id="sm-2b7">
         <name>SysCtlPeripheralSleepEnable</name>
         <value>0x119d</value>
         <object_component_ref idref="oc-9b"/>
      </symbol>
      <symbol id="sm-2b8">
         <name>SysCtlIntUnregister</name>
         <value>0x1321</value>
         <object_component_ref idref="oc-9b"/>
      </symbol>
      <symbol id="sm-2b9">
         <name>GPIOPinTypeTimer</name>
         <value>0xc69</value>
         <object_component_ref idref="oc-9b"/>
      </symbol>
      <symbol id="sm-2ba">
         <name>GPIOPinTypeCAN</name>
         <value>0x9db</value>
         <object_component_ref idref="oc-9b"/>
      </symbol>
      <symbol id="sm-2bb">
         <name>SysCtlUSBPLLDisable</name>
         <value>0x1c6b</value>
         <object_component_ref idref="oc-9b"/>
      </symbol>
      <symbol id="sm-2bc">
         <name>SysCtlPeripheralReady</name>
         <value>0xfd1</value>
         <object_component_ref idref="oc-9b"/>
      </symbol>
      <symbol id="sm-2bd">
         <name>SysCtlPIOSCCalibrate</name>
         <value>0x1435</value>
         <object_component_ref idref="oc-9b"/>
      </symbol>
      <symbol id="sm-2be">
         <name>SysCtlResetCauseClear</name>
         <value>0x140b</value>
         <object_component_ref idref="oc-9b"/>
      </symbol>
      <symbol id="sm-2bf">
         <name>SysCtlLDOSleepGet</name>
         <value>0x1399</value>
         <object_component_ref idref="oc-9b"/>
      </symbol>
      <symbol id="sm-2c0">
         <name>SysCtlClockFreqSet</name>
         <value>0x14e5</value>
         <object_component_ref idref="oc-9b"/>
      </symbol>
      <symbol id="sm-2c1">
         <name>SysCtlPeripheralReset</name>
         <value>0x1091</value>
         <object_component_ref idref="oc-9b"/>
      </symbol>
      <symbol id="sm-2c2">
         <name>GPIOPinTypeEPI</name>
         <value>0xa6b</value>
         <object_component_ref idref="oc-9b"/>
      </symbol>
      <symbol id="sm-2c3">
         <name>GPIOPinTypeEthernetLED</name>
         <value>0xa8f</value>
         <object_component_ref idref="oc-9b"/>
      </symbol>
      <symbol id="sm-2c4">
         <name>GPIOUnlockPin</name>
         <value>0xe4f</value>
         <object_component_ref idref="oc-9b"/>
      </symbol>
      <symbol id="sm-2c5">
         <name>GPIOPinWakeStatus</name>
         <value>0xd69</value>
         <object_component_ref idref="oc-9b"/>
      </symbol>
      <symbol id="sm-2e1">
         <name>ResetISR</name>
         <value>0x2235</value>
         <object_component_ref idref="oc-27"/>
      </symbol>
      <symbol id="sm-2e2">
         <name>g_pfnVectors</name>
         <value>0x0</value>
         <object_component_ref idref="oc-12"/>
      </symbol>
      <symbol id="sm-2fb">
         <name>__TI_zero_init_nomemset</name>
         <value>0x2205</value>
         <object_component_ref idref="oc-47"/>
      </symbol>
      <symbol id="sm-310">
         <name>__stack</name>
         <value>0x20000270</value>
         <object_component_ref idref="oc-24"/>
      </symbol>
      <symbol id="sm-311">
         <name>_c_int00_noargs</name>
         <value>0x21d1</value>
         <object_component_ref idref="oc-59"/>
      </symbol>
      <symbol id="sm-33b">
         <name>__TI_auto_init_nobinit_nopinit</name>
         <value>0x2159</value>
         <object_component_ref idref="oc-115"/>
      </symbol>
      <symbol id="sm-345">
         <name>_system_pre_init</name>
         <value>0x224b</value>
         <object_component_ref idref="oc-95"/>
      </symbol>
      <symbol id="sm-351">
         <name>C$$EXIT</name>
         <value>0x224f</value>
         <object_component_ref idref="oc-109"/>
      </symbol>
      <symbol id="sm-352">
         <name>abort</name>
         <value>0x224f</value>
         <object_component_ref idref="oc-109"/>
      </symbol>
      <symbol id="sm-370">
         <name>CPUwfi</name>
         <value>0x2247</value>
         <object_component_ref idref="oc-e7"/>
      </symbol>
      <symbol id="sm-3d0">
         <name>IntEnable</name>
         <value>0x20f1</value>
         <object_component_ref idref="oc-cf"/>
      </symbol>
      <symbol id="sm-3d1">
         <name>IntDisable</name>
         <value>0x2089</value>
         <object_component_ref idref="oc-d5"/>
      </symbol>
      <symbol id="sm-3d2">
         <name>IntRegister</name>
         <value>0x219d</value>
         <object_component_ref idref="oc-c9"/>
      </symbol>
      <symbol id="sm-3d3">
         <name>IntUnregister</name>
         <value>0x2221</value>
         <object_component_ref idref="oc-db"/>
      </symbol>
      <symbol id="sm-3d4">
         <name>g_pfnRAMVectors</name>
         <value>0x20000000</value>
         <object_component_ref idref="oc-14d"/>
      </symbol>
      <symbol id="sm-3d5">
         <name>__TI_static_base__</name>
         <value>0x0</value>
      </symbol>
      <symbol id="sm-3d7">
         <name>__mpu_init</name>
         <value>0x0</value>
      </symbol>
      <symbol id="sm-3d8">
         <name>_system_post_cinit</name>
         <value>0x0</value>
      </symbol>
   </symbol_table>
   <title>Link successful</title>
</link_info>
