******************************************************************************
                  TI ARM Linker PC v20.2.7                     
******************************************************************************
>> Linked Mon Nov 18 01:06:11 2024

OUTPUT FILE NAME:   <zamanlayici.out>
ENTRY POINT SYMBOL: "_c_int00_noargs"  address: 00000c2d


MEMORY CONFIGURATION

         name            origin    length      used     unused   attr    fill
----------------------  --------  ---------  --------  --------  ----  --------
  FLASH                 00000000   00040000  00000ea6  0003f15a  R  X
  SRAM                  20000000   00008000  00000478  00007b88  RW X


SEGMENT ALLOCATION MAP

run origin  load origin   length   init length attrs members
----------  ----------- ---------- ----------- ----- -------
00000000    00000000    00000ea8   00000ea8    r-x
  00000000    00000000    0000026c   0000026c    r-- .intvecs
  0000026c    0000026c    00000aea   00000aea    r-x .text
  00000d58    00000d58    00000120   00000120    r-- .const
  00000e78    00000e78    00000030   00000030    r-- .cinit
20000000    20000000    0000047c   00000000    rw-
  20000000    20000000    0000026c   00000000    rw- .vtable
  20000270    20000270    00000200   00000000    rw- .stack
  20000470    20000470    0000000c   00000000    rw- .data


SECTION ALLOCATION MAP

 output                                  attributes/
section   page    origin      length       input sections
--------  ----  ----------  ----------   ----------------
.intvecs   0    00000000    0000026c     
                  00000000    0000026c     tm4c123gh6pm_startup_ccs.obj (.intvecs)

.text      0    0000026c    00000aea     
                  0000026c    000001f0     zamanlayicisource.obj (.text)
                  0000045c    00000194     main.obj (.text)
                  000005f0    0000016c     driverlib.lib : gpio.obj (.text:GPIOPadConfigSet)
                  0000075c    00000118                   : sysctl.obj (.text:SysCtlClockGet)
                  00000874    000000f4                   : sysctl.obj (.text:SysCtlClockSet)
                  00000968    0000009c     rtsv7M4_T_le_v4SPD16_eabi.lib : memcpy_t2.asm.obj (.text)
                  00000a04    00000068     driverlib.lib : interrupt.obj (.text:IntEnable)
                  00000a6c    00000068     rtsv7M4_T_le_v4SPD16_eabi.lib : copy_decompress_lzss.c.obj (.text:decompress:lzss:__TI_decompress_lzss)
                  00000ad4    00000060     driverlib.lib : timer.obj (.text:TimerConfigure)
                  00000b34    0000004c                   : timer.obj (.text:_TimerIntNumberGet)
                  00000b80    00000044     rtsv7M4_T_le_v4SPD16_eabi.lib : autoinit.c.obj (.text:__TI_auto_init_nobinit_nopinit:__TI_auto_init_nobinit_nopinit)
                  00000bc4    00000034     driverlib.lib : interrupt.obj (.text:IntRegister)
                  00000bf8    00000034                   : sysctl.obj (.text:SysCtlPeripheralEnable)
                  00000c2c    00000034     rtsv7M4_T_le_v4SPD16_eabi.lib : boot_cortex_m.c.obj (.text:_c_int00_noargs:_c_int00_noargs)
                  00000c60    0000002c     driverlib.lib : gpio.obj (.text:GPIODirModeSet)
                  00000c8c    0000001c     rtsv7M4_T_le_v4SPD16_eabi.lib : copy_zero_init.c.obj (.text:decompress:ZI:__TI_zero_init_nomemset:__TI_zero_init_nomemset)
                  00000ca8    0000001a     driverlib.lib : gpio.obj (.text:GPIOPinTypeGPIOOutput)
                  00000cc2    00000018                   : timer.obj (.text:TimerIntRegister)
                  00000cda    00000012                   : timer.obj (.text:TimerLoadSet)
                  00000cec    00000010                   : interrupt.obj (.text:IntMasterEnable)
                  00000cfc    0000000e                   : timer.obj (.text:TimerEnable)
                  00000d0a    0000000e     rtsv7M4_T_le_v4SPD16_eabi.lib : copy_decompress_none.c.obj (.text:decompress:none:__TI_decompress_none)
                  00000d18    0000000c     driverlib.lib : cpu.obj (.text:CPUcpsie)
                  00000d24    0000000c     tm4c123gh6pm_startup_ccs.obj (.text)
                  00000d30    00000008     driverlib.lib : timer.obj (.text:TimerIntEnable)
                  00000d38    00000006                   : gpio.obj (.text:GPIOPinRead)
                  00000d3e    00000006                   : gpio.obj (.text:GPIOPinWrite)
                  00000d44    00000006                   : sysctl.obj (.text:SysCtlDelay)
                  00000d4a    00000004                   : timer.obj (.text:TimerIntClear)
                  00000d4e    00000004     rtsv7M4_T_le_v4SPD16_eabi.lib : pre_init.c.obj (.text:_system_pre_init)
                  00000d52    00000004                                   : exit.c.obj (.text:abort:abort)

.const     0    00000d58    00000120     
                  00000d58    0000006c     driverlib.lib : sysctl.obj (.const:g_pui32Xtals)
                  00000dc4    00000060                   : timer.obj (.const:g_ppui32TimerIntMap)
                  00000e24    00000040                   : timer.obj (.const:g_ppui32TimerIntMapSnowflake)
                  00000e64    00000014                   : interrupt.obj (.const:g_pui32EnRegs)

.cinit     0    00000e78    00000030     
                  00000e78    0000000c     (__TI_handler_table)
                  00000e84    00000004     --HOLE-- [fill = 0]
                  00000e88    00000008     (.cinit..vtable.load) [load image, compression = zero_init]
                  00000e90    00000007     (.cinit..data.load) [load image, compression = lzss]
                  00000e97    00000001     --HOLE-- [fill = 0]
                  00000e98    00000010     (__TI_cinit_table)

.init_array 
*          0    00000000    00000000     UNINITIALIZED

.vtable    0    20000000    0000026c     UNINITIALIZED
                  20000000    0000026c     driverlib.lib : interrupt.obj (.vtable)

.data      0    20000470    0000000c     UNINITIALIZED
                  20000470    0000000c     main.obj (.data)

.stack     0    20000270    00000200     UNINITIALIZED
                  20000270    00000004     rtsv7M4_T_le_v4SPD16_eabi.lib : boot_cortex_m.c.obj (.stack)
                  20000274    000001fc     --HOLE--

__llvm_prf_cnts 
*          0    20000000    00000000     UNINITIALIZED

MODULE SUMMARY

       Module                         code   ro data   rw data
       ------                         ----   -------   -------
    .\
       tm4c123gh6pm_startup_ccs.obj   12     620       0      
       zamanlayicisource.obj          496    0         0      
       main.obj                       404    0         12     
    +--+------------------------------+------+---------+---------+
       Total:                         912    620       12     
                                                              
    C:/ti/TivaWare_C_Series-2.2.0.295/driverlib/ccs/Debug/driverlib.lib
       interrupt.obj                  172    20        620    
       sysctl.obj                     582    108       0      
       gpio.obj                       446    0         0      
       timer.obj                      240    160       0      
       cpu.obj                        12     0         0      
    +--+------------------------------+------+---------+---------+
       Total:                         1452   288       620    
                                                              
    C:\ti\ccs1280\ccs\tools\compiler\ti-cgt-arm_20.2.7.LTS\lib\rtsv7M4_T_le_v4SPD16_eabi.lib
       memcpy_t2.asm.obj              156    0         0      
       copy_decompress_lzss.c.obj     104    0         0      
       autoinit.c.obj                 68     0         0      
       boot_cortex_m.c.obj            52     0         0      
       copy_zero_init.c.obj           28     0         0      
       copy_decompress_none.c.obj     14     0         0      
       exit.c.obj                     4      0         0      
       pre_init.c.obj                 4      0         0      
    +--+------------------------------+------+---------+---------+
       Total:                         430    0         0      
                                                              
       Stack:                         0      0         512    
       Linker Generated:              0      43        0      
    +--+------------------------------+------+---------+---------+
       Grand Total:                   2794   951       1144   


LINKER GENERATED COPY TABLES

__TI_cinit_table @ 00000e98 records: 2, size/record: 8, table size: 16
	.vtable: load addr=00000e88, load size=00000008 bytes, run addr=20000000, run size=0000026c bytes, compression=zero_init
	.data: load addr=00000e90, load size=00000007 bytes, run addr=20000470, run size=0000000c bytes, compression=lzss


LINKER GENERATED HANDLER TABLE

__TI_handler_table @ 00000e78 records: 3, size/record: 4, table size: 12
	index: 0, handler: __TI_zero_init
	index: 1, handler: __TI_decompress_lzss
	index: 2, handler: __TI_decompress_none


GLOBAL SYMBOLS: SORTED ALPHABETICALLY BY Name 

address   name                          
-------   ----                          
00000d53  C$$EXIT                       
00000d19  CPUcpsie                      
00000c61  GPIODirModeSet                
000005f1  GPIOPadConfigSet              
00000d39  GPIOPinRead                   
00000ca9  GPIOPinTypeGPIOOutput         
00000d3f  GPIOPinWrite                  
00000a05  IntEnable                     
00000ced  IntMasterEnable               
00000bc5  IntRegister                   
00000d25  ResetISR                      
00000469  SetInitSettings               
0000075d  SysCtlClockGet                
00000875  SysCtlClockSet                
00000d45  SysCtlDelay                   
00000bf9  SysCtlPeripheralEnable        
00000ad5  TimerConfigure                
00000cfd  TimerEnable                   
00000d4b  TimerIntClear                 
00000d31  TimerIntEnable                
00000cc3  TimerIntRegister              
00000cdb  TimerLoadSet                  
20000470  __STACK_END                   
00000200  __STACK_SIZE                  
20000470  __STACK_TOP                   
00000e98  __TI_CINIT_Base               
00000ea8  __TI_CINIT_Limit              
00000e78  __TI_Handler_Table_Base       
00000e84  __TI_Handler_Table_Limit      
00000b81  __TI_auto_init_nobinit_nopinit
00000a6d  __TI_decompress_lzss          
00000d0b  __TI_decompress_none          
ffffffff  __TI_pprof_out_hndl           
ffffffff  __TI_prof_data_size           
ffffffff  __TI_prof_data_start          
00000000  __TI_static_base__            
00000c8d  __TI_zero_init_nomemset       
00000969  __aeabi_memcpy                
00000969  __aeabi_memcpy4               
00000969  __aeabi_memcpy8               
ffffffff  __binit__                     
ffffffff  __c_args__                    
UNDEFED   __mpu_init                    
20000270  __stack                       
20000000  __start___llvm_prf_cnts       
20000000  __stop___llvm_prf_cnts        
00000c2d  _c_int00_noargs               
UNDEFED   _system_post_cinit            
00000d4f  _system_pre_init              
00000d53  abort                         
ffffffff  binit                         
20000474  dakika                        
0000054b  format_time                   
20000000  g_pfnRAMVectors               
00000000  g_pfnVectors                  
00000401  lcd_ilkAyarlar                
000002f1  lcd_karakterkomut             
0000026d  lcd_komut                     
00000391  lcd_temizle                   
00000375  lcd_yaz                       
0000045d  main                          
00000969  memcpy                        
000003a1  otuzhexgonder                 
20000470  saat                          
20000478  saniye                        
000004c1  timerkesmefonksiyonu          
000003d1  yirmihexgonder                


GLOBAL SYMBOLS: SORTED BY Symbol Address 

address   name                          
-------   ----                          
00000000  __TI_static_base__            
00000000  g_pfnVectors                  
00000200  __STACK_SIZE                  
0000026d  lcd_komut                     
000002f1  lcd_karakterkomut             
00000375  lcd_yaz                       
00000391  lcd_temizle                   
000003a1  otuzhexgonder                 
000003d1  yirmihexgonder                
00000401  lcd_ilkAyarlar                
0000045d  main                          
00000469  SetInitSettings               
000004c1  timerkesmefonksiyonu          
0000054b  format_time                   
000005f1  GPIOPadConfigSet              
0000075d  SysCtlClockGet                
00000875  SysCtlClockSet                
00000969  __aeabi_memcpy                
00000969  __aeabi_memcpy4               
00000969  __aeabi_memcpy8               
00000969  memcpy                        
00000a05  IntEnable                     
00000a6d  __TI_decompress_lzss          
00000ad5  TimerConfigure                
00000b81  __TI_auto_init_nobinit_nopinit
00000bc5  IntRegister                   
00000bf9  SysCtlPeripheralEnable        
00000c2d  _c_int00_noargs               
00000c61  GPIODirModeSet                
00000c8d  __TI_zero_init_nomemset       
00000ca9  GPIOPinTypeGPIOOutput         
00000cc3  TimerIntRegister              
00000cdb  TimerLoadSet                  
00000ced  IntMasterEnable               
00000cfd  TimerEnable                   
00000d0b  __TI_decompress_none          
00000d19  CPUcpsie                      
00000d25  ResetISR                      
00000d31  TimerIntEnable                
00000d39  GPIOPinRead                   
00000d3f  GPIOPinWrite                  
00000d45  SysCtlDelay                   
00000d4b  TimerIntClear                 
00000d4f  _system_pre_init              
00000d53  C$$EXIT                       
00000d53  abort                         
00000e78  __TI_Handler_Table_Base       
00000e84  __TI_Handler_Table_Limit      
00000e98  __TI_CINIT_Base               
00000ea8  __TI_CINIT_Limit              
20000000  __start___llvm_prf_cnts       
20000000  __stop___llvm_prf_cnts        
20000000  g_pfnRAMVectors               
20000270  __stack                       
20000470  __STACK_END                   
20000470  __STACK_TOP                   
20000470  saat                          
20000474  dakika                        
20000478  saniye                        
ffffffff  __TI_pprof_out_hndl           
ffffffff  __TI_prof_data_size           
ffffffff  __TI_prof_data_start          
ffffffff  __binit__                     
ffffffff  __c_args__                    
ffffffff  binit                         
UNDEFED   __mpu_init                    
UNDEFED   _system_post_cinit            

[67 symbols]
