******************************************************************************
                  TI ARM Linker PC v20.2.7                     
******************************************************************************
>> Linked Mon Nov  4 02:31:32 2024

OUTPUT FILE NAME:   <ledkodudeneme3apisiz2.out>
ENTRY POINT SYMBOL: "_c_int00_noargs"  address: 00002189


MEMORY CONFIGURATION

         name            origin    length      used     unused   attr    fill
----------------------  --------  ---------  --------  --------  ----  --------
  FLASH                 00000000   00040000  000026c4  0003d93c  R  X
  SRAM                  20000000   00008000  0000046c  00007b94  RW X


SEGMENT ALLOCATION MAP

run origin  load origin   length   init length attrs members
----------  ----------- ---------- ----------- ----- -------
00000000    00000000    000026c4   000026c4    r-x
  00000000    00000000    0000026c   0000026c    r-- .intvecs
  0000026c    0000026c    00001fa0   00001fa0    r-x .text
  0000220c    0000220c    000004a4   000004a4    r-- .const
  000026b0    000026b0    00000014   00000014    r-- .cinit
20000000    20000000    00000470   00000000    rw-
  20000000    20000000    0000026c   00000000    rw- .vtable
  20000270    20000270    00000200   00000000    rw- .stack


SECTION ALLOCATION MAP

 output                                  attributes/
section   page    origin      length       input sections
--------  ----  ----------  ----------   ----------------
.intvecs   0    00000000    0000026c     
                  00000000    0000026c     tm4c123gh6pm_startup_ccs.obj (.intvecs)

.text      0    0000026c    00001fa0     
                  0000026c    00001bc4     main.obj (.text)
                  00001e30    00000210     lcd.obj (.text)
                  00002040    00000068     driverlib.lib : interrupt.obj (.text:IntDisable)
                  000020a8    00000068                   : interrupt.obj (.text:IntEnable)
                  00002110    00000044     rtsv7M4_T_le_v4SPD16_eabi.lib : autoinit.c.obj (.text:__TI_auto_init_nobinit_nopinit:__TI_auto_init_nobinit_nopinit)
                  00002154    00000034     driverlib.lib : interrupt.obj (.text:IntRegister)
                  00002188    00000034     rtsv7M4_T_le_v4SPD16_eabi.lib : boot_cortex_m.c.obj (.text:_c_int00_noargs:_c_int00_noargs)
                  000021bc    0000001c                                   : copy_zero_init.c.obj (.text:decompress:ZI:__TI_zero_init_nomemset:__TI_zero_init_nomemset)
                  000021d8    00000014     driverlib.lib : interrupt.obj (.text:IntUnregister)
                  000021ec    0000000c     tm4c123gh6pm_startup_ccs.obj (.text)
                  000021f8    00000006     main.obj (.text:SysCtlDelay)
                  000021fe    00000004     driverlib.lib : cpu.obj (.text:CPUwfi)
                  00002202    00000004     rtsv7M4_T_le_v4SPD16_eabi.lib : pre_init.c.obj (.text:_system_pre_init)
                  00002206    00000004                                   : exit.c.obj (.text:abort:abort)
                  0000220a    00000002     driverlib.lib : interrupt.obj (.text:_IntDefaultHandler)

.const     0    0000220c    000004a4     
                  0000220c    000001b0     main.obj (.const:g_pppui32XTALtoVCO)
                  000023bc    000000d8     main.obj (.const:g_ppui32GPIOIntMapSnowflake)
                  00002494    000000c0     main.obj (.const:g_ppui32GPIOIntMapBlizzard)
                  00002554    00000090     main.obj (.const:g_pui32GPIOBaseAddrs)
                  000025e4    0000006c     main.obj (.const:g_pui32Xtals)
                  00002650    00000030     main.obj (.const:g_sXTALtoMEMTIM)
                  00002680    00000014     driverlib.lib : interrupt.obj (.const:g_pui32Dii16Regs)
                  00002694    00000014                   : interrupt.obj (.const:g_pui32EnRegs)
                  000026a8    00000008     main.obj (.const:g_pui32VCOFrequencies)

.cinit     0    000026b0    00000014     
                  000026b0    00000008     (.cinit..vtable.load) [load image, compression = zero_init]
                  000026b8    00000004     (__TI_handler_table)
                  000026bc    00000008     (__TI_cinit_table)

.init_array 
*          0    00000000    00000000     UNINITIALIZED

.vtable    0    20000000    0000026c     UNINITIALIZED
                  20000000    0000026c     driverlib.lib : interrupt.obj (.vtable)

.stack     0    20000270    00000200     UNINITIALIZED
                  20000270    00000004     rtsv7M4_T_le_v4SPD16_eabi.lib : boot_cortex_m.c.obj (.stack)
                  20000274    000001fc     --HOLE--

__llvm_prf_cnts 
*          0    20000000    00000000     UNINITIALIZED

MODULE SUMMARY

       Module                         code   ro data   rw data
       ------                         ----   -------   -------
    .\
       main.obj                       7114   1148      0      
       tm4c123gh6pm_startup_ccs.obj   12     620       0      
       lcd.obj                        528    0         0      
    +--+------------------------------+------+---------+---------+
       Total:                         7654   1768      0      
                                                              
    C:/ti/TivaWare_C_Series-2.2.0.295/driverlib/ccs/Debug/driverlib.lib
       interrupt.obj                  282    40        620    
       cpu.obj                        4      0         0      
    +--+------------------------------+------+---------+---------+
       Total:                         286    40        620    
                                                              
    C:\ti\ccs1280\ccs\tools\compiler\ti-cgt-arm_20.2.7.LTS\lib\rtsv7M4_T_le_v4SPD16_eabi.lib
       autoinit.c.obj                 68     0         0      
       boot_cortex_m.c.obj            52     0         0      
       copy_zero_init.c.obj           28     0         0      
       exit.c.obj                     4      0         0      
       pre_init.c.obj                 4      0         0      
    +--+------------------------------+------+---------+---------+
       Total:                         156    0         0      
                                                              
       Stack:                         0      0         512    
       Linker Generated:              0      20        0      
    +--+------------------------------+------+---------+---------+
       Grand Total:                   8096   1828      1132   


LINKER GENERATED COPY TABLES

__TI_cinit_table @ 000026bc records: 1, size/record: 8, table size: 8
	.vtable: load addr=000026b0, load size=00000008 bytes, run addr=20000000, run size=0000026c bytes, compression=zero_init


LINKER GENERATED HANDLER TABLE

__TI_handler_table @ 000026b8 records: 1, size/record: 4, table size: 4
	index: 0, handler: __TI_zero_init


GLOBAL SYMBOLS: SORTED ALPHABETICALLY BY Name 

address   name                            
-------   ----                            
00002207  C$$EXIT                         
000021ff  CPUwfi                          
00000e31  GPIOADCTriggerDisable           
00000e13  GPIOADCTriggerEnable            
00000df5  GPIODMATriggerDisable           
00000dd7  GPIODMATriggerEnable            
00000327  GPIODirModeGet                  
000002cb  GPIODirModeSet                  
000008e1  GPIOIntClear                    
000008a5  GPIOIntDisable                  
00000881  GPIOIntEnable                   
000008f5  GPIOIntRegister                 
0000092d  GPIOIntRegisterPin              
000008bf  GPIOIntStatus                   
00000417  GPIOIntTypeGet                  
00000373  GPIOIntTypeSet                  
00000913  GPIOIntUnregister               
0000095b  GPIOIntUnregisterPin            
0000070f  GPIOPadConfigGet                
000004a1  GPIOPadConfigSet                
00000d79  GPIOPinConfigure                
0000097f  GPIOPinRead                     
000009b7  GPIOPinTypeADC                  
000009db  GPIOPinTypeCAN                  
000009ff  GPIOPinTypeComparator           
00000a23  GPIOPinTypeComparatorOutput     
00000a47  GPIOPinTypeDIVSCLK              
00000a6b  GPIOPinTypeEPI                  
00000a8f  GPIOPinTypeEthernetLED          
00000ab3  GPIOPinTypeEthernetMII          
00000ad7  GPIOPinTypeGPIOInput            
00000afb  GPIOPinTypeGPIOOutput           
00000b25  GPIOPinTypeGPIOOutputOD         
00000b49  GPIOPinTypeHibernateRTCCLK      
00000b6d  GPIOPinTypeI2C                  
00000b91  GPIOPinTypeI2CSCL               
00000bb5  GPIOPinTypeLCD                  
00000bd9  GPIOPinTypeOneWire              
00000bfd  GPIOPinTypePWM                  
00000c21  GPIOPinTypeQEI                  
00000c45  GPIOPinTypeSSI                  
00000c69  GPIOPinTypeTimer                
00000c8d  GPIOPinTypeTrace                
00000cb1  GPIOPinTypeUART                 
00000cd5  GPIOPinTypeUSBAnalog            
00000cf9  GPIOPinTypeUSBDigital           
00000d1d  GPIOPinTypeWakeHigh             
00000d43  GPIOPinTypeWakeLow              
00000d69  GPIOPinWakeStatus               
00000997  GPIOPinWrite                    
00000e4f  GPIOUnlockPin                   
00002041  IntDisable                      
000020a9  IntEnable                       
00002155  IntRegister                     
000021d9  IntUnregister                   
000021ed  ResetISR                        
00001db9  SysCtlAltClkConfig              
000014e5  SysCtlClockFreqSet              
000019ad  SysCtlClockGet                  
00001d9d  SysCtlClockOutConfig            
000017dd  SysCtlClockSet                  
000013e9  SysCtlDeepSleep                 
00001b6d  SysCtlDeepSleepClockConfigSet   
00001b4f  SysCtlDeepSleepClockSet         
000013c9  SysCtlDeepSleepPowerSet         
000021f9  SysCtlDelay                     
00000f6b  SysCtlFlashSectorSizeGet        
00000f3f  SysCtlFlashSizeGet              
00001c43  SysCtlGPIOAHBDisable            
00001c27  SysCtlGPIOAHBEnable             
0000135d  SysCtlIntClear                  
00001349  SysCtlIntDisable                
00001331  SysCtlIntEnable                 
0000130d  SysCtlIntRegister               
0000136d  SysCtlIntStatus                 
00001321  SysCtlIntUnregister             
000013af  SysCtlLDODeepSleepGet           
0000139f  SysCtlLDODeepSleepSet           
00001399  SysCtlLDOSleepGet               
00001389  SysCtlLDOSleepSet               
0000141f  SysCtlMOSCConfigSet             
00001d81  SysCtlNMIClear                  
00001d69  SysCtlNMIStatus                 
00001435  SysCtlPIOSCCalibrate            
00001c11  SysCtlPWMClockGet               
00001bf7  SysCtlPWMClockSet               
000012b5  SysCtlPeripheralClockGating     
00001271  SysCtlPeripheralDeepSleepDisable
0000121d  SysCtlPeripheralDeepSleepEnable 
00001159  SysCtlPeripheralDisable         
00001119  SysCtlPeripheralEnable          
0000104d  SysCtlPeripheralPowerOff        
00001011  SysCtlPeripheralPowerOn         
00000f91  SysCtlPeripheralPresent         
00000fd1  SysCtlPeripheralReady           
00001091  SysCtlPeripheralReset           
000011e1  SysCtlPeripheralSleepDisable    
0000119d  SysCtlPeripheralSleepEnable     
000013d9  SysCtlReset                     
00001495  SysCtlResetBehaviorGet          
00001485  SysCtlResetBehaviorSet          
0000140b  SysCtlResetCauseClear           
00001405  SysCtlResetCauseGet             
00000f35  SysCtlSRAMSizeGet               
000013e1  SysCtlSleep                     
000013b5  SysCtlSleepPowerSet             
00001c6b  SysCtlUSBPLLDisable             
00001c5f  SysCtlUSBPLLEnable              
00001cb1  SysCtlVCOGet                    
00001c99  SysCtlVoltageEventClear         
00001c7d  SysCtlVoltageEventConfig        
00001c8d  SysCtlVoltageEventStatus        
20000470  __STACK_END                     
00000200  __STACK_SIZE                    
20000470  __STACK_TOP                     
000026bc  __TI_CINIT_Base                 
000026c4  __TI_CINIT_Limit                
000026b8  __TI_Handler_Table_Base         
000026bc  __TI_Handler_Table_Limit        
00002111  __TI_auto_init_nobinit_nopinit  
ffffffff  __TI_pprof_out_hndl             
ffffffff  __TI_prof_data_size             
ffffffff  __TI_prof_data_start            
00000000  __TI_static_base__              
000021bd  __TI_zero_init_nomemset         
ffffffff  __binit__                       
ffffffff  __c_args__                      
UNDEFED   __mpu_init                      
20000270  __stack                         
20000000  __start___llvm_prf_cnts         
20000000  __stop___llvm_prf_cnts          
00002189  _c_int00_noargs                 
UNDEFED   _system_post_cinit              
00002203  _system_pre_init                
00002207  abort                           
ffffffff  binit                           
20000000  g_pfnRAMVectors                 
00000000  g_pfnVectors                    
00001ed5  lcd_git                         
00001e79  lcd_ilkAyarlar                  
00001fbd  lcd_karakterkomut               
00001f4b  lcd_komut                       
00001f1f  lcd_temizle                     
00001f2f  lcd_yaz                         
00001dc9  main                            
00001e31  otuzhexgonder                   
00001e55  yirmihexgonder                  


GLOBAL SYMBOLS: SORTED BY Symbol Address 

address   name                            
-------   ----                            
00000000  __TI_static_base__              
00000000  g_pfnVectors                    
00000200  __STACK_SIZE                    
000002cb  GPIODirModeSet                  
00000327  GPIODirModeGet                  
00000373  GPIOIntTypeSet                  
00000417  GPIOIntTypeGet                  
000004a1  GPIOPadConfigSet                
0000070f  GPIOPadConfigGet                
00000881  GPIOIntEnable                   
000008a5  GPIOIntDisable                  
000008bf  GPIOIntStatus                   
000008e1  GPIOIntClear                    
000008f5  GPIOIntRegister                 
00000913  GPIOIntUnregister               
0000092d  GPIOIntRegisterPin              
0000095b  GPIOIntUnregisterPin            
0000097f  GPIOPinRead                     
00000997  GPIOPinWrite                    
000009b7  GPIOPinTypeADC                  
000009db  GPIOPinTypeCAN                  
000009ff  GPIOPinTypeComparator           
00000a23  GPIOPinTypeComparatorOutput     
00000a47  GPIOPinTypeDIVSCLK              
00000a6b  GPIOPinTypeEPI                  
00000a8f  GPIOPinTypeEthernetLED          
00000ab3  GPIOPinTypeEthernetMII          
00000ad7  GPIOPinTypeGPIOInput            
00000afb  GPIOPinTypeGPIOOutput           
00000b25  GPIOPinTypeGPIOOutputOD         
00000b49  GPIOPinTypeHibernateRTCCLK      
00000b6d  GPIOPinTypeI2C                  
00000b91  GPIOPinTypeI2CSCL               
00000bb5  GPIOPinTypeLCD                  
00000bd9  GPIOPinTypeOneWire              
00000bfd  GPIOPinTypePWM                  
00000c21  GPIOPinTypeQEI                  
00000c45  GPIOPinTypeSSI                  
00000c69  GPIOPinTypeTimer                
00000c8d  GPIOPinTypeTrace                
00000cb1  GPIOPinTypeUART                 
00000cd5  GPIOPinTypeUSBAnalog            
00000cf9  GPIOPinTypeUSBDigital           
00000d1d  GPIOPinTypeWakeHigh             
00000d43  GPIOPinTypeWakeLow              
00000d69  GPIOPinWakeStatus               
00000d79  GPIOPinConfigure                
00000dd7  GPIODMATriggerEnable            
00000df5  GPIODMATriggerDisable           
00000e13  GPIOADCTriggerEnable            
00000e31  GPIOADCTriggerDisable           
00000e4f  GPIOUnlockPin                   
00000f35  SysCtlSRAMSizeGet               
00000f3f  SysCtlFlashSizeGet              
00000f6b  SysCtlFlashSectorSizeGet        
00000f91  SysCtlPeripheralPresent         
00000fd1  SysCtlPeripheralReady           
00001011  SysCtlPeripheralPowerOn         
0000104d  SysCtlPeripheralPowerOff        
00001091  SysCtlPeripheralReset           
00001119  SysCtlPeripheralEnable          
00001159  SysCtlPeripheralDisable         
0000119d  SysCtlPeripheralSleepEnable     
000011e1  SysCtlPeripheralSleepDisable    
0000121d  SysCtlPeripheralDeepSleepEnable 
00001271  SysCtlPeripheralDeepSleepDisable
000012b5  SysCtlPeripheralClockGating     
0000130d  SysCtlIntRegister               
00001321  SysCtlIntUnregister             
00001331  SysCtlIntEnable                 
00001349  SysCtlIntDisable                
0000135d  SysCtlIntClear                  
0000136d  SysCtlIntStatus                 
00001389  SysCtlLDOSleepSet               
00001399  SysCtlLDOSleepGet               
0000139f  SysCtlLDODeepSleepSet           
000013af  SysCtlLDODeepSleepGet           
000013b5  SysCtlSleepPowerSet             
000013c9  SysCtlDeepSleepPowerSet         
000013d9  SysCtlReset                     
000013e1  SysCtlSleep                     
000013e9  SysCtlDeepSleep                 
00001405  SysCtlResetCauseGet             
0000140b  SysCtlResetCauseClear           
0000141f  SysCtlMOSCConfigSet             
00001435  SysCtlPIOSCCalibrate            
00001485  SysCtlResetBehaviorSet          
00001495  SysCtlResetBehaviorGet          
000014e5  SysCtlClockFreqSet              
000017dd  SysCtlClockSet                  
000019ad  SysCtlClockGet                  
00001b4f  SysCtlDeepSleepClockSet         
00001b6d  SysCtlDeepSleepClockConfigSet   
00001bf7  SysCtlPWMClockSet               
00001c11  SysCtlPWMClockGet               
00001c27  SysCtlGPIOAHBEnable             
00001c43  SysCtlGPIOAHBDisable            
00001c5f  SysCtlUSBPLLEnable              
00001c6b  SysCtlUSBPLLDisable             
00001c7d  SysCtlVoltageEventConfig        
00001c8d  SysCtlVoltageEventStatus        
00001c99  SysCtlVoltageEventClear         
00001cb1  SysCtlVCOGet                    
00001d69  SysCtlNMIStatus                 
00001d81  SysCtlNMIClear                  
00001d9d  SysCtlClockOutConfig            
00001db9  SysCtlAltClkConfig              
00001dc9  main                            
00001e31  otuzhexgonder                   
00001e55  yirmihexgonder                  
00001e79  lcd_ilkAyarlar                  
00001ed5  lcd_git                         
00001f1f  lcd_temizle                     
00001f2f  lcd_yaz                         
00001f4b  lcd_komut                       
00001fbd  lcd_karakterkomut               
00002041  IntDisable                      
000020a9  IntEnable                       
00002111  __TI_auto_init_nobinit_nopinit  
00002155  IntRegister                     
00002189  _c_int00_noargs                 
000021bd  __TI_zero_init_nomemset         
000021d9  IntUnregister                   
000021ed  ResetISR                        
000021f9  SysCtlDelay                     
000021ff  CPUwfi                          
00002203  _system_pre_init                
00002207  C$$EXIT                         
00002207  abort                           
000026b8  __TI_Handler_Table_Base         
000026bc  __TI_CINIT_Base                 
000026bc  __TI_Handler_Table_Limit        
000026c4  __TI_CINIT_Limit                
20000000  __start___llvm_prf_cnts         
20000000  __stop___llvm_prf_cnts          
20000000  g_pfnRAMVectors                 
20000270  __stack                         
20000470  __STACK_END                     
20000470  __STACK_TOP                     
ffffffff  __TI_pprof_out_hndl             
ffffffff  __TI_prof_data_size             
ffffffff  __TI_prof_data_start            
ffffffff  __binit__                       
ffffffff  __c_args__                      
ffffffff  binit                           
UNDEFED   __mpu_init                      
UNDEFED   _system_post_cinit              

[147 symbols]
